<!doctype html public "-//w3c//dtd html 4.0 transitional//en">
<html><head>
<title>Static Call Graph - [.\Objects\GD32F407.axf]</title></head>
<body><HR>
<H1>Static Call Graph for image .\Objects\GD32F407.axf</H1><HR>
<BR><P>#&#060CALLGRAPH&#062# ARM Linker, 6240002: Last Updated: Wed Jan 21 21:08:59 2026
<BR><P>
<H3>Maximum Stack Usage =       2848 bytes + Unknown(Cycles, Untraceable Function Pointers)</H3><H3>
Call chain for Maximum Stack Depth:</H3>
cmd_ps &rArr; Stream_Printf &rArr; vsnprintf
<P>
<H3>
Mutually Recursive functions
</H3> <LI><a href="#[1c]">ADC_IRQHandler</a>&nbsp;&nbsp;&nbsp;&rArr;&nbsp;&nbsp;&nbsp;<a href="#[1c]">ADC_IRQHandler</a><BR>
 <LI><a href="#[4]">BusFault_Handler</a>&nbsp;&nbsp;&nbsp;&rArr;&nbsp;&nbsp;&nbsp;<a href="#[4]">BusFault_Handler</a><BR>
 <LI><a href="#[7]">DebugMon_Handler</a>&nbsp;&nbsp;&nbsp;&rArr;&nbsp;&nbsp;&nbsp;<a href="#[7]">DebugMon_Handler</a><BR>
 <LI><a href="#[3]">MemManage_Handler</a>&nbsp;&nbsp;&nbsp;&rArr;&nbsp;&nbsp;&nbsp;<a href="#[3]">MemManage_Handler</a><BR>
 <LI><a href="#[1]">NMI_Handler</a>&nbsp;&nbsp;&nbsp;&rArr;&nbsp;&nbsp;&nbsp;<a href="#[1]">NMI_Handler</a><BR>
 <LI><a href="#[82]">Platform_IdleTask_Hook</a>&nbsp;&nbsp;&nbsp;&rArr;&nbsp;&nbsp;&nbsp;<a href="#[82]">Platform_IdleTask_Hook</a><BR>
 <LI><a href="#[5]">UsageFault_Handler</a>&nbsp;&nbsp;&nbsp;&rArr;&nbsp;&nbsp;&nbsp;<a href="#[5]">UsageFault_Handler</a><BR>
 <LI><a href="#[60]">boot_default_idle_task</a>&nbsp;&nbsp;&nbsp;&rArr;&nbsp;&nbsp;&nbsp;<a href="#[60]">boot_default_idle_task</a><BR>
</UL>
<P>
<H3>
Function Pointers
</H3><UL>
 <LI><a href="#[1c]">ADC_IRQHandler</a> from startup_gd32f407_427.o(.text) referenced from startup_gd32f407_427.o(RESET)
 <LI><a href="#[5e]">AsyncWriter_Task</a> from myrtos_asyncio.o(.text.AsyncWriter_Task) referenced 2 times from myrtos_asyncio.o(.text.AsyncIOService_Init)
 <LI><a href="#[4]">BusFault_Handler</a> from gd32f4xx_it.o(.text.BusFault_Handler) referenced from startup_gd32f407_427.o(RESET)
 <LI><a href="#[20]">CAN0_EWMC_IRQHandler</a> from startup_gd32f407_427.o(.text) referenced from startup_gd32f407_427.o(RESET)
 <LI><a href="#[1e]">CAN0_RX0_IRQHandler</a> from startup_gd32f407_427.o(.text) referenced from startup_gd32f407_427.o(RESET)
 <LI><a href="#[1f]">CAN0_RX1_IRQHandler</a> from startup_gd32f407_427.o(.text) referenced from startup_gd32f407_427.o(RESET)
 <LI><a href="#[1d]">CAN0_TX_IRQHandler</a> from startup_gd32f407_427.o(.text) referenced from startup_gd32f407_427.o(RESET)
 <LI><a href="#[4c]">CAN1_EWMC_IRQHandler</a> from startup_gd32f407_427.o(.text) referenced from startup_gd32f407_427.o(RESET)
 <LI><a href="#[4a]">CAN1_RX0_IRQHandler</a> from startup_gd32f407_427.o(.text) referenced from startup_gd32f407_427.o(RESET)
 <LI><a href="#[4b]">CAN1_RX1_IRQHandler</a> from startup_gd32f407_427.o(.text) referenced from startup_gd32f407_427.o(RESET)
 <LI><a href="#[49]">CAN1_TX_IRQHandler</a> from startup_gd32f407_427.o(.text) referenced from startup_gd32f407_427.o(RESET)
 <LI><a href="#[58]">DCI_IRQHandler</a> from startup_gd32f407_427.o(.text) referenced from startup_gd32f407_427.o(RESET)
 <LI><a href="#[15]">DMA0_Channel0_IRQHandler</a> from startup_gd32f407_427.o(.text) referenced from startup_gd32f407_427.o(RESET)
 <LI><a href="#[16]">DMA0_Channel1_IRQHandler</a> from startup_gd32f407_427.o(.text) referenced from startup_gd32f407_427.o(RESET)
 <LI><a href="#[17]">DMA0_Channel2_IRQHandler</a> from startup_gd32f407_427.o(.text) referenced from startup_gd32f407_427.o(RESET)
 <LI><a href="#[18]">DMA0_Channel3_IRQHandler</a> from startup_gd32f407_427.o(.text) referenced from startup_gd32f407_427.o(RESET)
 <LI><a href="#[19]">DMA0_Channel4_IRQHandler</a> from startup_gd32f407_427.o(.text) referenced from startup_gd32f407_427.o(RESET)
 <LI><a href="#[1a]">DMA0_Channel5_IRQHandler</a> from startup_gd32f407_427.o(.text) referenced from startup_gd32f407_427.o(RESET)
 <LI><a href="#[1b]">DMA0_Channel6_IRQHandler</a> from startup_gd32f407_427.o(.text) referenced from startup_gd32f407_427.o(RESET)
 <LI><a href="#[39]">DMA0_Channel7_IRQHandler</a> from startup_gd32f407_427.o(.text) referenced from startup_gd32f407_427.o(RESET)
 <LI><a href="#[42]">DMA1_Channel0_IRQHandler</a> from startup_gd32f407_427.o(.text) referenced from startup_gd32f407_427.o(RESET)
 <LI><a href="#[43]">DMA1_Channel1_IRQHandler</a> from startup_gd32f407_427.o(.text) referenced from startup_gd32f407_427.o(RESET)
 <LI><a href="#[44]">DMA1_Channel2_IRQHandler</a> from startup_gd32f407_427.o(.text) referenced from startup_gd32f407_427.o(RESET)
 <LI><a href="#[45]">DMA1_Channel3_IRQHandler</a> from startup_gd32f407_427.o(.text) referenced from startup_gd32f407_427.o(RESET)
 <LI><a href="#[46]">DMA1_Channel4_IRQHandler</a> from startup_gd32f407_427.o(.text) referenced from startup_gd32f407_427.o(RESET)
 <LI><a href="#[4e]">DMA1_Channel5_IRQHandler</a> from startup_gd32f407_427.o(.text) referenced from startup_gd32f407_427.o(RESET)
 <LI><a href="#[4f]">DMA1_Channel6_IRQHandler</a> from startup_gd32f407_427.o(.text) referenced from startup_gd32f407_427.o(RESET)
 <LI><a href="#[50]">DMA1_Channel7_IRQHandler</a> from startup_gd32f407_427.o(.text) referenced from startup_gd32f407_427.o(RESET)
 <LI><a href="#[7]">DebugMon_Handler</a> from gd32f4xx_it.o(.text.DebugMon_Handler) referenced from startup_gd32f407_427.o(RESET)
 <LI><a href="#[47]">ENET_IRQHandler</a> from startup_gd32f407_427.o(.text) referenced from startup_gd32f407_427.o(RESET)
 <LI><a href="#[48]">ENET_WKUP_IRQHandler</a> from startup_gd32f407_427.o(.text) referenced from startup_gd32f407_427.o(RESET)
 <LI><a href="#[3a]">EXMC_IRQHandler</a> from startup_gd32f407_427.o(.text) referenced from startup_gd32f407_427.o(RESET)
 <LI><a href="#[10]">EXTI0_IRQHandler</a> from main.o(.text.EXTI0_IRQHandler) referenced from startup_gd32f407_427.o(RESET)
 <LI><a href="#[32]">EXTI10_15_IRQHandler</a> from startup_gd32f407_427.o(.text) referenced from startup_gd32f407_427.o(RESET)
 <LI><a href="#[11]">EXTI1_IRQHandler</a> from startup_gd32f407_427.o(.text) referenced from startup_gd32f407_427.o(RESET)
 <LI><a href="#[12]">EXTI2_IRQHandler</a> from startup_gd32f407_427.o(.text) referenced from startup_gd32f407_427.o(RESET)
 <LI><a href="#[13]">EXTI3_IRQHandler</a> from startup_gd32f407_427.o(.text) referenced from startup_gd32f407_427.o(RESET)
 <LI><a href="#[14]">EXTI4_IRQHandler</a> from startup_gd32f407_427.o(.text) referenced from startup_gd32f407_427.o(RESET)
 <LI><a href="#[21]">EXTI5_9_IRQHandler</a> from startup_gd32f407_427.o(.text) referenced from startup_gd32f407_427.o(RESET)
 <LI><a href="#[e]">FMC_IRQHandler</a> from startup_gd32f407_427.o(.text) referenced from startup_gd32f407_427.o(RESET)
 <LI><a href="#[5a]">FPU_IRQHandler</a> from startup_gd32f407_427.o(.text) referenced from startup_gd32f407_427.o(RESET)
 <LI><a href="#[2]">HardFault_Handler</a> from arm_cm4f.o(.text.HardFault_Handler) referenced from startup_gd32f407_427.o(RESET)
 <LI><a href="#[2a]">I2C0_ER_IRQHandler</a> from startup_gd32f407_427.o(.text) referenced from startup_gd32f407_427.o(RESET)
 <LI><a href="#[29]">I2C0_EV_IRQHandler</a> from startup_gd32f407_427.o(.text) referenced from startup_gd32f407_427.o(RESET)
 <LI><a href="#[2c]">I2C1_ER_IRQHandler</a> from startup_gd32f407_427.o(.text) referenced from startup_gd32f407_427.o(RESET)
 <LI><a href="#[2b]">I2C1_EV_IRQHandler</a> from startup_gd32f407_427.o(.text) referenced from startup_gd32f407_427.o(RESET)
 <LI><a href="#[53]">I2C2_ER_IRQHandler</a> from startup_gd32f407_427.o(.text) referenced from startup_gd32f407_427.o(RESET)
 <LI><a href="#[52]">I2C2_EV_IRQHandler</a> from startup_gd32f407_427.o(.text) referenced from startup_gd32f407_427.o(RESET)
 <LI><a href="#[b]">LVD_IRQHandler</a> from startup_gd32f407_427.o(.text) referenced from startup_gd32f407_427.o(RESET)
 <LI><a href="#[3]">MemManage_Handler</a> from gd32f4xx_it.o(.text.MemManage_Handler) referenced from startup_gd32f407_427.o(RESET)
 <LI><a href="#[1]">NMI_Handler</a> from gd32f4xx_it.o(.text.NMI_Handler) referenced from startup_gd32f407_427.o(RESET)
 <LI><a href="#[8]">PendSV_Handler</a> from arm_cm4f.o(.text.PendSV_Handler) referenced from startup_gd32f407_427.o(RESET)
 <LI><a href="#[82]">Platform_IdleTask_Hook</a> from main.o(.text.Platform_IdleTask_Hook) referenced 2 times from main.o(.text.main)
 <LI><a href="#[7e]">Platform_Timer_GetHiresValue</a> from platform_timer.o(.text.Platform_Timer_GetHiresValue) referenced 2 times from main.o(.text.main)
 <LI><a href="#[f]">RCU_CTC_IRQHandler</a> from startup_gd32f407_427.o(.text) referenced from startup_gd32f407_427.o(RESET)
 <LI><a href="#[33]">RTC_Alarm_IRQHandler</a> from startup_gd32f407_427.o(.text) referenced from startup_gd32f407_427.o(RESET)
 <LI><a href="#[d]">RTC_WKUP_IRQHandler</a> from startup_gd32f407_427.o(.text) referenced from startup_gd32f407_427.o(RESET)
 <LI><a href="#[0]">Reset_Handler</a> from startup_gd32f407_427.o(.text) referenced from startup_gd32f407_427.o(RESET)
 <LI><a href="#[3b]">SDIO_IRQHandler</a> from startup_gd32f407_427.o(.text) referenced from startup_gd32f407_427.o(RESET)
 <LI><a href="#[2d]">SPI0_IRQHandler</a> from startup_gd32f407_427.o(.text) referenced from startup_gd32f407_427.o(RESET)
 <LI><a href="#[2e]">SPI1_IRQHandler</a> from startup_gd32f407_427.o(.text) referenced from startup_gd32f407_427.o(RESET)
 <LI><a href="#[3d]">SPI2_IRQHandler</a> from startup_gd32f407_427.o(.text) referenced from startup_gd32f407_427.o(RESET)
 <LI><a href="#[6]">SVC_Handler</a> from arm_cm4f.o(.text.SVC_Handler) referenced from startup_gd32f407_427.o(RESET)
 <LI><a href="#[9]">SysTick_Handler</a> from arm_cm4f.o(.text.SysTick_Handler) referenced from startup_gd32f407_427.o(RESET)
 <LI><a href="#[5c]">SystemInit</a> from system_gd32f4xx.o(.text.SystemInit) referenced from startup_gd32f407_427.o(.text)
 <LI><a href="#[c]">TAMPER_STAMP_IRQHandler</a> from startup_gd32f407_427.o(.text) referenced from startup_gd32f407_427.o(RESET)
 <LI><a href="#[22]">TIMER0_BRK_TIMER8_IRQHandler</a> from startup_gd32f407_427.o(.text) referenced from startup_gd32f407_427.o(RESET)
 <LI><a href="#[25]">TIMER0_Channel_IRQHandler</a> from startup_gd32f407_427.o(.text) referenced from startup_gd32f407_427.o(RESET)
 <LI><a href="#[24]">TIMER0_TRG_CMT_TIMER10_IRQHandler</a> from startup_gd32f407_427.o(.text) referenced from startup_gd32f407_427.o(RESET)
 <LI><a href="#[23]">TIMER0_UP_TIMER9_IRQHandler</a> from startup_gd32f407_427.o(.text) referenced from startup_gd32f407_427.o(RESET)
 <LI><a href="#[26]">TIMER1_IRQHandler</a> from startup_gd32f407_427.o(.text) referenced from startup_gd32f407_427.o(RESET)
 <LI><a href="#[27]">TIMER2_IRQHandler</a> from startup_gd32f407_427.o(.text) referenced from startup_gd32f407_427.o(RESET)
 <LI><a href="#[28]">TIMER3_IRQHandler</a> from startup_gd32f407_427.o(.text) referenced from startup_gd32f407_427.o(RESET)
 <LI><a href="#[3c]">TIMER4_IRQHandler</a> from startup_gd32f407_427.o(.text) referenced from startup_gd32f407_427.o(RESET)
 <LI><a href="#[40]">TIMER5_DAC_IRQHandler</a> from startup_gd32f407_427.o(.text) referenced from startup_gd32f407_427.o(RESET)
 <LI><a href="#[41]">TIMER6_IRQHandler</a> from startup_gd32f407_427.o(.text) referenced from startup_gd32f407_427.o(RESET)
 <LI><a href="#[35]">TIMER7_BRK_TIMER11_IRQHandler</a> from startup_gd32f407_427.o(.text) referenced from startup_gd32f407_427.o(RESET)
 <LI><a href="#[38]">TIMER7_Channel_IRQHandler</a> from startup_gd32f407_427.o(.text) referenced from startup_gd32f407_427.o(RESET)
 <LI><a href="#[37]">TIMER7_TRG_CMT_TIMER13_IRQHandler</a> from startup_gd32f407_427.o(.text) referenced from startup_gd32f407_427.o(RESET)
 <LI><a href="#[36]">TIMER7_UP_TIMER12_IRQHandler</a> from startup_gd32f407_427.o(.text) referenced from startup_gd32f407_427.o(RESET)
 <LI><a href="#[59]">TRNG_IRQHandler</a> from startup_gd32f407_427.o(.text) referenced from startup_gd32f407_427.o(RESET)
 <LI><a href="#[66]">TimerServiceTask</a> from myrtos_timer.o(.text.TimerServiceTask) referenced 2 times from myrtos_timer.o(.text.TimerService_Init)
 <LI><a href="#[3e]">UART3_IRQHandler</a> from startup_gd32f407_427.o(.text) referenced from startup_gd32f407_427.o(RESET)
 <LI><a href="#[3f]">UART4_IRQHandler</a> from startup_gd32f407_427.o(.text) referenced from startup_gd32f407_427.o(RESET)
 <LI><a href="#[2f]">USART0_IRQHandler</a> from platform_console.o(.text.USART0_IRQHandler) referenced from startup_gd32f407_427.o(RESET)
 <LI><a href="#[30]">USART1_IRQHandler</a> from startup_gd32f407_427.o(.text) referenced from startup_gd32f407_427.o(RESET)
 <LI><a href="#[31]">USART2_IRQHandler</a> from startup_gd32f407_427.o(.text) referenced from startup_gd32f407_427.o(RESET)
 <LI><a href="#[51]">USART5_IRQHandler</a> from startup_gd32f407_427.o(.text) referenced from startup_gd32f407_427.o(RESET)
 <LI><a href="#[4d]">USBFS_IRQHandler</a> from startup_gd32f407_427.o(.text) referenced from startup_gd32f407_427.o(RESET)
 <LI><a href="#[34]">USBFS_WKUP_IRQHandler</a> from startup_gd32f407_427.o(.text) referenced from startup_gd32f407_427.o(RESET)
 <LI><a href="#[55]">USBHS_EP1_In_IRQHandler</a> from startup_gd32f407_427.o(.text) referenced from startup_gd32f407_427.o(RESET)
 <LI><a href="#[54]">USBHS_EP1_Out_IRQHandler</a> from startup_gd32f407_427.o(.text) referenced from startup_gd32f407_427.o(RESET)
 <LI><a href="#[57]">USBHS_IRQHandler</a> from startup_gd32f407_427.o(.text) referenced from startup_gd32f407_427.o(RESET)
 <LI><a href="#[56]">USBHS_WKUP_IRQHandler</a> from startup_gd32f407_427.o(.text) referenced from startup_gd32f407_427.o(RESET)
 <LI><a href="#[5]">UsageFault_Handler</a> from gd32f4xx_it.o(.text.UsageFault_Handler) referenced from startup_gd32f407_427.o(RESET)
 <LI><a href="#[67]">VTS_Task</a> from myrtos_vts.o(.text.VTS_Task) referenced 2 times from myrtos_vts.o(.text.VTS_Init)
 <LI><a href="#[a]">WWDGT_IRQHandler</a> from startup_gd32f407_427.o(.text) referenced from startup_gd32f407_427.o(RESET)
 <LI><a href="#[5d]">__main</a> from entry.o(.ARM.Collect$$$$00000000) referenced from startup_gd32f407_427.o(.text)
 <LI><a href="#[91]">_snputc</a> from printfa.o(i._snputc) referenced from printfa.o(i.__0snprintf)
 <LI><a href="#[91]">_snputc</a> from printfa.o(i._snputc) referenced from printfa.o(i.__0vsnprintf)
 <LI><a href="#[73]">a_task</a> from main.o(.text.a_task) referenced 2 times from main.o(.text.create_tasks)
 <LI><a href="#[74]">b_task</a> from main.o(.text.b_task) referenced 2 times from main.o(.text.create_tasks)
 <LI><a href="#[76]">background_blinky_task</a> from main.o(.text.background_blinky_task) referenced 2 times from main.o(.text.create_tasks)
 <LI><a href="#[96]">blinky_main</a> from main.o(.text.blinky_main) referenced from main.o(.rodata.g_program_blinky)
 <LI><a href="#[60]">boot_default_idle_task</a> from myrtos_boot.o(.text.boot_default_idle_task) referenced 2 times from myrtos_boot.o(.text.MyRTOS_Boot_Start)
 <LI><a href="#[7c]">bootstrap_task</a> from main.o(.text.bootstrap_task) referenced 2 times from main.o(.text.create_tasks)
 <LI><a href="#[7d]">c_task</a> from main.o(.text.c_task) referenced 2 times from main.o(.text.d_task)
 <LI><a href="#[8d]">cmd_bg</a> from shell_process.o(.text.cmd_bg) referenced 2 times from shell_process.o(.text.shell_register_process_commands)
 <LI><a href="#[90]">cmd_cat</a> from shell_sysinfo.o(.text.cmd_cat) referenced 2 times from shell_sysinfo.o(.text.shell_register_sysinfo_commands)
 <LI><a href="#[8c]">cmd_fg</a> from shell_process.o(.text.cmd_fg) referenced 2 times from shell_process.o(.text.shell_register_process_commands)
 <LI><a href="#[83]">cmd_help</a> from shell_builtin.o(.text.cmd_help) referenced 2 times from shell_builtin.o(.text.shell_register_builtin_commands)
 <LI><a href="#[89]">cmd_jobs</a> from shell_process.o(.text.cmd_jobs) referenced 2 times from shell_process.o(.text.shell_register_process_commands)
 <LI><a href="#[8b]">cmd_kill</a> from shell_process.o(.text.cmd_kill) referenced 2 times from shell_process.o(.text.shell_register_process_commands)
 <LI><a href="#[85]">cmd_log</a> from shell_log.o(.text.cmd_log) referenced 2 times from shell_log.o(.text.shell_register_log_commands)
 <LI><a href="#[84]">cmd_logall</a> from shell_log.o(.text.cmd_logall) referenced 2 times from shell_log.o(.text.shell_register_log_commands)
 <LI><a href="#[86]">cmd_loglevel</a> from shell_log.o(.text.cmd_loglevel) referenced 2 times from shell_log.o(.text.shell_register_log_commands)
 <LI><a href="#[8e]">cmd_ls</a> from shell_process.o(.text.cmd_ls) referenced 2 times from shell_process.o(.text.shell_register_process_commands)
 <LI><a href="#[87]">cmd_ps</a> from shell_monitor.o(.text.cmd_ps) referenced 2 times from shell_monitor.o(.text.shell_register_monitor_commands)
 <LI><a href="#[88]">cmd_reboot</a> from shell_platform.o(.text.cmd_reboot) referenced 2 times from shell_platform.o(.text.shell_register_platform_commands)
 <LI><a href="#[8a]">cmd_run</a> from shell_process.o(.text.cmd_run) referenced 2 times from shell_process.o(.text.shell_register_process_commands)
 <LI><a href="#[8f]">cmd_top</a> from shell_sysinfo.o(.text.cmd_top) referenced 2 times from shell_sysinfo.o(.text.shell_register_sysinfo_commands)
 <LI><a href="#[92]">console_stream_read</a> from platform_console.o(.text.console_stream_read) referenced from platform_console.o(.rodata.g_console_stream_interface)
 <LI><a href="#[93]">console_stream_write</a> from platform_console.o(.text.console_stream_write) referenced from platform_console.o(.rodata.g_console_stream_interface)
 <LI><a href="#[6d]">consumer_task</a> from main.o(.text.consumer_task) referenced 2 times from main.o(.text.create_tasks)
 <LI><a href="#[81]">create_tasks</a> from main.o(.text.create_tasks) referenced 2 times from main.o(.text.main)
 <LI><a href="#[75]">d_task</a> from main.o(.text.d_task) referenced 2 times from main.o(.text.create_tasks)
 <LI><a href="#[97]">echo_main</a> from main.o(.text.echo_main) referenced from main.o(.rodata.g_program_echo)
 <LI><a href="#[98]">hello_main</a> from main.o(.text.hello_main) referenced from main.o(.rodata.g_program_hello)
 <LI><a href="#[77]">high_prio_task</a> from main.o(.text.high_prio_task) referenced 2 times from main.o(.text.create_tasks)
 <LI><a href="#[99]">init_process_main</a> from init_main.o(.text.init_process_main) referenced from init_main.o(.rodata.g_program_init)
 <LI><a href="#[6f]">inspector_task</a> from main.o(.text.inspector_task) referenced 2 times from main.o(.text.create_tasks)
 <LI><a href="#[78]">interrupt_handler_task</a> from main.o(.text.interrupt_handler_task) referenced 2 times from main.o(.text.create_tasks)
 <LI><a href="#[71]">isr_test_task</a> from main.o(.text.isr_test_task) referenced 2 times from main.o(.text.create_tasks)
 <LI><a href="#[9a]">log_program_main</a> from log_main.o(.text.log_program_main) referenced from log_main.o(.rodata.g_program_log)
 <LI><a href="#[9b]">looper_main</a> from main.o(.text.looper_main) referenced from main.o(.rodata.g_program_looper)
 <LI><a href="#[5b]">main</a> from main.o(.text.main) referenced from entry9a.o(.ARM.Collect$$$$0000000B)
 <LI><a href="#[5f]">monitor_kernel_event_handler</a> from myrtos_monitor.o(.text.monitor_kernel_event_handler) referenced 2 times from myrtos_monitor.o(.text.Monitor_Init)
 <LI><a href="#[7f]">on_kernel_init</a> from main.o(.text.on_kernel_init) referenced 2 times from main.o(.text.main)
 <LI><a href="#[80]">on_services_init</a> from main.o(.text.on_services_init) referenced 2 times from main.o(.text.main)
 <LI><a href="#[6c]">perio_timer_cb</a> from main.o(.text.perio_timer_cb) referenced 2 times from main.o(.text.create_tasks)
 <LI><a href="#[94]">pipe_read</a> from myrtos_io.o(.text.pipe_read) referenced from myrtos_io.o(.rodata.g_pipe_stream_interface)
 <LI><a href="#[95]">pipe_write</a> from myrtos_io.o(.text.pipe_write) referenced from myrtos_io.o(.rodata.g_pipe_stream_interface)
 <LI><a href="#[61]">platform_kernel_event_handler</a> from platform_error_handler.o(.text.platform_kernel_event_handler) referenced 2 times from platform_error_handler.o(.text.Platform_ErrorHandler_Init)
 <LI><a href="#[68]">print_command_visitor</a> from shell_builtin.o(.text.print_command_visitor) referenced 2 times from shell_builtin.o(.text.cmd_help)
 <LI><a href="#[6a]">print_definition_visitor</a> from shell_process.o(.text.print_definition_visitor) referenced 2 times from shell_process.o(.text.cmd_ls)
 <LI><a href="#[69]">print_job_visitor</a> from shell_process.o(.text.print_job_visitor) referenced 2 times from shell_process.o(.text.cmd_jobs)
 <LI><a href="#[70]">printer_task</a> from main.o(.text.printer_task) referenced 2 times from main.o(.text.create_tasks)
 <LI><a href="#[63]">process_kernel_event_handler</a> from myrtos_process.o(.text.process_kernel_event_handler) referenced 2 times from myrtos_process.o(.text.Process_Init)
 <LI><a href="#[62]">process_launcher_task</a> from myrtos_process.o(.text.process_launcher_task) referenced 2 times from myrtos_process.o(.text.Process_Create)
 <LI><a href="#[6e]">producer_task</a> from main.o(.text.producer_task) referenced 2 times from main.o(.text.create_tasks)
 <LI><a href="#[72]">recursive_test_task</a> from main.o(.text.recursive_test_task) referenced 2 times from main.o(.text.create_tasks)
 <LI><a href="#[9c]">shell_process_main</a> from shell_process_main.o(.text.shell_process_main) referenced from shell_process_main.o(.rodata.g_program_shell)
 <LI><a href="#[6b]">single_timer_cb</a> from main.o(.text.single_timer_cb) referenced 2 times from main.o(.text.create_tasks)
 <LI><a href="#[9d]">spawner_main</a> from main.o(.text.spawner_main) referenced from main.o(.rodata.g_program_spawner)
 <LI><a href="#[64]">stdio_kernel_event_handler</a> from myrtos_io.o(.text.stdio_kernel_event_handler) referenced 2 times from myrtos_io.o(.text.StdIOService_Init)
 <LI><a href="#[7b]">suspend_resume_test_task</a> from main.o(.text.suspend_resume_test_task) referenced 2 times from main.o(.text.create_tasks)
 <LI><a href="#[7a]">target_task</a> from main.o(.text.target_task) referenced 2 times from main.o(.text.create_tasks)
 <LI><a href="#[65]">taskWrapper</a> from myrtos_task.o(.text.taskWrapper) referenced 2 times from myrtos_task.o(.text.Task_Create)
 <LI><a href="#[79]">timer_test_task</a> from main.o(.text.timer_test_task) referenced 2 times from main.o(.text.create_tasks)
</UL>
<P>
<H3>
Global Symbols
</H3>
<P><STRONG><a name="[5d]"></a>__main</STRONG> (Thumb, 0 bytes, Stack size unknown bytes, entry.o(.ARM.Collect$$$$00000000))
<BR>[Address Reference Count : 1]<UL><LI> startup_gd32f407_427.o(.text)
</UL>
<P><STRONG><a name="[183]"></a>_main_stk</STRONG> (Thumb, 0 bytes, Stack size unknown bytes, entry2.o(.ARM.Collect$$$$00000001))

<P><STRONG><a name="[9e]"></a>_main_scatterload</STRONG> (Thumb, 0 bytes, Stack size unknown bytes, entry5.o(.ARM.Collect$$$$00000004))
<BR><BR>[Calls]<UL><LI><a href="#[9f]">&gt;&gt;</a>&nbsp;&nbsp;&nbsp;__scatterload
</UL>

<P><STRONG><a name="[b6]"></a>__main_after_scatterload</STRONG> (Thumb, 0 bytes, Stack size unknown bytes, entry5.o(.ARM.Collect$$$$00000004))
<BR><BR>[Called By]<UL><LI><a href="#[9f]">&gt;&gt;</a>&nbsp;&nbsp;&nbsp;__scatterload
</UL>

<P><STRONG><a name="[184]"></a>_main_clock</STRONG> (Thumb, 0 bytes, Stack size unknown bytes, entry7b.o(.ARM.Collect$$$$00000008))

<P><STRONG><a name="[185]"></a>_main_cpp_init</STRONG> (Thumb, 0 bytes, Stack size unknown bytes, entry8b.o(.ARM.Collect$$$$0000000A))

<P><STRONG><a name="[186]"></a>_main_init</STRONG> (Thumb, 0 bytes, Stack size unknown bytes, entry9a.o(.ARM.Collect$$$$0000000B))

<P><STRONG><a name="[187]"></a>__rt_final_cpp</STRONG> (Thumb, 0 bytes, Stack size unknown bytes, entry10a.o(.ARM.Collect$$$$0000000D))

<P><STRONG><a name="[188]"></a>__rt_final_exit</STRONG> (Thumb, 0 bytes, Stack size unknown bytes, entry11a.o(.ARM.Collect$$$$0000000F))

<P><STRONG><a name="[0]"></a>Reset_Handler</STRONG> (Thumb, 8 bytes, Stack size 0 bytes, startup_gd32f407_427.o(.text))
<BR>[Address Reference Count : 1]<UL><LI> startup_gd32f407_427.o(RESET)
</UL>
<P><STRONG><a name="[1c]"></a>ADC_IRQHandler</STRONG> (Thumb, 0 bytes, Stack size 0 bytes, startup_gd32f407_427.o(.text))
<BR><BR>[Calls]<UL><LI><a href="#[1c]">&gt;&gt;</a>&nbsp;&nbsp;&nbsp;ADC_IRQHandler
</UL>
<BR>[Called By]<UL><LI><a href="#[1c]">&gt;&gt;</a>&nbsp;&nbsp;&nbsp;ADC_IRQHandler
</UL>
<BR>[Address Reference Count : 1]<UL><LI> startup_gd32f407_427.o(RESET)
</UL>
<P><STRONG><a name="[20]"></a>CAN0_EWMC_IRQHandler</STRONG> (Thumb, 0 bytes, Stack size 0 bytes, startup_gd32f407_427.o(.text))
<BR>[Address Reference Count : 1]<UL><LI> startup_gd32f407_427.o(RESET)
</UL>
<P><STRONG><a name="[1e]"></a>CAN0_RX0_IRQHandler</STRONG> (Thumb, 0 bytes, Stack size 0 bytes, startup_gd32f407_427.o(.text))
<BR>[Address Reference Count : 1]<UL><LI> startup_gd32f407_427.o(RESET)
</UL>
<P><STRONG><a name="[1f]"></a>CAN0_RX1_IRQHandler</STRONG> (Thumb, 0 bytes, Stack size 0 bytes, startup_gd32f407_427.o(.text))
<BR>[Address Reference Count : 1]<UL><LI> startup_gd32f407_427.o(RESET)
</UL>
<P><STRONG><a name="[1d]"></a>CAN0_TX_IRQHandler</STRONG> (Thumb, 0 bytes, Stack size 0 bytes, startup_gd32f407_427.o(.text))
<BR>[Address Reference Count : 1]<UL><LI> startup_gd32f407_427.o(RESET)
</UL>
<P><STRONG><a name="[4c]"></a>CAN1_EWMC_IRQHandler</STRONG> (Thumb, 0 bytes, Stack size 0 bytes, startup_gd32f407_427.o(.text))
<BR>[Address Reference Count : 1]<UL><LI> startup_gd32f407_427.o(RESET)
</UL>
<P><STRONG><a name="[4a]"></a>CAN1_RX0_IRQHandler</STRONG> (Thumb, 0 bytes, Stack size 0 bytes, startup_gd32f407_427.o(.text))
<BR>[Address Reference Count : 1]<UL><LI> startup_gd32f407_427.o(RESET)
</UL>
<P><STRONG><a name="[4b]"></a>CAN1_RX1_IRQHandler</STRONG> (Thumb, 0 bytes, Stack size 0 bytes, startup_gd32f407_427.o(.text))
<BR>[Address Reference Count : 1]<UL><LI> startup_gd32f407_427.o(RESET)
</UL>
<P><STRONG><a name="[49]"></a>CAN1_TX_IRQHandler</STRONG> (Thumb, 0 bytes, Stack size 0 bytes, startup_gd32f407_427.o(.text))
<BR>[Address Reference Count : 1]<UL><LI> startup_gd32f407_427.o(RESET)
</UL>
<P><STRONG><a name="[58]"></a>DCI_IRQHandler</STRONG> (Thumb, 0 bytes, Stack size 0 bytes, startup_gd32f407_427.o(.text))
<BR>[Address Reference Count : 1]<UL><LI> startup_gd32f407_427.o(RESET)
</UL>
<P><STRONG><a name="[15]"></a>DMA0_Channel0_IRQHandler</STRONG> (Thumb, 0 bytes, Stack size 0 bytes, startup_gd32f407_427.o(.text))
<BR>[Address Reference Count : 1]<UL><LI> startup_gd32f407_427.o(RESET)
</UL>
<P><STRONG><a name="[16]"></a>DMA0_Channel1_IRQHandler</STRONG> (Thumb, 0 bytes, Stack size 0 bytes, startup_gd32f407_427.o(.text))
<BR>[Address Reference Count : 1]<UL><LI> startup_gd32f407_427.o(RESET)
</UL>
<P><STRONG><a name="[17]"></a>DMA0_Channel2_IRQHandler</STRONG> (Thumb, 0 bytes, Stack size 0 bytes, startup_gd32f407_427.o(.text))
<BR>[Address Reference Count : 1]<UL><LI> startup_gd32f407_427.o(RESET)
</UL>
<P><STRONG><a name="[18]"></a>DMA0_Channel3_IRQHandler</STRONG> (Thumb, 0 bytes, Stack size 0 bytes, startup_gd32f407_427.o(.text))
<BR>[Address Reference Count : 1]<UL><LI> startup_gd32f407_427.o(RESET)
</UL>
<P><STRONG><a name="[19]"></a>DMA0_Channel4_IRQHandler</STRONG> (Thumb, 0 bytes, Stack size 0 bytes, startup_gd32f407_427.o(.text))
<BR>[Address Reference Count : 1]<UL><LI> startup_gd32f407_427.o(RESET)
</UL>
<P><STRONG><a name="[1a]"></a>DMA0_Channel5_IRQHandler</STRONG> (Thumb, 0 bytes, Stack size 0 bytes, startup_gd32f407_427.o(.text))
<BR>[Address Reference Count : 1]<UL><LI> startup_gd32f407_427.o(RESET)
</UL>
<P><STRONG><a name="[1b]"></a>DMA0_Channel6_IRQHandler</STRONG> (Thumb, 0 bytes, Stack size 0 bytes, startup_gd32f407_427.o(.text))
<BR>[Address Reference Count : 1]<UL><LI> startup_gd32f407_427.o(RESET)
</UL>
<P><STRONG><a name="[39]"></a>DMA0_Channel7_IRQHandler</STRONG> (Thumb, 0 bytes, Stack size 0 bytes, startup_gd32f407_427.o(.text))
<BR>[Address Reference Count : 1]<UL><LI> startup_gd32f407_427.o(RESET)
</UL>
<P><STRONG><a name="[42]"></a>DMA1_Channel0_IRQHandler</STRONG> (Thumb, 0 bytes, Stack size 0 bytes, startup_gd32f407_427.o(.text))
<BR>[Address Reference Count : 1]<UL><LI> startup_gd32f407_427.o(RESET)
</UL>
<P><STRONG><a name="[43]"></a>DMA1_Channel1_IRQHandler</STRONG> (Thumb, 0 bytes, Stack size 0 bytes, startup_gd32f407_427.o(.text))
<BR>[Address Reference Count : 1]<UL><LI> startup_gd32f407_427.o(RESET)
</UL>
<P><STRONG><a name="[44]"></a>DMA1_Channel2_IRQHandler</STRONG> (Thumb, 0 bytes, Stack size 0 bytes, startup_gd32f407_427.o(.text))
<BR>[Address Reference Count : 1]<UL><LI> startup_gd32f407_427.o(RESET)
</UL>
<P><STRONG><a name="[45]"></a>DMA1_Channel3_IRQHandler</STRONG> (Thumb, 0 bytes, Stack size 0 bytes, startup_gd32f407_427.o(.text))
<BR>[Address Reference Count : 1]<UL><LI> startup_gd32f407_427.o(RESET)
</UL>
<P><STRONG><a name="[46]"></a>DMA1_Channel4_IRQHandler</STRONG> (Thumb, 0 bytes, Stack size 0 bytes, startup_gd32f407_427.o(.text))
<BR>[Address Reference Count : 1]<UL><LI> startup_gd32f407_427.o(RESET)
</UL>
<P><STRONG><a name="[4e]"></a>DMA1_Channel5_IRQHandler</STRONG> (Thumb, 0 bytes, Stack size 0 bytes, startup_gd32f407_427.o(.text))
<BR>[Address Reference Count : 1]<UL><LI> startup_gd32f407_427.o(RESET)
</UL>
<P><STRONG><a name="[4f]"></a>DMA1_Channel6_IRQHandler</STRONG> (Thumb, 0 bytes, Stack size 0 bytes, startup_gd32f407_427.o(.text))
<BR>[Address Reference Count : 1]<UL><LI> startup_gd32f407_427.o(RESET)
</UL>
<P><STRONG><a name="[50]"></a>DMA1_Channel7_IRQHandler</STRONG> (Thumb, 0 bytes, Stack size 0 bytes, startup_gd32f407_427.o(.text))
<BR>[Address Reference Count : 1]<UL><LI> startup_gd32f407_427.o(RESET)
</UL>
<P><STRONG><a name="[47]"></a>ENET_IRQHandler</STRONG> (Thumb, 0 bytes, Stack size 0 bytes, startup_gd32f407_427.o(.text))
<BR>[Address Reference Count : 1]<UL><LI> startup_gd32f407_427.o(RESET)
</UL>
<P><STRONG><a name="[48]"></a>ENET_WKUP_IRQHandler</STRONG> (Thumb, 0 bytes, Stack size 0 bytes, startup_gd32f407_427.o(.text))
<BR>[Address Reference Count : 1]<UL><LI> startup_gd32f407_427.o(RESET)
</UL>
<P><STRONG><a name="[3a]"></a>EXMC_IRQHandler</STRONG> (Thumb, 0 bytes, Stack size 0 bytes, startup_gd32f407_427.o(.text))
<BR>[Address Reference Count : 1]<UL><LI> startup_gd32f407_427.o(RESET)
</UL>
<P><STRONG><a name="[32]"></a>EXTI10_15_IRQHandler</STRONG> (Thumb, 0 bytes, Stack size 0 bytes, startup_gd32f407_427.o(.text))
<BR>[Address Reference Count : 1]<UL><LI> startup_gd32f407_427.o(RESET)
</UL>
<P><STRONG><a name="[11]"></a>EXTI1_IRQHandler</STRONG> (Thumb, 0 bytes, Stack size 0 bytes, startup_gd32f407_427.o(.text))
<BR>[Address Reference Count : 1]<UL><LI> startup_gd32f407_427.o(RESET)
</UL>
<P><STRONG><a name="[12]"></a>EXTI2_IRQHandler</STRONG> (Thumb, 0 bytes, Stack size 0 bytes, startup_gd32f407_427.o(.text))
<BR>[Address Reference Count : 1]<UL><LI> startup_gd32f407_427.o(RESET)
</UL>
<P><STRONG><a name="[13]"></a>EXTI3_IRQHandler</STRONG> (Thumb, 0 bytes, Stack size 0 bytes, startup_gd32f407_427.o(.text))
<BR>[Address Reference Count : 1]<UL><LI> startup_gd32f407_427.o(RESET)
</UL>
<P><STRONG><a name="[14]"></a>EXTI4_IRQHandler</STRONG> (Thumb, 0 bytes, Stack size 0 bytes, startup_gd32f407_427.o(.text))
<BR>[Address Reference Count : 1]<UL><LI> startup_gd32f407_427.o(RESET)
</UL>
<P><STRONG><a name="[21]"></a>EXTI5_9_IRQHandler</STRONG> (Thumb, 0 bytes, Stack size 0 bytes, startup_gd32f407_427.o(.text))
<BR>[Address Reference Count : 1]<UL><LI> startup_gd32f407_427.o(RESET)
</UL>
<P><STRONG><a name="[e]"></a>FMC_IRQHandler</STRONG> (Thumb, 0 bytes, Stack size 0 bytes, startup_gd32f407_427.o(.text))
<BR>[Address Reference Count : 1]<UL><LI> startup_gd32f407_427.o(RESET)
</UL>
<P><STRONG><a name="[5a]"></a>FPU_IRQHandler</STRONG> (Thumb, 0 bytes, Stack size 0 bytes, startup_gd32f407_427.o(.text))
<BR>[Address Reference Count : 1]<UL><LI> startup_gd32f407_427.o(RESET)
</UL>
<P><STRONG><a name="[2a]"></a>I2C0_ER_IRQHandler</STRONG> (Thumb, 0 bytes, Stack size 0 bytes, startup_gd32f407_427.o(.text))
<BR>[Address Reference Count : 1]<UL><LI> startup_gd32f407_427.o(RESET)
</UL>
<P><STRONG><a name="[29]"></a>I2C0_EV_IRQHandler</STRONG> (Thumb, 0 bytes, Stack size 0 bytes, startup_gd32f407_427.o(.text))
<BR>[Address Reference Count : 1]<UL><LI> startup_gd32f407_427.o(RESET)
</UL>
<P><STRONG><a name="[2c]"></a>I2C1_ER_IRQHandler</STRONG> (Thumb, 0 bytes, Stack size 0 bytes, startup_gd32f407_427.o(.text))
<BR>[Address Reference Count : 1]<UL><LI> startup_gd32f407_427.o(RESET)
</UL>
<P><STRONG><a name="[2b]"></a>I2C1_EV_IRQHandler</STRONG> (Thumb, 0 bytes, Stack size 0 bytes, startup_gd32f407_427.o(.text))
<BR>[Address Reference Count : 1]<UL><LI> startup_gd32f407_427.o(RESET)
</UL>
<P><STRONG><a name="[53]"></a>I2C2_ER_IRQHandler</STRONG> (Thumb, 0 bytes, Stack size 0 bytes, startup_gd32f407_427.o(.text))
<BR>[Address Reference Count : 1]<UL><LI> startup_gd32f407_427.o(RESET)
</UL>
<P><STRONG><a name="[52]"></a>I2C2_EV_IRQHandler</STRONG> (Thumb, 0 bytes, Stack size 0 bytes, startup_gd32f407_427.o(.text))
<BR>[Address Reference Count : 1]<UL><LI> startup_gd32f407_427.o(RESET)
</UL>
<P><STRONG><a name="[b]"></a>LVD_IRQHandler</STRONG> (Thumb, 0 bytes, Stack size 0 bytes, startup_gd32f407_427.o(.text))
<BR>[Address Reference Count : 1]<UL><LI> startup_gd32f407_427.o(RESET)
</UL>
<P><STRONG><a name="[f]"></a>RCU_CTC_IRQHandler</STRONG> (Thumb, 0 bytes, Stack size 0 bytes, startup_gd32f407_427.o(.text))
<BR>[Address Reference Count : 1]<UL><LI> startup_gd32f407_427.o(RESET)
</UL>
<P><STRONG><a name="[33]"></a>RTC_Alarm_IRQHandler</STRONG> (Thumb, 0 bytes, Stack size 0 bytes, startup_gd32f407_427.o(.text))
<BR>[Address Reference Count : 1]<UL><LI> startup_gd32f407_427.o(RESET)
</UL>
<P><STRONG><a name="[d]"></a>RTC_WKUP_IRQHandler</STRONG> (Thumb, 0 bytes, Stack size 0 bytes, startup_gd32f407_427.o(.text))
<BR>[Address Reference Count : 1]<UL><LI> startup_gd32f407_427.o(RESET)
</UL>
<P><STRONG><a name="[3b]"></a>SDIO_IRQHandler</STRONG> (Thumb, 0 bytes, Stack size 0 bytes, startup_gd32f407_427.o(.text))
<BR>[Address Reference Count : 1]<UL><LI> startup_gd32f407_427.o(RESET)
</UL>
<P><STRONG><a name="[2d]"></a>SPI0_IRQHandler</STRONG> (Thumb, 0 bytes, Stack size 0 bytes, startup_gd32f407_427.o(.text))
<BR>[Address Reference Count : 1]<UL><LI> startup_gd32f407_427.o(RESET)
</UL>
<P><STRONG><a name="[2e]"></a>SPI1_IRQHandler</STRONG> (Thumb, 0 bytes, Stack size 0 bytes, startup_gd32f407_427.o(.text))
<BR>[Address Reference Count : 1]<UL><LI> startup_gd32f407_427.o(RESET)
</UL>
<P><STRONG><a name="[3d]"></a>SPI2_IRQHandler</STRONG> (Thumb, 0 bytes, Stack size 0 bytes, startup_gd32f407_427.o(.text))
<BR>[Address Reference Count : 1]<UL><LI> startup_gd32f407_427.o(RESET)
</UL>
<P><STRONG><a name="[c]"></a>TAMPER_STAMP_IRQHandler</STRONG> (Thumb, 0 bytes, Stack size 0 bytes, startup_gd32f407_427.o(.text))
<BR>[Address Reference Count : 1]<UL><LI> startup_gd32f407_427.o(RESET)
</UL>
<P><STRONG><a name="[22]"></a>TIMER0_BRK_TIMER8_IRQHandler</STRONG> (Thumb, 0 bytes, Stack size 0 bytes, startup_gd32f407_427.o(.text))
<BR>[Address Reference Count : 1]<UL><LI> startup_gd32f407_427.o(RESET)
</UL>
<P><STRONG><a name="[25]"></a>TIMER0_Channel_IRQHandler</STRONG> (Thumb, 0 bytes, Stack size 0 bytes, startup_gd32f407_427.o(.text))
<BR>[Address Reference Count : 1]<UL><LI> startup_gd32f407_427.o(RESET)
</UL>
<P><STRONG><a name="[24]"></a>TIMER0_TRG_CMT_TIMER10_IRQHandler</STRONG> (Thumb, 0 bytes, Stack size 0 bytes, startup_gd32f407_427.o(.text))
<BR>[Address Reference Count : 1]<UL><LI> startup_gd32f407_427.o(RESET)
</UL>
<P><STRONG><a name="[23]"></a>TIMER0_UP_TIMER9_IRQHandler</STRONG> (Thumb, 0 bytes, Stack size 0 bytes, startup_gd32f407_427.o(.text))
<BR>[Address Reference Count : 1]<UL><LI> startup_gd32f407_427.o(RESET)
</UL>
<P><STRONG><a name="[26]"></a>TIMER1_IRQHandler</STRONG> (Thumb, 0 bytes, Stack size 0 bytes, startup_gd32f407_427.o(.text))
<BR>[Address Reference Count : 1]<UL><LI> startup_gd32f407_427.o(RESET)
</UL>
<P><STRONG><a name="[27]"></a>TIMER2_IRQHandler</STRONG> (Thumb, 0 bytes, Stack size 0 bytes, startup_gd32f407_427.o(.text))
<BR>[Address Reference Count : 1]<UL><LI> startup_gd32f407_427.o(RESET)
</UL>
<P><STRONG><a name="[28]"></a>TIMER3_IRQHandler</STRONG> (Thumb, 0 bytes, Stack size 0 bytes, startup_gd32f407_427.o(.text))
<BR>[Address Reference Count : 1]<UL><LI> startup_gd32f407_427.o(RESET)
</UL>
<P><STRONG><a name="[3c]"></a>TIMER4_IRQHandler</STRONG> (Thumb, 0 bytes, Stack size 0 bytes, startup_gd32f407_427.o(.text))
<BR>[Address Reference Count : 1]<UL><LI> startup_gd32f407_427.o(RESET)
</UL>
<P><STRONG><a name="[40]"></a>TIMER5_DAC_IRQHandler</STRONG> (Thumb, 0 bytes, Stack size 0 bytes, startup_gd32f407_427.o(.text))
<BR>[Address Reference Count : 1]<UL><LI> startup_gd32f407_427.o(RESET)
</UL>
<P><STRONG><a name="[41]"></a>TIMER6_IRQHandler</STRONG> (Thumb, 0 bytes, Stack size 0 bytes, startup_gd32f407_427.o(.text))
<BR>[Address Reference Count : 1]<UL><LI> startup_gd32f407_427.o(RESET)
</UL>
<P><STRONG><a name="[35]"></a>TIMER7_BRK_TIMER11_IRQHandler</STRONG> (Thumb, 0 bytes, Stack size 0 bytes, startup_gd32f407_427.o(.text))
<BR>[Address Reference Count : 1]<UL><LI> startup_gd32f407_427.o(RESET)
</UL>
<P><STRONG><a name="[38]"></a>TIMER7_Channel_IRQHandler</STRONG> (Thumb, 0 bytes, Stack size 0 bytes, startup_gd32f407_427.o(.text))
<BR>[Address Reference Count : 1]<UL><LI> startup_gd32f407_427.o(RESET)
</UL>
<P><STRONG><a name="[37]"></a>TIMER7_TRG_CMT_TIMER13_IRQHandler</STRONG> (Thumb, 0 bytes, Stack size 0 bytes, startup_gd32f407_427.o(.text))
<BR>[Address Reference Count : 1]<UL><LI> startup_gd32f407_427.o(RESET)
</UL>
<P><STRONG><a name="[36]"></a>TIMER7_UP_TIMER12_IRQHandler</STRONG> (Thumb, 0 bytes, Stack size 0 bytes, startup_gd32f407_427.o(.text))
<BR>[Address Reference Count : 1]<UL><LI> startup_gd32f407_427.o(RESET)
</UL>
<P><STRONG><a name="[59]"></a>TRNG_IRQHandler</STRONG> (Thumb, 0 bytes, Stack size 0 bytes, startup_gd32f407_427.o(.text))
<BR>[Address Reference Count : 1]<UL><LI> startup_gd32f407_427.o(RESET)
</UL>
<P><STRONG><a name="[3e]"></a>UART3_IRQHandler</STRONG> (Thumb, 0 bytes, Stack size 0 bytes, startup_gd32f407_427.o(.text))
<BR>[Address Reference Count : 1]<UL><LI> startup_gd32f407_427.o(RESET)
</UL>
<P><STRONG><a name="[3f]"></a>UART4_IRQHandler</STRONG> (Thumb, 0 bytes, Stack size 0 bytes, startup_gd32f407_427.o(.text))
<BR>[Address Reference Count : 1]<UL><LI> startup_gd32f407_427.o(RESET)
</UL>
<P><STRONG><a name="[30]"></a>USART1_IRQHandler</STRONG> (Thumb, 0 bytes, Stack size 0 bytes, startup_gd32f407_427.o(.text))
<BR>[Address Reference Count : 1]<UL><LI> startup_gd32f407_427.o(RESET)
</UL>
<P><STRONG><a name="[31]"></a>USART2_IRQHandler</STRONG> (Thumb, 0 bytes, Stack size 0 bytes, startup_gd32f407_427.o(.text))
<BR>[Address Reference Count : 1]<UL><LI> startup_gd32f407_427.o(RESET)
</UL>
<P><STRONG><a name="[51]"></a>USART5_IRQHandler</STRONG> (Thumb, 0 bytes, Stack size 0 bytes, startup_gd32f407_427.o(.text))
<BR>[Address Reference Count : 1]<UL><LI> startup_gd32f407_427.o(RESET)
</UL>
<P><STRONG><a name="[4d]"></a>USBFS_IRQHandler</STRONG> (Thumb, 0 bytes, Stack size 0 bytes, startup_gd32f407_427.o(.text))
<BR>[Address Reference Count : 1]<UL><LI> startup_gd32f407_427.o(RESET)
</UL>
<P><STRONG><a name="[34]"></a>USBFS_WKUP_IRQHandler</STRONG> (Thumb, 0 bytes, Stack size 0 bytes, startup_gd32f407_427.o(.text))
<BR>[Address Reference Count : 1]<UL><LI> startup_gd32f407_427.o(RESET)
</UL>
<P><STRONG><a name="[55]"></a>USBHS_EP1_In_IRQHandler</STRONG> (Thumb, 0 bytes, Stack size 0 bytes, startup_gd32f407_427.o(.text))
<BR>[Address Reference Count : 1]<UL><LI> startup_gd32f407_427.o(RESET)
</UL>
<P><STRONG><a name="[54]"></a>USBHS_EP1_Out_IRQHandler</STRONG> (Thumb, 0 bytes, Stack size 0 bytes, startup_gd32f407_427.o(.text))
<BR>[Address Reference Count : 1]<UL><LI> startup_gd32f407_427.o(RESET)
</UL>
<P><STRONG><a name="[57]"></a>USBHS_IRQHandler</STRONG> (Thumb, 0 bytes, Stack size 0 bytes, startup_gd32f407_427.o(.text))
<BR>[Address Reference Count : 1]<UL><LI> startup_gd32f407_427.o(RESET)
</UL>
<P><STRONG><a name="[56]"></a>USBHS_WKUP_IRQHandler</STRONG> (Thumb, 0 bytes, Stack size 0 bytes, startup_gd32f407_427.o(.text))
<BR>[Address Reference Count : 1]<UL><LI> startup_gd32f407_427.o(RESET)
</UL>
<P><STRONG><a name="[a]"></a>WWDGT_IRQHandler</STRONG> (Thumb, 0 bytes, Stack size 0 bytes, startup_gd32f407_427.o(.text))
<BR>[Address Reference Count : 1]<UL><LI> startup_gd32f407_427.o(RESET)
</UL>
<P><STRONG><a name="[a0]"></a>__aeabi_uldivmod</STRONG> (Thumb, 98 bytes, Stack size 40 bytes, uldiv.o(.text))
<BR><BR>[Stack]<UL><LI>Max Depth = 40<LI>Call Chain = __aeabi_uldivmod
</UL>
<BR>[Calls]<UL><LI><a href="#[a1]">&gt;&gt;</a>&nbsp;&nbsp;&nbsp;__aeabi_llsr
<LI><a href="#[a2]">&gt;&gt;</a>&nbsp;&nbsp;&nbsp;__aeabi_llsl
</UL>
<BR>[Called By]<UL><LI><a href="#[87]">&gt;&gt;</a>&nbsp;&nbsp;&nbsp;cmd_ps
<LI><a href="#[17c]">&gt;&gt;</a>&nbsp;&nbsp;&nbsp;_printf_core
<LI><a href="#[17e]">&gt;&gt;</a>&nbsp;&nbsp;&nbsp;_fp_digits
</UL>

<P><STRONG><a name="[ab]"></a>__rt_ctype_table</STRONG> (Thumb, 4 bytes, Stack size 0 bytes, ctype_o.o(.text))
<BR><BR>[Called By]<UL><LI><a href="#[16b]">&gt;&gt;</a>&nbsp;&nbsp;&nbsp;shell_execute_line
<LI><a href="#[67]">&gt;&gt;</a>&nbsp;&nbsp;&nbsp;VTS_Task
<LI><a href="#[aa]">&gt;&gt;</a>&nbsp;&nbsp;&nbsp;strtol
</UL>

<P><STRONG><a name="[189]"></a>___aeabi_memcpy8$move</STRONG> (Thumb, 0 bytes, Stack size 8 bytes, memmovea.o(.text), UNUSED)

<P><STRONG><a name="[145]"></a>__aeabi_memcpy</STRONG> (Thumb, 64 bytes, Stack size 8 bytes, memmovea.o(.text))
<BR><BR>[Stack]<UL><LI>Max Depth = 8<LI>Call Chain = __aeabi_memcpy
</UL>
<BR>[Called By]<UL><LI><a href="#[ee]">&gt;&gt;</a>&nbsp;&nbsp;&nbsp;Queue_Send
<LI><a href="#[bf]">&gt;&gt;</a>&nbsp;&nbsp;&nbsp;Queue_Receive
<LI><a href="#[bd]">&gt;&gt;</a>&nbsp;&nbsp;&nbsp;Task_Create
</UL>

<P><STRONG><a name="[162]"></a>__aeabi_memcpy4</STRONG> (Thumb, 0 bytes, Stack size 8 bytes, memmovea.o(.text))
<BR><BR>[Stack]<UL><LI>Max Depth = 8<LI>Call Chain = __aeabi_memcpy4
</UL>
<BR>[Called By]<UL><LI><a href="#[85]">&gt;&gt;</a>&nbsp;&nbsp;&nbsp;cmd_log
</UL>

<P><STRONG><a name="[15c]"></a>__aeabi_memmove</STRONG> (Thumb, 0 bytes, Stack size 8 bytes, memmovea.o(.text))
<BR><BR>[Stack]<UL><LI>Max Depth = 8<LI>Call Chain = __aeabi_memmove
</UL>
<BR>[Called By]<UL><LI><a href="#[67]">&gt;&gt;</a>&nbsp;&nbsp;&nbsp;VTS_Task
</UL>

<P><STRONG><a name="[18a]"></a>__aeabi_memmove4</STRONG> (Thumb, 0 bytes, Stack size 8 bytes, memmovea.o(.text), UNUSED)

<P><STRONG><a name="[18b]"></a>__aeabi_memmove8</STRONG> (Thumb, 0 bytes, Stack size 8 bytes, memmovea.o(.text), UNUSED)

<P><STRONG><a name="[a4]"></a>__aeabi_memset</STRONG> (Thumb, 14 bytes, Stack size 0 bytes, memseta.o(.text), UNUSED)
<BR><BR>[Called By]<UL><LI><a href="#[a5]">&gt;&gt;</a>&nbsp;&nbsp;&nbsp;_memset$wrapper
<LI><a href="#[a3]">&gt;&gt;</a>&nbsp;&nbsp;&nbsp;__aeabi_memclr
</UL>

<P><STRONG><a name="[14b]"></a>__aeabi_memset4</STRONG> (Thumb, 0 bytes, Stack size 0 bytes, memseta.o(.text))
<BR><BR>[Called By]<UL><LI><a href="#[bd]">&gt;&gt;</a>&nbsp;&nbsp;&nbsp;Task_Create
</UL>

<P><STRONG><a name="[18c]"></a>__aeabi_memset8</STRONG> (Thumb, 0 bytes, Stack size 0 bytes, memseta.o(.text), UNUSED)

<P><STRONG><a name="[a3]"></a>__aeabi_memclr</STRONG> (Thumb, 4 bytes, Stack size 0 bytes, memseta.o(.text), UNUSED)
<BR><BR>[Calls]<UL><LI><a href="#[a4]">&gt;&gt;</a>&nbsp;&nbsp;&nbsp;__aeabi_memset
</UL>

<P><STRONG><a name="[ce]"></a>__aeabi_memclr4</STRONG> (Thumb, 0 bytes, Stack size 0 bytes, memseta.o(.text))
<BR><BR>[Called By]<UL><LI><a href="#[158]">&gt;&gt;</a>&nbsp;&nbsp;&nbsp;VTS_ReturnToRootFocus
<LI><a href="#[169]">&gt;&gt;</a>&nbsp;&nbsp;&nbsp;shell_create
<LI><a href="#[130]">&gt;&gt;</a>&nbsp;&nbsp;&nbsp;Process_Create
<LI><a href="#[f5]">&gt;&gt;</a>&nbsp;&nbsp;&nbsp;Process_Init
<LI><a href="#[63]">&gt;&gt;</a>&nbsp;&nbsp;&nbsp;process_kernel_event_handler
<LI><a href="#[f7]">&gt;&gt;</a>&nbsp;&nbsp;&nbsp;VTS_Init
<LI><a href="#[67]">&gt;&gt;</a>&nbsp;&nbsp;&nbsp;VTS_Task
<LI><a href="#[cd]">&gt;&gt;</a>&nbsp;&nbsp;&nbsp;Log_Init
<LI><a href="#[f4]">&gt;&gt;</a>&nbsp;&nbsp;&nbsp;StdIOService_Init
<LI><a href="#[fe]">&gt;&gt;</a>&nbsp;&nbsp;&nbsp;scheduler_init
</UL>

<P><STRONG><a name="[de]"></a>__aeabi_memclr8</STRONG> (Thumb, 0 bytes, Stack size 0 bytes, memseta.o(.text))
<BR><BR>[Called By]<UL><LI><a href="#[dd]">&gt;&gt;</a>&nbsp;&nbsp;&nbsp;Monitor_Init
</UL>

<P><STRONG><a name="[a5]"></a>_memset$wrapper</STRONG> (Thumb, 18 bytes, Stack size 8 bytes, memseta.o(.text), UNUSED)
<BR><BR>[Calls]<UL><LI><a href="#[a4]">&gt;&gt;</a>&nbsp;&nbsp;&nbsp;__aeabi_memset
</UL>

<P><STRONG><a name="[cc]"></a>strncpy</STRONG> (Thumb, 24 bytes, Stack size 8 bytes, strncpy.o(.text))
<BR><BR>[Stack]<UL><LI>Max Depth = 8<LI>Call Chain = strncpy
</UL>
<BR>[Called By]<UL><LI><a href="#[16c]">&gt;&gt;</a>&nbsp;&nbsp;&nbsp;shell_history_save_temp
<LI><a href="#[168]">&gt;&gt;</a>&nbsp;&nbsp;&nbsp;shell_add_history
<LI><a href="#[16b]">&gt;&gt;</a>&nbsp;&nbsp;&nbsp;shell_execute_line
<LI><a href="#[cb]">&gt;&gt;</a>&nbsp;&nbsp;&nbsp;Log_AddListener
</UL>

<P><STRONG><a name="[c0]"></a>strlen</STRONG> (Thumb, 14 bytes, Stack size 0 bytes, strlen.o(.text))
<BR><BR>[Called By]<UL><LI><a href="#[bd]">&gt;&gt;</a>&nbsp;&nbsp;&nbsp;Task_Create
<LI><a href="#[177]">&gt;&gt;</a>&nbsp;&nbsp;&nbsp;shell_register_command
<LI><a href="#[169]">&gt;&gt;</a>&nbsp;&nbsp;&nbsp;shell_create
<LI><a href="#[5e]">&gt;&gt;</a>&nbsp;&nbsp;&nbsp;AsyncWriter_Task
</UL>

<P><STRONG><a name="[d6]"></a>strcmp</STRONG> (Thumb, 28 bytes, Stack size 8 bytes, strcmp.o(.text))
<BR><BR>[Stack]<UL><LI>Max Depth = 8<LI>Call Chain = strcmp
</UL>
<BR>[Called By]<UL><LI><a href="#[142]">&gt;&gt;</a>&nbsp;&nbsp;&nbsp;Process_RunProgram
<LI><a href="#[cf]">&gt;&gt;</a>&nbsp;&nbsp;&nbsp;Log_Output
<LI><a href="#[9d]">&gt;&gt;</a>&nbsp;&nbsp;&nbsp;spawner_main
<LI><a href="#[90]">&gt;&gt;</a>&nbsp;&nbsp;&nbsp;cmd_cat
<LI><a href="#[8b]">&gt;&gt;</a>&nbsp;&nbsp;&nbsp;cmd_kill
<LI><a href="#[8a]">&gt;&gt;</a>&nbsp;&nbsp;&nbsp;cmd_run
<LI><a href="#[84]">&gt;&gt;</a>&nbsp;&nbsp;&nbsp;cmd_logall
<LI><a href="#[168]">&gt;&gt;</a>&nbsp;&nbsp;&nbsp;shell_add_history
<LI><a href="#[16b]">&gt;&gt;</a>&nbsp;&nbsp;&nbsp;shell_execute_line
<LI><a href="#[177]">&gt;&gt;</a>&nbsp;&nbsp;&nbsp;shell_register_command
</UL>

<P><STRONG><a name="[16a]"></a>strcpy</STRONG> (Thumb, 18 bytes, Stack size 0 bytes, strcpy.o(.text))
<BR><BR>[Called By]<UL><LI><a href="#[177]">&gt;&gt;</a>&nbsp;&nbsp;&nbsp;shell_register_command
<LI><a href="#[169]">&gt;&gt;</a>&nbsp;&nbsp;&nbsp;shell_create
</UL>

<P><STRONG><a name="[a6]"></a>strcasecmp</STRONG> (Thumb, 42 bytes, Stack size 24 bytes, strcasecmp.o(.text))
<BR><BR>[Stack]<UL><LI>Max Depth = 24<LI>Call Chain = strcasecmp
</UL>
<BR>[Calls]<UL><LI><a href="#[a7]">&gt;&gt;</a>&nbsp;&nbsp;&nbsp;tolower
</UL>
<BR>[Called By]<UL><LI><a href="#[9a]">&gt;&gt;</a>&nbsp;&nbsp;&nbsp;log_program_main
</UL>

<P><STRONG><a name="[a8]"></a>atoi</STRONG> (Thumb, 26 bytes, Stack size 16 bytes, atoi.o(.text))
<BR><BR>[Stack]<UL><LI>Max Depth = 88<LI>Call Chain = atoi &rArr; strtol &rArr; _strtoul
</UL>
<BR>[Calls]<UL><LI><a href="#[aa]">&gt;&gt;</a>&nbsp;&nbsp;&nbsp;strtol
<LI><a href="#[a9]">&gt;&gt;</a>&nbsp;&nbsp;&nbsp;__aeabi_errno_addr
</UL>
<BR>[Called By]<UL><LI><a href="#[8d]">&gt;&gt;</a>&nbsp;&nbsp;&nbsp;cmd_bg
<LI><a href="#[8c]">&gt;&gt;</a>&nbsp;&nbsp;&nbsp;cmd_fg
<LI><a href="#[8b]">&gt;&gt;</a>&nbsp;&nbsp;&nbsp;cmd_kill
<LI><a href="#[86]">&gt;&gt;</a>&nbsp;&nbsp;&nbsp;cmd_loglevel
</UL>

<P><STRONG><a name="[18d]"></a>__aeabi_uidiv</STRONG> (Thumb, 0 bytes, Stack size 12 bytes, uidiv.o(.text), UNUSED)

<P><STRONG><a name="[182]"></a>__aeabi_uidivmod</STRONG> (Thumb, 44 bytes, Stack size 12 bytes, uidiv.o(.text), UNUSED)
<BR><BR>[Called By]<UL><LI><a href="#[17c]">&gt;&gt;</a>&nbsp;&nbsp;&nbsp;_printf_core
</UL>

<P><STRONG><a name="[a2]"></a>__aeabi_llsl</STRONG> (Thumb, 30 bytes, Stack size 0 bytes, llshl.o(.text))
<BR><BR>[Called By]<UL><LI><a href="#[a0]">&gt;&gt;</a>&nbsp;&nbsp;&nbsp;__aeabi_uldivmod
<LI><a href="#[af]">&gt;&gt;</a>&nbsp;&nbsp;&nbsp;_double_epilogue
<LI><a href="#[ad]">&gt;&gt;</a>&nbsp;&nbsp;&nbsp;__aeabi_dadd
<LI><a href="#[b5]">&gt;&gt;</a>&nbsp;&nbsp;&nbsp;__aeabi_d2ulz
</UL>

<P><STRONG><a name="[18e]"></a>_ll_shift_l</STRONG> (Thumb, 0 bytes, Stack size 0 bytes, llshl.o(.text), UNUSED)

<P><STRONG><a name="[a1]"></a>__aeabi_llsr</STRONG> (Thumb, 32 bytes, Stack size 0 bytes, llushr.o(.text))
<BR><BR>[Called By]<UL><LI><a href="#[a0]">&gt;&gt;</a>&nbsp;&nbsp;&nbsp;__aeabi_uldivmod
<LI><a href="#[af]">&gt;&gt;</a>&nbsp;&nbsp;&nbsp;_double_epilogue
<LI><a href="#[b5]">&gt;&gt;</a>&nbsp;&nbsp;&nbsp;__aeabi_d2ulz
</UL>

<P><STRONG><a name="[18f]"></a>_ll_ushift_r</STRONG> (Thumb, 0 bytes, Stack size 0 bytes, llushr.o(.text), UNUSED)

<P><STRONG><a name="[a7]"></a>tolower</STRONG> (Thumb, 12 bytes, Stack size 0 bytes, tolower.o(.text))
<BR><BR>[Called By]<UL><LI><a href="#[a6]">&gt;&gt;</a>&nbsp;&nbsp;&nbsp;strcasecmp
</UL>

<P><STRONG><a name="[aa]"></a>strtol</STRONG> (Thumb, 112 bytes, Stack size 32 bytes, strtol.o(.text))
<BR><BR>[Stack]<UL><LI>Max Depth = 72<LI>Call Chain = strtol &rArr; _strtoul
</UL>
<BR>[Calls]<UL><LI><a href="#[ab]">&gt;&gt;</a>&nbsp;&nbsp;&nbsp;__rt_ctype_table
<LI><a href="#[ac]">&gt;&gt;</a>&nbsp;&nbsp;&nbsp;_strtoul
<LI><a href="#[a9]">&gt;&gt;</a>&nbsp;&nbsp;&nbsp;__aeabi_errno_addr
</UL>
<BR>[Called By]<UL><LI><a href="#[a8]">&gt;&gt;</a>&nbsp;&nbsp;&nbsp;atoi
</UL>

<P><STRONG><a name="[190]"></a>__I$use$fp</STRONG> (Thumb, 0 bytes, Stack size 48 bytes, iusefp.o(.text), UNUSED)

<P><STRONG><a name="[ad]"></a>__aeabi_dadd</STRONG> (Thumb, 322 bytes, Stack size 48 bytes, dadd.o(.text), UNUSED)
<BR><BR>[Calls]<UL><LI><a href="#[ae]">&gt;&gt;</a>&nbsp;&nbsp;&nbsp;__aeabi_lasr
<LI><a href="#[b0]">&gt;&gt;</a>&nbsp;&nbsp;&nbsp;_double_round
<LI><a href="#[af]">&gt;&gt;</a>&nbsp;&nbsp;&nbsp;_double_epilogue
<LI><a href="#[a2]">&gt;&gt;</a>&nbsp;&nbsp;&nbsp;__aeabi_llsl
</UL>
<BR>[Called By]<UL><LI><a href="#[b2]">&gt;&gt;</a>&nbsp;&nbsp;&nbsp;__aeabi_drsub
<LI><a href="#[b1]">&gt;&gt;</a>&nbsp;&nbsp;&nbsp;__aeabi_dsub
<LI><a href="#[17e]">&gt;&gt;</a>&nbsp;&nbsp;&nbsp;_fp_digits
</UL>

<P><STRONG><a name="[b1]"></a>__aeabi_dsub</STRONG> (Thumb, 6 bytes, Stack size 0 bytes, dadd.o(.text), UNUSED)
<BR><BR>[Calls]<UL><LI><a href="#[ad]">&gt;&gt;</a>&nbsp;&nbsp;&nbsp;__aeabi_dadd
</UL>

<P><STRONG><a name="[b2]"></a>__aeabi_drsub</STRONG> (Thumb, 6 bytes, Stack size 0 bytes, dadd.o(.text), UNUSED)
<BR><BR>[Calls]<UL><LI><a href="#[ad]">&gt;&gt;</a>&nbsp;&nbsp;&nbsp;__aeabi_dadd
</UL>

<P><STRONG><a name="[b3]"></a>__aeabi_dmul</STRONG> (Thumb, 228 bytes, Stack size 48 bytes, dmul.o(.text), UNUSED)
<BR><BR>[Calls]<UL><LI><a href="#[af]">&gt;&gt;</a>&nbsp;&nbsp;&nbsp;_double_epilogue
</UL>
<BR>[Called By]<UL><LI><a href="#[17e]">&gt;&gt;</a>&nbsp;&nbsp;&nbsp;_fp_digits
</UL>

<P><STRONG><a name="[b4]"></a>__aeabi_ddiv</STRONG> (Thumb, 222 bytes, Stack size 32 bytes, ddiv.o(.text), UNUSED)
<BR><BR>[Calls]<UL><LI><a href="#[b0]">&gt;&gt;</a>&nbsp;&nbsp;&nbsp;_double_round
</UL>
<BR>[Called By]<UL><LI><a href="#[17e]">&gt;&gt;</a>&nbsp;&nbsp;&nbsp;_fp_digits
</UL>

<P><STRONG><a name="[b5]"></a>__aeabi_d2ulz</STRONG> (Thumb, 48 bytes, Stack size 0 bytes, dfixul.o(.text), UNUSED)
<BR><BR>[Calls]<UL><LI><a href="#[a1]">&gt;&gt;</a>&nbsp;&nbsp;&nbsp;__aeabi_llsr
<LI><a href="#[a2]">&gt;&gt;</a>&nbsp;&nbsp;&nbsp;__aeabi_llsl
</UL>
<BR>[Called By]<UL><LI><a href="#[17e]">&gt;&gt;</a>&nbsp;&nbsp;&nbsp;_fp_digits
</UL>

<P><STRONG><a name="[17f]"></a>__aeabi_cdrcmple</STRONG> (Thumb, 48 bytes, Stack size 0 bytes, cdrcmple.o(.text), UNUSED)
<BR><BR>[Called By]<UL><LI><a href="#[17e]">&gt;&gt;</a>&nbsp;&nbsp;&nbsp;_fp_digits
</UL>

<P><STRONG><a name="[9f]"></a>__scatterload</STRONG> (Thumb, 38 bytes, Stack size 0 bytes, init.o(.text))
<BR><BR>[Calls]<UL><LI><a href="#[b6]">&gt;&gt;</a>&nbsp;&nbsp;&nbsp;__main_after_scatterload
</UL>
<BR>[Called By]<UL><LI><a href="#[9e]">&gt;&gt;</a>&nbsp;&nbsp;&nbsp;_main_scatterload
</UL>

<P><STRONG><a name="[191]"></a>__scatterload_rt2</STRONG> (Thumb, 0 bytes, Stack size 0 bytes, init.o(.text), UNUSED)

<P><STRONG><a name="[ae]"></a>__aeabi_lasr</STRONG> (Thumb, 36 bytes, Stack size 0 bytes, llsshr.o(.text), UNUSED)
<BR><BR>[Called By]<UL><LI><a href="#[ad]">&gt;&gt;</a>&nbsp;&nbsp;&nbsp;__aeabi_dadd
</UL>

<P><STRONG><a name="[192]"></a>_ll_sshift_r</STRONG> (Thumb, 0 bytes, Stack size 0 bytes, llsshr.o(.text), UNUSED)

<P><STRONG><a name="[ac]"></a>_strtoul</STRONG> (Thumb, 158 bytes, Stack size 40 bytes, _strtoul.o(.text))
<BR><BR>[Stack]<UL><LI>Max Depth = 40<LI>Call Chain = _strtoul
</UL>
<BR>[Calls]<UL><LI><a href="#[b7]">&gt;&gt;</a>&nbsp;&nbsp;&nbsp;_chval
<LI><a href="#[a9]">&gt;&gt;</a>&nbsp;&nbsp;&nbsp;__aeabi_errno_addr
</UL>
<BR>[Called By]<UL><LI><a href="#[aa]">&gt;&gt;</a>&nbsp;&nbsp;&nbsp;strtol
</UL>

<P><STRONG><a name="[b0]"></a>_double_round</STRONG> (Thumb, 30 bytes, Stack size 8 bytes, depilogue.o(.text), UNUSED)
<BR><BR>[Called By]<UL><LI><a href="#[af]">&gt;&gt;</a>&nbsp;&nbsp;&nbsp;_double_epilogue
<LI><a href="#[b4]">&gt;&gt;</a>&nbsp;&nbsp;&nbsp;__aeabi_ddiv
<LI><a href="#[ad]">&gt;&gt;</a>&nbsp;&nbsp;&nbsp;__aeabi_dadd
</UL>

<P><STRONG><a name="[af]"></a>_double_epilogue</STRONG> (Thumb, 156 bytes, Stack size 32 bytes, depilogue.o(.text), UNUSED)
<BR><BR>[Calls]<UL><LI><a href="#[b0]">&gt;&gt;</a>&nbsp;&nbsp;&nbsp;_double_round
<LI><a href="#[a1]">&gt;&gt;</a>&nbsp;&nbsp;&nbsp;__aeabi_llsr
<LI><a href="#[a2]">&gt;&gt;</a>&nbsp;&nbsp;&nbsp;__aeabi_llsl
</UL>
<BR>[Called By]<UL><LI><a href="#[b3]">&gt;&gt;</a>&nbsp;&nbsp;&nbsp;__aeabi_dmul
<LI><a href="#[ad]">&gt;&gt;</a>&nbsp;&nbsp;&nbsp;__aeabi_dadd
</UL>

<P><STRONG><a name="[b7]"></a>_chval</STRONG> (Thumb, 28 bytes, Stack size 0 bytes, _chval.o(.text))
<BR><BR>[Called By]<UL><LI><a href="#[ac]">&gt;&gt;</a>&nbsp;&nbsp;&nbsp;_strtoul
</UL>

<P><STRONG><a name="[b8]"></a>AsyncIOService_Init</STRONG> (Thumb, 132 bytes, Stack size 24 bytes, myrtos_asyncio.o(.text.AsyncIOService_Init))
<BR><BR>[Stack]<UL><LI>Max Depth = 208<LI>Call Chain = AsyncIOService_Init &rArr; Task_Create &rArr; MyRTOS_Malloc &rArr; MyRTOS_ReportError &rArr; broadcast_event
</UL>
<BR>[Calls]<UL><LI><a href="#[ba]">&gt;&gt;</a>&nbsp;&nbsp;&nbsp;MyRTOS_Port_ExitCritical
<LI><a href="#[b9]">&gt;&gt;</a>&nbsp;&nbsp;&nbsp;MyRTOS_Port_EnterCritical
<LI><a href="#[bb]">&gt;&gt;</a>&nbsp;&nbsp;&nbsp;Mutex_Create
<LI><a href="#[bd]">&gt;&gt;</a>&nbsp;&nbsp;&nbsp;Task_Create
<LI><a href="#[bc]">&gt;&gt;</a>&nbsp;&nbsp;&nbsp;Queue_Create
<LI><a href="#[be]">&gt;&gt;</a>&nbsp;&nbsp;&nbsp;Queue_Delete
</UL>
<BR>[Called By]<UL><LI><a href="#[f0]">&gt;&gt;</a>&nbsp;&nbsp;&nbsp;MyRTOS_Boot_Init
</UL>

<P><STRONG><a name="[4]"></a>BusFault_Handler</STRONG> (Thumb, 2 bytes, Stack size 0 bytes, gd32f4xx_it.o(.text.BusFault_Handler))
<BR><BR>[Calls]<UL><LI><a href="#[4]">&gt;&gt;</a>&nbsp;&nbsp;&nbsp;BusFault_Handler
</UL>
<BR>[Called By]<UL><LI><a href="#[4]">&gt;&gt;</a>&nbsp;&nbsp;&nbsp;BusFault_Handler
</UL>
<BR>[Address Reference Count : 1]<UL><LI> startup_gd32f407_427.o(RESET)
</UL>
<P><STRONG><a name="[7]"></a>DebugMon_Handler</STRONG> (Thumb, 2 bytes, Stack size 0 bytes, gd32f4xx_it.o(.text.DebugMon_Handler))
<BR><BR>[Calls]<UL><LI><a href="#[7]">&gt;&gt;</a>&nbsp;&nbsp;&nbsp;DebugMon_Handler
</UL>
<BR>[Called By]<UL><LI><a href="#[7]">&gt;&gt;</a>&nbsp;&nbsp;&nbsp;DebugMon_Handler
</UL>
<BR>[Address Reference Count : 1]<UL><LI> startup_gd32f407_427.o(RESET)
</UL>
<P><STRONG><a name="[10]"></a>EXTI0_IRQHandler</STRONG> (Thumb, 68 bytes, Stack size 16 bytes, main.o(.text.EXTI0_IRQHandler))
<BR><BR>[Stack]<UL><LI>Max Depth = 40<LI>Call Chain = EXTI0_IRQHandler &rArr; Semaphore_GiveFromISR &rArr; addTaskToReadyList
</UL>
<BR>[Calls]<UL><LI><a href="#[c6]">&gt;&gt;</a>&nbsp;&nbsp;&nbsp;MyRTOS_Port_YieldFromISR
<LI><a href="#[c5]">&gt;&gt;</a>&nbsp;&nbsp;&nbsp;Semaphore_GiveFromISR
<LI><a href="#[c4]">&gt;&gt;</a>&nbsp;&nbsp;&nbsp;Task_NotifyFromISR
<LI><a href="#[c3]">&gt;&gt;</a>&nbsp;&nbsp;&nbsp;exti_interrupt_flag_clear
<LI><a href="#[c2]">&gt;&gt;</a>&nbsp;&nbsp;&nbsp;exti_interrupt_flag_get
</UL>
<BR>[Address Reference Count : 1]<UL><LI> startup_gd32f407_427.o(RESET)
</UL>
<P><STRONG><a name="[2]"></a>HardFault_Handler</STRONG> (Thumb, 18 bytes, Stack size 0 bytes, arm_cm4f.o(.text.HardFault_Handler))
<BR><BR>[Stack]<UL><LI>Max Depth = 64<LI>Call Chain = HardFault_Handler &rArr; HardFault_Report &rArr; Platform_HardFault_Hook &rArr; Platform_fault_putchar
</UL>
<BR>[Calls]<UL><LI><a href="#[c7]">&gt;&gt;</a>&nbsp;&nbsp;&nbsp;HardFault_Report
</UL>
<BR>[Address Reference Count : 1]<UL><LI> startup_gd32f407_427.o(RESET)
</UL>
<P><STRONG><a name="[c7]"></a>HardFault_Report</STRONG> (Thumb, 26 bytes, Stack size 0 bytes, arm_cm4f.o(.text.HardFault_Report))
<BR><BR>[Stack]<UL><LI>Max Depth = 64<LI>Call Chain = HardFault_Report &rArr; Platform_HardFault_Hook &rArr; Platform_fault_putchar
</UL>
<BR>[Calls]<UL><LI><a href="#[ca]">&gt;&gt;</a>&nbsp;&nbsp;&nbsp;Platform_HardFault_Hook
<LI><a href="#[c8]">&gt;&gt;</a>&nbsp;&nbsp;&nbsp;MyRTOS_Schedule_IsRunning
<LI><a href="#[c9]">&gt;&gt;</a>&nbsp;&nbsp;&nbsp;MyRTOS_ReportError
</UL>
<BR>[Called By]<UL><LI><a href="#[2]">&gt;&gt;</a>&nbsp;&nbsp;&nbsp;HardFault_Handler
</UL>

<P><STRONG><a name="[cb]"></a>Log_AddListener</STRONG> (Thumb, 120 bytes, Stack size 24 bytes, myrtos_log.o(.text.Log_AddListener))
<BR><BR>[Stack]<UL><LI>Max Depth = 32<LI>Call Chain = Log_AddListener &rArr; strncpy
</UL>
<BR>[Calls]<UL><LI><a href="#[ba]">&gt;&gt;</a>&nbsp;&nbsp;&nbsp;MyRTOS_Port_ExitCritical
<LI><a href="#[b9]">&gt;&gt;</a>&nbsp;&nbsp;&nbsp;MyRTOS_Port_EnterCritical
<LI><a href="#[cc]">&gt;&gt;</a>&nbsp;&nbsp;&nbsp;strncpy
</UL>
<BR>[Called By]<UL><LI><a href="#[9a]">&gt;&gt;</a>&nbsp;&nbsp;&nbsp;log_program_main
<LI><a href="#[84]">&gt;&gt;</a>&nbsp;&nbsp;&nbsp;cmd_logall
</UL>

<P><STRONG><a name="[131]"></a>Log_GetGlobalLevel</STRONG> (Thumb, 12 bytes, Stack size 0 bytes, myrtos_log.o(.text.Log_GetGlobalLevel))
<BR><BR>[Called By]<UL><LI><a href="#[13f]">&gt;&gt;</a>&nbsp;&nbsp;&nbsp;Process_RegisterProgram
<LI><a href="#[142]">&gt;&gt;</a>&nbsp;&nbsp;&nbsp;Process_RunProgram
<LI><a href="#[7d]">&gt;&gt;</a>&nbsp;&nbsp;&nbsp;c_task
<LI><a href="#[7b]">&gt;&gt;</a>&nbsp;&nbsp;&nbsp;suspend_resume_test_task
<LI><a href="#[7a]">&gt;&gt;</a>&nbsp;&nbsp;&nbsp;target_task
<LI><a href="#[79]">&gt;&gt;</a>&nbsp;&nbsp;&nbsp;timer_test_task
<LI><a href="#[78]">&gt;&gt;</a>&nbsp;&nbsp;&nbsp;interrupt_handler_task
<LI><a href="#[77]">&gt;&gt;</a>&nbsp;&nbsp;&nbsp;high_prio_task
<LI><a href="#[75]">&gt;&gt;</a>&nbsp;&nbsp;&nbsp;d_task
<LI><a href="#[74]">&gt;&gt;</a>&nbsp;&nbsp;&nbsp;b_task
<LI><a href="#[73]">&gt;&gt;</a>&nbsp;&nbsp;&nbsp;a_task
<LI><a href="#[72]">&gt;&gt;</a>&nbsp;&nbsp;&nbsp;recursive_test_task
<LI><a href="#[71]">&gt;&gt;</a>&nbsp;&nbsp;&nbsp;isr_test_task
<LI><a href="#[70]">&gt;&gt;</a>&nbsp;&nbsp;&nbsp;printer_task
<LI><a href="#[6f]">&gt;&gt;</a>&nbsp;&nbsp;&nbsp;inspector_task
<LI><a href="#[6e]">&gt;&gt;</a>&nbsp;&nbsp;&nbsp;producer_task
<LI><a href="#[6d]">&gt;&gt;</a>&nbsp;&nbsp;&nbsp;consumer_task
<LI><a href="#[6c]">&gt;&gt;</a>&nbsp;&nbsp;&nbsp;perio_timer_cb
<LI><a href="#[6b]">&gt;&gt;</a>&nbsp;&nbsp;&nbsp;single_timer_cb
<LI><a href="#[9b]">&gt;&gt;</a>&nbsp;&nbsp;&nbsp;looper_main
<LI><a href="#[86]">&gt;&gt;</a>&nbsp;&nbsp;&nbsp;cmd_loglevel
<LI><a href="#[140]">&gt;&gt;</a>&nbsp;&nbsp;&nbsp;Process_Resume
<LI><a href="#[143]">&gt;&gt;</a>&nbsp;&nbsp;&nbsp;Process_Suspend
<LI><a href="#[135]">&gt;&gt;</a>&nbsp;&nbsp;&nbsp;Process_Exit
<LI><a href="#[130]">&gt;&gt;</a>&nbsp;&nbsp;&nbsp;Process_Create
<LI><a href="#[13e]">&gt;&gt;</a>&nbsp;&nbsp;&nbsp;Process_Kill
<LI><a href="#[f5]">&gt;&gt;</a>&nbsp;&nbsp;&nbsp;Process_Init
<LI><a href="#[62]">&gt;&gt;</a>&nbsp;&nbsp;&nbsp;process_launcher_task
<LI><a href="#[63]">&gt;&gt;</a>&nbsp;&nbsp;&nbsp;process_kernel_event_handler
</UL>

<P><STRONG><a name="[cd]"></a>Log_Init</STRONG> (Thumb, 68 bytes, Stack size 16 bytes, myrtos_log.o(.text.Log_Init))
<BR><BR>[Stack]<UL><LI>Max Depth = 128<LI>Call Chain = Log_Init &rArr; Mutex_Create &rArr; MyRTOS_Malloc &rArr; MyRTOS_ReportError &rArr; broadcast_event
</UL>
<BR>[Calls]<UL><LI><a href="#[bb]">&gt;&gt;</a>&nbsp;&nbsp;&nbsp;Mutex_Create
<LI><a href="#[ce]">&gt;&gt;</a>&nbsp;&nbsp;&nbsp;__aeabi_memclr4
</UL>
<BR>[Called By]<UL><LI><a href="#[f0]">&gt;&gt;</a>&nbsp;&nbsp;&nbsp;MyRTOS_Boot_Init
</UL>

<P><STRONG><a name="[cf]"></a>Log_Output</STRONG> (Thumb, 340 bytes, Stack size 72 bytes, myrtos_log.o(.text.Log_Output))
<BR><BR>[Stack]<UL><LI>Max Depth = 192<LI>Call Chain = Log_Output &rArr; MyRTOS_AsyncPrintf &rArr; MyRTOS_AsyncVPrintf &rArr; Mutex_Lock &rArr; Mutex_Lock_Timeout &rArr; task_set_priority
</UL>
<BR>[Calls]<UL><LI><a href="#[ba]">&gt;&gt;</a>&nbsp;&nbsp;&nbsp;MyRTOS_Port_ExitCritical
<LI><a href="#[b9]">&gt;&gt;</a>&nbsp;&nbsp;&nbsp;MyRTOS_Port_EnterCritical
<LI><a href="#[d1]">&gt;&gt;</a>&nbsp;&nbsp;&nbsp;Task_GetCurrentTaskHandle
<LI><a href="#[d2]">&gt;&gt;</a>&nbsp;&nbsp;&nbsp;Task_GetName
<LI><a href="#[d6]">&gt;&gt;</a>&nbsp;&nbsp;&nbsp;strcmp
<LI><a href="#[d7]">&gt;&gt;</a>&nbsp;&nbsp;&nbsp;MyRTOS_AsyncPrintf
<LI><a href="#[d5]">&gt;&gt;</a>&nbsp;&nbsp;&nbsp;MyRTOS_FormatV
<LI><a href="#[c8]">&gt;&gt;</a>&nbsp;&nbsp;&nbsp;MyRTOS_Schedule_IsRunning
<LI><a href="#[d0]">&gt;&gt;</a>&nbsp;&nbsp;&nbsp;Mutex_Lock
<LI><a href="#[d3]">&gt;&gt;</a>&nbsp;&nbsp;&nbsp;MyRTOS_GetTick
<LI><a href="#[d8]">&gt;&gt;</a>&nbsp;&nbsp;&nbsp;Mutex_Unlock
<LI><a href="#[d4]">&gt;&gt;</a>&nbsp;&nbsp;&nbsp;__2snprintf
</UL>
<BR>[Called By]<UL><LI><a href="#[13f]">&gt;&gt;</a>&nbsp;&nbsp;&nbsp;Process_RegisterProgram
<LI><a href="#[142]">&gt;&gt;</a>&nbsp;&nbsp;&nbsp;Process_RunProgram
<LI><a href="#[7d]">&gt;&gt;</a>&nbsp;&nbsp;&nbsp;c_task
<LI><a href="#[7b]">&gt;&gt;</a>&nbsp;&nbsp;&nbsp;suspend_resume_test_task
<LI><a href="#[7a]">&gt;&gt;</a>&nbsp;&nbsp;&nbsp;target_task
<LI><a href="#[79]">&gt;&gt;</a>&nbsp;&nbsp;&nbsp;timer_test_task
<LI><a href="#[78]">&gt;&gt;</a>&nbsp;&nbsp;&nbsp;interrupt_handler_task
<LI><a href="#[77]">&gt;&gt;</a>&nbsp;&nbsp;&nbsp;high_prio_task
<LI><a href="#[75]">&gt;&gt;</a>&nbsp;&nbsp;&nbsp;d_task
<LI><a href="#[74]">&gt;&gt;</a>&nbsp;&nbsp;&nbsp;b_task
<LI><a href="#[73]">&gt;&gt;</a>&nbsp;&nbsp;&nbsp;a_task
<LI><a href="#[72]">&gt;&gt;</a>&nbsp;&nbsp;&nbsp;recursive_test_task
<LI><a href="#[71]">&gt;&gt;</a>&nbsp;&nbsp;&nbsp;isr_test_task
<LI><a href="#[70]">&gt;&gt;</a>&nbsp;&nbsp;&nbsp;printer_task
<LI><a href="#[6f]">&gt;&gt;</a>&nbsp;&nbsp;&nbsp;inspector_task
<LI><a href="#[6e]">&gt;&gt;</a>&nbsp;&nbsp;&nbsp;producer_task
<LI><a href="#[6d]">&gt;&gt;</a>&nbsp;&nbsp;&nbsp;consumer_task
<LI><a href="#[6c]">&gt;&gt;</a>&nbsp;&nbsp;&nbsp;perio_timer_cb
<LI><a href="#[6b]">&gt;&gt;</a>&nbsp;&nbsp;&nbsp;single_timer_cb
<LI><a href="#[9b]">&gt;&gt;</a>&nbsp;&nbsp;&nbsp;looper_main
<LI><a href="#[140]">&gt;&gt;</a>&nbsp;&nbsp;&nbsp;Process_Resume
<LI><a href="#[143]">&gt;&gt;</a>&nbsp;&nbsp;&nbsp;Process_Suspend
<LI><a href="#[135]">&gt;&gt;</a>&nbsp;&nbsp;&nbsp;Process_Exit
<LI><a href="#[130]">&gt;&gt;</a>&nbsp;&nbsp;&nbsp;Process_Create
<LI><a href="#[13e]">&gt;&gt;</a>&nbsp;&nbsp;&nbsp;Process_Kill
<LI><a href="#[f5]">&gt;&gt;</a>&nbsp;&nbsp;&nbsp;Process_Init
<LI><a href="#[62]">&gt;&gt;</a>&nbsp;&nbsp;&nbsp;process_launcher_task
<LI><a href="#[63]">&gt;&gt;</a>&nbsp;&nbsp;&nbsp;process_kernel_event_handler
</UL>

<P><STRONG><a name="[d9]"></a>Log_RemoveListener</STRONG> (Thumb, 90 bytes, Stack size 16 bytes, myrtos_log.o(.text.Log_RemoveListener))
<BR><BR>[Stack]<UL><LI>Max Depth = 16<LI>Call Chain = Log_RemoveListener
</UL>
<BR>[Calls]<UL><LI><a href="#[ba]">&gt;&gt;</a>&nbsp;&nbsp;&nbsp;MyRTOS_Port_ExitCritical
<LI><a href="#[b9]">&gt;&gt;</a>&nbsp;&nbsp;&nbsp;MyRTOS_Port_EnterCritical
</UL>
<BR>[Called By]<UL><LI><a href="#[9a]">&gt;&gt;</a>&nbsp;&nbsp;&nbsp;log_program_main
<LI><a href="#[84]">&gt;&gt;</a>&nbsp;&nbsp;&nbsp;cmd_logall
</UL>

<P><STRONG><a name="[da]"></a>Log_SetGlobalLevel</STRONG> (Thumb, 26 bytes, Stack size 8 bytes, myrtos_log.o(.text.Log_SetGlobalLevel))
<BR><BR>[Stack]<UL><LI>Max Depth = 8<LI>Call Chain = Log_SetGlobalLevel
</UL>
<BR>[Calls]<UL><LI><a href="#[ba]">&gt;&gt;</a>&nbsp;&nbsp;&nbsp;MyRTOS_Port_ExitCritical
<LI><a href="#[b9]">&gt;&gt;</a>&nbsp;&nbsp;&nbsp;MyRTOS_Port_EnterCritical
</UL>
<BR>[Called By]<UL><LI><a href="#[86]">&gt;&gt;</a>&nbsp;&nbsp;&nbsp;cmd_loglevel
</UL>

<P><STRONG><a name="[3]"></a>MemManage_Handler</STRONG> (Thumb, 2 bytes, Stack size 0 bytes, gd32f4xx_it.o(.text.MemManage_Handler))
<BR><BR>[Calls]<UL><LI><a href="#[3]">&gt;&gt;</a>&nbsp;&nbsp;&nbsp;MemManage_Handler
</UL>
<BR>[Called By]<UL><LI><a href="#[3]">&gt;&gt;</a>&nbsp;&nbsp;&nbsp;MemManage_Handler
</UL>
<BR>[Address Reference Count : 1]<UL><LI> startup_gd32f407_427.o(RESET)
</UL>
<P><STRONG><a name="[db]"></a>Monitor_GetHeapStats</STRONG> (Thumb, 52 bytes, Stack size 8 bytes, myrtos_monitor.o(.text.Monitor_GetHeapStats))
<BR><BR>[Stack]<UL><LI>Max Depth = 8<LI>Call Chain = Monitor_GetHeapStats
</UL>
<BR>[Calls]<UL><LI><a href="#[ba]">&gt;&gt;</a>&nbsp;&nbsp;&nbsp;MyRTOS_Port_ExitCritical
<LI><a href="#[b9]">&gt;&gt;</a>&nbsp;&nbsp;&nbsp;MyRTOS_Port_EnterCritical
</UL>
<BR>[Called By]<UL><LI><a href="#[90]">&gt;&gt;</a>&nbsp;&nbsp;&nbsp;cmd_cat
<LI><a href="#[8f]">&gt;&gt;</a>&nbsp;&nbsp;&nbsp;cmd_top
<LI><a href="#[87]">&gt;&gt;</a>&nbsp;&nbsp;&nbsp;cmd_ps
</UL>

<P><STRONG><a name="[15f]"></a>Monitor_GetNextTask</STRONG> (Thumb, 20 bytes, Stack size 0 bytes, myrtos_monitor.o(.text.Monitor_GetNextTask))
<BR><BR>[Called By]<UL><LI><a href="#[90]">&gt;&gt;</a>&nbsp;&nbsp;&nbsp;cmd_cat
<LI><a href="#[8f]">&gt;&gt;</a>&nbsp;&nbsp;&nbsp;cmd_top
<LI><a href="#[87]">&gt;&gt;</a>&nbsp;&nbsp;&nbsp;cmd_ps
</UL>

<P><STRONG><a name="[dc]"></a>Monitor_GetTaskInfo</STRONG> (Thumb, 172 bytes, Stack size 16 bytes, myrtos_monitor.o(.text.Monitor_GetTaskInfo))
<BR><BR>[Stack]<UL><LI>Max Depth = 16<LI>Call Chain = Monitor_GetTaskInfo
</UL>
<BR>[Calls]<UL><LI><a href="#[ba]">&gt;&gt;</a>&nbsp;&nbsp;&nbsp;MyRTOS_Port_ExitCritical
<LI><a href="#[b9]">&gt;&gt;</a>&nbsp;&nbsp;&nbsp;MyRTOS_Port_EnterCritical
</UL>
<BR>[Called By]<UL><LI><a href="#[90]">&gt;&gt;</a>&nbsp;&nbsp;&nbsp;cmd_cat
<LI><a href="#[8f]">&gt;&gt;</a>&nbsp;&nbsp;&nbsp;cmd_top
<LI><a href="#[87]">&gt;&gt;</a>&nbsp;&nbsp;&nbsp;cmd_ps
</UL>

<P><STRONG><a name="[dd]"></a>Monitor_Init</STRONG> (Thumb, 110 bytes, Stack size 8 bytes, myrtos_monitor.o(.text.Monitor_Init))
<BR><BR>[Stack]<UL><LI>Max Depth = 32<LI>Call Chain = Monitor_Init &rArr; MyRTOS_RegisterExtension
</UL>
<BR>[Calls]<UL><LI><a href="#[ba]">&gt;&gt;</a>&nbsp;&nbsp;&nbsp;MyRTOS_Port_ExitCritical
<LI><a href="#[b9]">&gt;&gt;</a>&nbsp;&nbsp;&nbsp;MyRTOS_Port_EnterCritical
<LI><a href="#[de]">&gt;&gt;</a>&nbsp;&nbsp;&nbsp;__aeabi_memclr8
<LI><a href="#[df]">&gt;&gt;</a>&nbsp;&nbsp;&nbsp;MyRTOS_RegisterExtension
</UL>
<BR>[Called By]<UL><LI><a href="#[f0]">&gt;&gt;</a>&nbsp;&nbsp;&nbsp;MyRTOS_Boot_Init
</UL>

<P><STRONG><a name="[bb]"></a>Mutex_Create</STRONG> (Thumb, 40 bytes, Stack size 8 bytes, myrtos_mutex.o(.text.Mutex_Create))
<BR><BR>[Stack]<UL><LI>Max Depth = 112<LI>Call Chain = Mutex_Create &rArr; MyRTOS_Malloc &rArr; MyRTOS_ReportError &rArr; broadcast_event
</UL>
<BR>[Calls]<UL><LI><a href="#[e1]">&gt;&gt;</a>&nbsp;&nbsp;&nbsp;eventListInit
<LI><a href="#[e0]">&gt;&gt;</a>&nbsp;&nbsp;&nbsp;MyRTOS_Malloc
</UL>
<BR>[Called By]<UL><LI><a href="#[81]">&gt;&gt;</a>&nbsp;&nbsp;&nbsp;create_tasks
<LI><a href="#[f5]">&gt;&gt;</a>&nbsp;&nbsp;&nbsp;Process_Init
<LI><a href="#[f7]">&gt;&gt;</a>&nbsp;&nbsp;&nbsp;VTS_Init
<LI><a href="#[cd]">&gt;&gt;</a>&nbsp;&nbsp;&nbsp;Log_Init
<LI><a href="#[b8]">&gt;&gt;</a>&nbsp;&nbsp;&nbsp;AsyncIOService_Init
</UL>

<P><STRONG><a name="[d0]"></a>Mutex_Lock</STRONG> (Thumb, 8 bytes, Stack size 0 bytes, myrtos_mutex.o(.text.Mutex_Lock))
<BR><BR>[Stack]<UL><LI>Max Depth = 64<LI>Call Chain = Mutex_Lock &rArr; Mutex_Lock_Timeout &rArr; task_set_priority
</UL>
<BR>[Calls]<UL><LI><a href="#[e2]">&gt;&gt;</a>&nbsp;&nbsp;&nbsp;Mutex_Lock_Timeout
</UL>
<BR>[Called By]<UL><LI><a href="#[158]">&gt;&gt;</a>&nbsp;&nbsp;&nbsp;VTS_ReturnToRootFocus
<LI><a href="#[159]">&gt;&gt;</a>&nbsp;&nbsp;&nbsp;VTS_SetFocus
<LI><a href="#[13a]">&gt;&gt;</a>&nbsp;&nbsp;&nbsp;Process_GetFdHandleByPid
<LI><a href="#[163]">&gt;&gt;</a>&nbsp;&nbsp;&nbsp;getpid
<LI><a href="#[142]">&gt;&gt;</a>&nbsp;&nbsp;&nbsp;Process_RunProgram
<LI><a href="#[cf]">&gt;&gt;</a>&nbsp;&nbsp;&nbsp;Log_Output
<LI><a href="#[138]">&gt;&gt;</a>&nbsp;&nbsp;&nbsp;Process_ForEachProgram
<LI><a href="#[137]">&gt;&gt;</a>&nbsp;&nbsp;&nbsp;Process_ForEach
<LI><a href="#[139]">&gt;&gt;</a>&nbsp;&nbsp;&nbsp;Process_GetExitCode
<LI><a href="#[13c]">&gt;&gt;</a>&nbsp;&nbsp;&nbsp;Process_GetState
<LI><a href="#[13d]">&gt;&gt;</a>&nbsp;&nbsp;&nbsp;Process_GetTaskHandle
<LI><a href="#[13b]">&gt;&gt;</a>&nbsp;&nbsp;&nbsp;Process_GetName
<LI><a href="#[140]">&gt;&gt;</a>&nbsp;&nbsp;&nbsp;Process_Resume
<LI><a href="#[143]">&gt;&gt;</a>&nbsp;&nbsp;&nbsp;Process_Suspend
<LI><a href="#[135]">&gt;&gt;</a>&nbsp;&nbsp;&nbsp;Process_Exit
<LI><a href="#[130]">&gt;&gt;</a>&nbsp;&nbsp;&nbsp;Process_Create
<LI><a href="#[13e]">&gt;&gt;</a>&nbsp;&nbsp;&nbsp;Process_Kill
<LI><a href="#[63]">&gt;&gt;</a>&nbsp;&nbsp;&nbsp;process_kernel_event_handler
<LI><a href="#[15a]">&gt;&gt;</a>&nbsp;&nbsp;&nbsp;VTS_SetTerminalMode
<LI><a href="#[67]">&gt;&gt;</a>&nbsp;&nbsp;&nbsp;VTS_Task
<LI><a href="#[ed]">&gt;&gt;</a>&nbsp;&nbsp;&nbsp;MyRTOS_AsyncVPrintf
</UL>

<P><STRONG><a name="[e3]"></a>Mutex_Lock_Recursive</STRONG> (Thumb, 80 bytes, Stack size 16 bytes, myrtos_mutex.o(.text.Mutex_Lock_Recursive))
<BR><BR>[Stack]<UL><LI>Max Depth = 80<LI>Call Chain = Mutex_Lock_Recursive &rArr; Mutex_Lock_Timeout &rArr; task_set_priority
</UL>
<BR>[Calls]<UL><LI><a href="#[ba]">&gt;&gt;</a>&nbsp;&nbsp;&nbsp;MyRTOS_Port_ExitCritical
<LI><a href="#[b9]">&gt;&gt;</a>&nbsp;&nbsp;&nbsp;MyRTOS_Port_EnterCritical
<LI><a href="#[e2]">&gt;&gt;</a>&nbsp;&nbsp;&nbsp;Mutex_Lock_Timeout
</UL>
<BR>[Called By]<UL><LI><a href="#[72]">&gt;&gt;</a>&nbsp;&nbsp;&nbsp;recursive_test_task
</UL>

<P><STRONG><a name="[e2]"></a>Mutex_Lock_Timeout</STRONG> (Thumb, 224 bytes, Stack size 40 bytes, myrtos_mutex.o(.text.Mutex_Lock_Timeout))
<BR><BR>[Stack]<UL><LI>Max Depth = 64<LI>Call Chain = Mutex_Lock_Timeout &rArr; task_set_priority
</UL>
<BR>[Calls]<UL><LI><a href="#[ba]">&gt;&gt;</a>&nbsp;&nbsp;&nbsp;MyRTOS_Port_ExitCritical
<LI><a href="#[b9]">&gt;&gt;</a>&nbsp;&nbsp;&nbsp;MyRTOS_Port_EnterCritical
<LI><a href="#[d3]">&gt;&gt;</a>&nbsp;&nbsp;&nbsp;MyRTOS_GetTick
<LI><a href="#[e9]">&gt;&gt;</a>&nbsp;&nbsp;&nbsp;MyRTOS_Port_Yield
<LI><a href="#[e5]">&gt;&gt;</a>&nbsp;&nbsp;&nbsp;get_ready_task_list
<LI><a href="#[e4]">&gt;&gt;</a>&nbsp;&nbsp;&nbsp;task_set_priority
<LI><a href="#[ea]">&gt;&gt;</a>&nbsp;&nbsp;&nbsp;eventListRemove
<LI><a href="#[e7]">&gt;&gt;</a>&nbsp;&nbsp;&nbsp;eventListInsert
<LI><a href="#[e8]">&gt;&gt;</a>&nbsp;&nbsp;&nbsp;addTaskToSortedDelayList
<LI><a href="#[e6]">&gt;&gt;</a>&nbsp;&nbsp;&nbsp;removeTaskFromList
</UL>
<BR>[Called By]<UL><LI><a href="#[e3]">&gt;&gt;</a>&nbsp;&nbsp;&nbsp;Mutex_Lock_Recursive
<LI><a href="#[d0]">&gt;&gt;</a>&nbsp;&nbsp;&nbsp;Mutex_Lock
</UL>

<P><STRONG><a name="[d8]"></a>Mutex_Unlock</STRONG> (Thumb, 184 bytes, Stack size 24 bytes, myrtos_mutex.o(.text.Mutex_Unlock))
<BR><BR>[Stack]<UL><LI>Max Depth = 48<LI>Call Chain = Mutex_Unlock &rArr; task_set_priority
</UL>
<BR>[Calls]<UL><LI><a href="#[ba]">&gt;&gt;</a>&nbsp;&nbsp;&nbsp;MyRTOS_Port_ExitCritical
<LI><a href="#[b9]">&gt;&gt;</a>&nbsp;&nbsp;&nbsp;MyRTOS_Port_EnterCritical
<LI><a href="#[e9]">&gt;&gt;</a>&nbsp;&nbsp;&nbsp;MyRTOS_Port_Yield
<LI><a href="#[e4]">&gt;&gt;</a>&nbsp;&nbsp;&nbsp;task_set_priority
<LI><a href="#[ea]">&gt;&gt;</a>&nbsp;&nbsp;&nbsp;eventListRemove
<LI><a href="#[eb]">&gt;&gt;</a>&nbsp;&nbsp;&nbsp;addTaskToReadyList
</UL>
<BR>[Called By]<UL><LI><a href="#[158]">&gt;&gt;</a>&nbsp;&nbsp;&nbsp;VTS_ReturnToRootFocus
<LI><a href="#[159]">&gt;&gt;</a>&nbsp;&nbsp;&nbsp;VTS_SetFocus
<LI><a href="#[13a]">&gt;&gt;</a>&nbsp;&nbsp;&nbsp;Process_GetFdHandleByPid
<LI><a href="#[136]">&gt;&gt;</a>&nbsp;&nbsp;&nbsp;Task_Delete
<LI><a href="#[ec]">&gt;&gt;</a>&nbsp;&nbsp;&nbsp;Mutex_Unlock_Recursive
<LI><a href="#[163]">&gt;&gt;</a>&nbsp;&nbsp;&nbsp;getpid
<LI><a href="#[142]">&gt;&gt;</a>&nbsp;&nbsp;&nbsp;Process_RunProgram
<LI><a href="#[cf]">&gt;&gt;</a>&nbsp;&nbsp;&nbsp;Log_Output
<LI><a href="#[138]">&gt;&gt;</a>&nbsp;&nbsp;&nbsp;Process_ForEachProgram
<LI><a href="#[137]">&gt;&gt;</a>&nbsp;&nbsp;&nbsp;Process_ForEach
<LI><a href="#[139]">&gt;&gt;</a>&nbsp;&nbsp;&nbsp;Process_GetExitCode
<LI><a href="#[13c]">&gt;&gt;</a>&nbsp;&nbsp;&nbsp;Process_GetState
<LI><a href="#[13d]">&gt;&gt;</a>&nbsp;&nbsp;&nbsp;Process_GetTaskHandle
<LI><a href="#[13b]">&gt;&gt;</a>&nbsp;&nbsp;&nbsp;Process_GetName
<LI><a href="#[140]">&gt;&gt;</a>&nbsp;&nbsp;&nbsp;Process_Resume
<LI><a href="#[143]">&gt;&gt;</a>&nbsp;&nbsp;&nbsp;Process_Suspend
<LI><a href="#[135]">&gt;&gt;</a>&nbsp;&nbsp;&nbsp;Process_Exit
<LI><a href="#[130]">&gt;&gt;</a>&nbsp;&nbsp;&nbsp;Process_Create
<LI><a href="#[13e]">&gt;&gt;</a>&nbsp;&nbsp;&nbsp;Process_Kill
<LI><a href="#[63]">&gt;&gt;</a>&nbsp;&nbsp;&nbsp;process_kernel_event_handler
<LI><a href="#[15a]">&gt;&gt;</a>&nbsp;&nbsp;&nbsp;VTS_SetTerminalMode
<LI><a href="#[67]">&gt;&gt;</a>&nbsp;&nbsp;&nbsp;VTS_Task
<LI><a href="#[ed]">&gt;&gt;</a>&nbsp;&nbsp;&nbsp;MyRTOS_AsyncVPrintf
</UL>

<P><STRONG><a name="[ec]"></a>Mutex_Unlock_Recursive</STRONG> (Thumb, 64 bytes, Stack size 16 bytes, myrtos_mutex.o(.text.Mutex_Unlock_Recursive))
<BR><BR>[Stack]<UL><LI>Max Depth = 64<LI>Call Chain = Mutex_Unlock_Recursive &rArr; Mutex_Unlock &rArr; task_set_priority
</UL>
<BR>[Calls]<UL><LI><a href="#[ba]">&gt;&gt;</a>&nbsp;&nbsp;&nbsp;MyRTOS_Port_ExitCritical
<LI><a href="#[b9]">&gt;&gt;</a>&nbsp;&nbsp;&nbsp;MyRTOS_Port_EnterCritical
<LI><a href="#[d8]">&gt;&gt;</a>&nbsp;&nbsp;&nbsp;Mutex_Unlock
</UL>
<BR>[Called By]<UL><LI><a href="#[72]">&gt;&gt;</a>&nbsp;&nbsp;&nbsp;recursive_test_task
</UL>

<P><STRONG><a name="[d7]"></a>MyRTOS_AsyncPrintf</STRONG> (Thumb, 28 bytes, Stack size 24 bytes, myrtos_asyncio.o(.text.MyRTOS_AsyncPrintf))
<BR><BR>[Stack]<UL><LI>Max Depth = 120<LI>Call Chain = MyRTOS_AsyncPrintf &rArr; MyRTOS_AsyncVPrintf &rArr; Mutex_Lock &rArr; Mutex_Lock_Timeout &rArr; task_set_priority
</UL>
<BR>[Calls]<UL><LI><a href="#[ed]">&gt;&gt;</a>&nbsp;&nbsp;&nbsp;MyRTOS_AsyncVPrintf
</UL>
<BR>[Called By]<UL><LI><a href="#[cf]">&gt;&gt;</a>&nbsp;&nbsp;&nbsp;Log_Output
</UL>

<P><STRONG><a name="[ed]"></a>MyRTOS_AsyncVPrintf</STRONG> (Thumb, 118 bytes, Stack size 32 bytes, myrtos_asyncio.o(.text.MyRTOS_AsyncVPrintf))
<BR><BR>[Stack]<UL><LI>Max Depth = 96<LI>Call Chain = MyRTOS_AsyncVPrintf &rArr; Mutex_Lock &rArr; Mutex_Lock_Timeout &rArr; task_set_priority
</UL>
<BR>[Calls]<UL><LI><a href="#[ee]">&gt;&gt;</a>&nbsp;&nbsp;&nbsp;Queue_Send
<LI><a href="#[d5]">&gt;&gt;</a>&nbsp;&nbsp;&nbsp;MyRTOS_FormatV
<LI><a href="#[c8]">&gt;&gt;</a>&nbsp;&nbsp;&nbsp;MyRTOS_Schedule_IsRunning
<LI><a href="#[d0]">&gt;&gt;</a>&nbsp;&nbsp;&nbsp;Mutex_Lock
<LI><a href="#[d8]">&gt;&gt;</a>&nbsp;&nbsp;&nbsp;Mutex_Unlock
</UL>
<BR>[Called By]<UL><LI><a href="#[d7]">&gt;&gt;</a>&nbsp;&nbsp;&nbsp;MyRTOS_AsyncPrintf
</UL>

<P><STRONG><a name="[ef]"></a>MyRTOS_Boot</STRONG> (Thumb, 12 bytes, Stack size 0 bytes, myrtos_boot.o(.text.MyRTOS_Boot))
<BR><BR>[Stack]<UL><LI>Max Depth = 264<LI>Call Chain = MyRTOS_Boot &rArr; MyRTOS_Boot_Init &rArr; VTS_Init &rArr; Task_Create &rArr; MyRTOS_Malloc &rArr; MyRTOS_ReportError &rArr; broadcast_event
</UL>
<BR>[Calls]<UL><LI><a href="#[f1]">&gt;&gt;</a>&nbsp;&nbsp;&nbsp;MyRTOS_Boot_Start
<LI><a href="#[f0]">&gt;&gt;</a>&nbsp;&nbsp;&nbsp;MyRTOS_Boot_Init
</UL>
<BR>[Called By]<UL><LI><a href="#[5b]">&gt;&gt;</a>&nbsp;&nbsp;&nbsp;main
</UL>

<P><STRONG><a name="[f0]"></a>MyRTOS_Boot_Init</STRONG> (Thumb, 492 bytes, Stack size 56 bytes, myrtos_boot.o(.text.MyRTOS_Boot_Init))
<BR><BR>[Stack]<UL><LI>Max Depth = 264<LI>Call Chain = MyRTOS_Boot_Init &rArr; VTS_Init &rArr; Task_Create &rArr; MyRTOS_Malloc &rArr; MyRTOS_ReportError &rArr; broadcast_event
</UL>
<BR>[Calls]<UL><LI><a href="#[f2]">&gt;&gt;</a>&nbsp;&nbsp;&nbsp;Stream_Printf
<LI><a href="#[f5]">&gt;&gt;</a>&nbsp;&nbsp;&nbsp;Process_Init
<LI><a href="#[f8]">&gt;&gt;</a>&nbsp;&nbsp;&nbsp;VTS_GetBackgroundStream
<LI><a href="#[f7]">&gt;&gt;</a>&nbsp;&nbsp;&nbsp;VTS_Init
<LI><a href="#[f9]">&gt;&gt;</a>&nbsp;&nbsp;&nbsp;TimerService_Init
<LI><a href="#[dd]">&gt;&gt;</a>&nbsp;&nbsp;&nbsp;Monitor_Init
<LI><a href="#[cd]">&gt;&gt;</a>&nbsp;&nbsp;&nbsp;Log_Init
<LI><a href="#[f6]">&gt;&gt;</a>&nbsp;&nbsp;&nbsp;Pipe_Create
<LI><a href="#[f4]">&gt;&gt;</a>&nbsp;&nbsp;&nbsp;StdIOService_Init
<LI><a href="#[b8]">&gt;&gt;</a>&nbsp;&nbsp;&nbsp;AsyncIOService_Init
<LI><a href="#[f3]">&gt;&gt;</a>&nbsp;&nbsp;&nbsp;MyRTOS_Init
</UL>
<BR>[Called By]<UL><LI><a href="#[ef]">&gt;&gt;</a>&nbsp;&nbsp;&nbsp;MyRTOS_Boot
</UL>

<P><STRONG><a name="[f1]"></a>MyRTOS_Boot_Start</STRONG> (Thumb, 120 bytes, Stack size 0 bytes, myrtos_boot.o(.text.MyRTOS_Boot_Start))
<BR><BR>[Stack]<UL><LI>Max Depth = 200<LI>Call Chain = MyRTOS_Boot_Start &rArr; Task_StartScheduler &rArr; Task_Create &rArr; MyRTOS_Malloc &rArr; MyRTOS_ReportError &rArr; broadcast_event
</UL>
<BR>[Calls]<UL><LI><a href="#[f2]">&gt;&gt;</a>&nbsp;&nbsp;&nbsp;Stream_Printf
<LI><a href="#[fa]">&gt;&gt;</a>&nbsp;&nbsp;&nbsp;Task_StartScheduler
</UL>
<BR>[Called By]<UL><LI><a href="#[ef]">&gt;&gt;</a>&nbsp;&nbsp;&nbsp;MyRTOS_Boot
</UL>

<P><STRONG><a name="[d5]"></a>MyRTOS_FormatV</STRONG> (Thumb, 34 bytes, Stack size 16 bytes, myrtos_utils.o(.text.MyRTOS_FormatV))
<BR><BR>[Stack]<UL><LI>Max Depth = 40<LI>Call Chain = MyRTOS_FormatV &rArr; vsnprintf
</UL>
<BR>[Calls]<UL><LI><a href="#[fb]">&gt;&gt;</a>&nbsp;&nbsp;&nbsp;vsnprintf
</UL>
<BR>[Called By]<UL><LI><a href="#[cf]">&gt;&gt;</a>&nbsp;&nbsp;&nbsp;Log_Output
<LI><a href="#[ed]">&gt;&gt;</a>&nbsp;&nbsp;&nbsp;MyRTOS_AsyncVPrintf
</UL>

<P><STRONG><a name="[fc]"></a>MyRTOS_Free</STRONG> (Thumb, 202 bytes, Stack size 40 bytes, myrtos_memory.o(.text.MyRTOS_Free))
<BR><BR>[Stack]<UL><LI>Max Depth = 64<LI>Call Chain = MyRTOS_Free &rArr; broadcast_event
</UL>
<BR>[Calls]<UL><LI><a href="#[ba]">&gt;&gt;</a>&nbsp;&nbsp;&nbsp;MyRTOS_Port_ExitCritical
<LI><a href="#[b9]">&gt;&gt;</a>&nbsp;&nbsp;&nbsp;MyRTOS_Port_EnterCritical
<LI><a href="#[fd]">&gt;&gt;</a>&nbsp;&nbsp;&nbsp;broadcast_event
</UL>
<BR>[Called By]<UL><LI><a href="#[136]">&gt;&gt;</a>&nbsp;&nbsp;&nbsp;Task_Delete
<LI><a href="#[bd]">&gt;&gt;</a>&nbsp;&nbsp;&nbsp;Task_Create
<LI><a href="#[bc]">&gt;&gt;</a>&nbsp;&nbsp;&nbsp;Queue_Create
<LI><a href="#[153]">&gt;&gt;</a>&nbsp;&nbsp;&nbsp;process_timer_command
<LI><a href="#[104]">&gt;&gt;</a>&nbsp;&nbsp;&nbsp;Pipe_Delete
<LI><a href="#[f6]">&gt;&gt;</a>&nbsp;&nbsp;&nbsp;Pipe_Create
<LI><a href="#[be]">&gt;&gt;</a>&nbsp;&nbsp;&nbsp;Queue_Delete
<LI><a href="#[65]">&gt;&gt;</a>&nbsp;&nbsp;&nbsp;taskWrapper
</UL>

<P><STRONG><a name="[d3]"></a>MyRTOS_GetTick</STRONG> (Thumb, 28 bytes, Stack size 16 bytes, myrtos_tick.o(.text.MyRTOS_GetTick))
<BR><BR>[Stack]<UL><LI>Max Depth = 16<LI>Call Chain = MyRTOS_GetTick
</UL>
<BR>[Calls]<UL><LI><a href="#[ba]">&gt;&gt;</a>&nbsp;&nbsp;&nbsp;MyRTOS_Port_ExitCritical
<LI><a href="#[b9]">&gt;&gt;</a>&nbsp;&nbsp;&nbsp;MyRTOS_Port_EnterCritical
</UL>
<BR>[Called By]<UL><LI><a href="#[147]">&gt;&gt;</a>&nbsp;&nbsp;&nbsp;Semaphore_Take
<LI><a href="#[ee]">&gt;&gt;</a>&nbsp;&nbsp;&nbsp;Queue_Send
<LI><a href="#[bf]">&gt;&gt;</a>&nbsp;&nbsp;&nbsp;Queue_Receive
[...]
<LI><a href="#[f2]">&gt;&gt;</a>&nbsp;&nbsp;&nbsp;Stream_Printf
<LI><a href="#[149]">&gt;&gt;</a>&nbsp;&nbsp;&nbsp;Stream_GetTaskStdOut
<LI><a href="#[172]">&gt;&gt;</a>&nbsp;&nbsp;&nbsp;shell_register_sysinfo_commands
<LI><a href="#[171]">&gt;&gt;</a>&nbsp;&nbsp;&nbsp;shell_register_platform_commands
<LI><a href="#[170]">&gt;&gt;</a>&nbsp;&nbsp;&nbsp;shell_register_process_commands
<LI><a href="#[16f]">&gt;&gt;</a>&nbsp;&nbsp;&nbsp;shell_register_log_commands
<LI><a href="#[16e]">&gt;&gt;</a>&nbsp;&nbsp;&nbsp;shell_register_monitor_commands
<LI><a href="#[16d]">&gt;&gt;</a>&nbsp;&nbsp;&nbsp;shell_register_builtin_commands
<LI><a href="#[176]">&gt;&gt;</a>&nbsp;&nbsp;&nbsp;shell_get_next_history
<LI><a href="#[175]">&gt;&gt;</a>&nbsp;&nbsp;&nbsp;shell_get_prev_history
<LI><a href="#[16c]">&gt;&gt;</a>&nbsp;&nbsp;&nbsp;shell_history_save_temp
<LI><a href="#[173]">&gt;&gt;</a>&nbsp;&nbsp;&nbsp;shell_history_reset_browse
<LI><a href="#[168]">&gt;&gt;</a>&nbsp;&nbsp;&nbsp;shell_add_history
<LI><a href="#[174]">&gt;&gt;</a>&nbsp;&nbsp;&nbsp;shell_get_prompt
<LI><a href="#[16b]">&gt;&gt;</a>&nbsp;&nbsp;&nbsp;shell_execute_line
<LI><a href="#[169]">&gt;&gt;</a>&nbsp;&nbsp;&nbsp;shell_create
<LI><a href="#[166]">&gt;&gt;</a>&nbsp;&nbsp;&nbsp;VTS_SetSignalReceiver
<LI><a href="#[15a]">&gt;&gt;</a>&nbsp;&nbsp;&nbsp;VTS_SetTerminalMode
<LI><a href="#[c1]">&gt;&gt;</a>&nbsp;&nbsp;&nbsp;Stream_Write
</UL>
<BR>[Address Reference Count : 1]<UL><LI> shell_process_main.o(.rodata.g_program_shell)
</UL>
<P><STRONG><a name="[83]"></a>cmd_help</STRONG> (Thumb, 36 bytes, Stack size 8 bytes, shell_builtin.o(.text.cmd_help))
<BR><BR>[Stack]<UL><LI>Max Depth = 192<LI>Call Chain = cmd_help &rArr; Stream_Printf &rArr; vsnprintf
</UL>
<BR>[Calls]<UL><LI><a href="#[f2]">&gt;&gt;</a>&nbsp;&nbsp;&nbsp;Stream_Printf
<LI><a href="#[149]">&gt;&gt;</a>&nbsp;&nbsp;&nbsp;Stream_GetTaskStdOut
<LI><a href="#[161]">&gt;&gt;</a>&nbsp;&nbsp;&nbsp;shell_foreach_command
</UL>
<BR>[Address Reference Count : 1]<UL><LI> shell_builtin.o(.text.shell_register_builtin_commands)
</UL>
<P><STRONG><a name="[68]"></a>print_command_visitor</STRONG> (Thumb, 28 bytes, Stack size 16 bytes, shell_builtin.o(.text.print_command_visitor))
<BR><BR>[Stack]<UL><LI>Max Depth = 200<LI>Call Chain = print_command_visitor &rArr; Stream_Printf &rArr; vsnprintf
</UL>
<BR>[Calls]<UL><LI><a href="#[f2]">&gt;&gt;</a>&nbsp;&nbsp;&nbsp;Stream_Printf
<LI><a href="#[149]">&gt;&gt;</a>&nbsp;&nbsp;&nbsp;Stream_GetTaskStdOut
</UL>
<BR>[Address Reference Count : 1]<UL><LI> shell_builtin.o(.text.cmd_help)
</UL>
<P><STRONG><a name="[87]"></a>cmd_ps</STRONG> (Thumb, 344 bytes, Stack size 2664 bytes, shell_monitor.o(.text.cmd_ps))
<BR><BR>[Stack]<UL><LI>Max Depth = 2848<LI>Call Chain = cmd_ps &rArr; Stream_Printf &rArr; vsnprintf
</UL>
<BR>[Calls]<UL><LI><a href="#[ba]">&gt;&gt;</a>&nbsp;&nbsp;&nbsp;MyRTOS_Port_ExitCritical
<LI><a href="#[b9]">&gt;&gt;</a>&nbsp;&nbsp;&nbsp;MyRTOS_Port_EnterCritical
<LI><a href="#[164]">&gt;&gt;</a>&nbsp;&nbsp;&nbsp;Task_GetId
<LI><a href="#[f2]">&gt;&gt;</a>&nbsp;&nbsp;&nbsp;Stream_Printf
<LI><a href="#[149]">&gt;&gt;</a>&nbsp;&nbsp;&nbsp;Stream_GetTaskStdOut
<LI><a href="#[a0]">&gt;&gt;</a>&nbsp;&nbsp;&nbsp;__aeabi_uldivmod
<LI><a href="#[db]">&gt;&gt;</a>&nbsp;&nbsp;&nbsp;Monitor_GetHeapStats
<LI><a href="#[dc]">&gt;&gt;</a>&nbsp;&nbsp;&nbsp;Monitor_GetTaskInfo
<LI><a href="#[15f]">&gt;&gt;</a>&nbsp;&nbsp;&nbsp;Monitor_GetNextTask
<LI><a href="#[d3]">&gt;&gt;</a>&nbsp;&nbsp;&nbsp;MyRTOS_GetTick
<LI><a href="#[d4]">&gt;&gt;</a>&nbsp;&nbsp;&nbsp;__2snprintf
</UL>
<BR>[Address Reference Count : 1]<UL><LI> shell_monitor.o(.text.shell_register_monitor_commands)
</UL>
<P><STRONG><a name="[84]"></a>cmd_logall</STRONG> (Thumb, 196 bytes, Stack size 16 bytes, shell_log.o(.text.cmd_logall))
<BR><BR>[Stack]<UL><LI>Max Depth = 200<LI>Call Chain = cmd_logall &rArr; Stream_Printf &rArr; vsnprintf
</UL>
<BR>[Calls]<UL><LI><a href="#[f2]">&gt;&gt;</a>&nbsp;&nbsp;&nbsp;Stream_Printf
<LI><a href="#[149]">&gt;&gt;</a>&nbsp;&nbsp;&nbsp;Stream_GetTaskStdOut
<LI><a href="#[d6]">&gt;&gt;</a>&nbsp;&nbsp;&nbsp;strcmp
<LI><a href="#[f8]">&gt;&gt;</a>&nbsp;&nbsp;&nbsp;VTS_GetBackgroundStream
<LI><a href="#[d9]">&gt;&gt;</a>&nbsp;&nbsp;&nbsp;Log_RemoveListener
<LI><a href="#[cb]">&gt;&gt;</a>&nbsp;&nbsp;&nbsp;Log_AddListener
</UL>
<BR>[Address Reference Count : 1]<UL><LI> shell_log.o(.text.shell_register_log_commands)
</UL>
<P><STRONG><a name="[85]"></a>cmd_log</STRONG> (Thumb, 208 bytes, Stack size 48 bytes, shell_log.o(.text.cmd_log))
<BR><BR>[Stack]<UL><LI>Max Depth = 328<LI>Call Chain = cmd_log &rArr; Process_RunProgram &rArr; Process_Create &rArr; Log_Output &rArr; MyRTOS_AsyncPrintf &rArr; MyRTOS_AsyncVPrintf &rArr; Mutex_Lock &rArr; Mutex_Lock_Timeout &rArr; task_set_priority
</UL>
<BR>[Calls]<UL><LI><a href="#[159]">&gt;&gt;</a>&nbsp;&nbsp;&nbsp;VTS_SetFocus
<LI><a href="#[13a]">&gt;&gt;</a>&nbsp;&nbsp;&nbsp;Process_GetFdHandleByPid
<LI><a href="#[163]">&gt;&gt;</a>&nbsp;&nbsp;&nbsp;getpid
<LI><a href="#[142]">&gt;&gt;</a>&nbsp;&nbsp;&nbsp;Process_RunProgram
<LI><a href="#[f2]">&gt;&gt;</a>&nbsp;&nbsp;&nbsp;Stream_Printf
<LI><a href="#[149]">&gt;&gt;</a>&nbsp;&nbsp;&nbsp;Stream_GetTaskStdOut
<LI><a href="#[152]">&gt;&gt;</a>&nbsp;&nbsp;&nbsp;Task_WaitSignal
<LI><a href="#[162]">&gt;&gt;</a>&nbsp;&nbsp;&nbsp;__aeabi_memcpy4
<LI><a href="#[139]">&gt;&gt;</a>&nbsp;&nbsp;&nbsp;Process_GetExitCode
</UL>
<BR>[Address Reference Count : 1]<UL><LI> shell_log.o(.text.shell_register_log_commands)
</UL>
<P><STRONG><a name="[86]"></a>cmd_loglevel</STRONG> (Thumb, 120 bytes, Stack size 8 bytes, shell_log.o(.text.cmd_loglevel))
<BR><BR>[Stack]<UL><LI>Max Depth = 192<LI>Call Chain = cmd_loglevel &rArr; Stream_Printf &rArr; vsnprintf
</UL>
<BR>[Calls]<UL><LI><a href="#[131]">&gt;&gt;</a>&nbsp;&nbsp;&nbsp;Log_GetGlobalLevel
<LI><a href="#[f2]">&gt;&gt;</a>&nbsp;&nbsp;&nbsp;Stream_Printf
<LI><a href="#[149]">&gt;&gt;</a>&nbsp;&nbsp;&nbsp;Stream_GetTaskStdOut
<LI><a href="#[da]">&gt;&gt;</a>&nbsp;&nbsp;&nbsp;Log_SetGlobalLevel
<LI><a href="#[a8]">&gt;&gt;</a>&nbsp;&nbsp;&nbsp;atoi
</UL>
<BR>[Address Reference Count : 1]<UL><LI> shell_log.o(.text.shell_register_log_commands)
</UL>
<P><STRONG><a name="[89]"></a>cmd_jobs</STRONG> (Thumb, 44 bytes, Stack size 8 bytes, shell_process.o(.text.cmd_jobs))
<BR><BR>[Stack]<UL><LI>Max Depth = 192<LI>Call Chain = cmd_jobs &rArr; Stream_Printf &rArr; vsnprintf
</UL>
<BR>[Calls]<UL><LI><a href="#[f2]">&gt;&gt;</a>&nbsp;&nbsp;&nbsp;Stream_Printf
<LI><a href="#[149]">&gt;&gt;</a>&nbsp;&nbsp;&nbsp;Stream_GetTaskStdOut
<LI><a href="#[137]">&gt;&gt;</a>&nbsp;&nbsp;&nbsp;Process_ForEach
</UL>
<BR>[Address Reference Count : 1]<UL><LI> shell_process.o(.text.shell_register_process_commands)
</UL>
<P><STRONG><a name="[8a]"></a>cmd_run</STRONG> (Thumb, 228 bytes, Stack size 32 bytes, shell_process.o(.text.cmd_run))
<BR><BR>[Stack]<UL><LI>Max Depth = 312<LI>Call Chain = cmd_run &rArr; Process_RunProgram &rArr; Process_Create &rArr; Log_Output &rArr; MyRTOS_AsyncPrintf &rArr; MyRTOS_AsyncVPrintf &rArr; Mutex_Lock &rArr; Mutex_Lock_Timeout &rArr; task_set_priority
</UL>
<BR>[Calls]<UL><LI><a href="#[142]">&gt;&gt;</a>&nbsp;&nbsp;&nbsp;Process_RunProgram
<LI><a href="#[f2]">&gt;&gt;</a>&nbsp;&nbsp;&nbsp;Stream_Printf
<LI><a href="#[149]">&gt;&gt;</a>&nbsp;&nbsp;&nbsp;Stream_GetTaskStdOut
<LI><a href="#[d6]">&gt;&gt;</a>&nbsp;&nbsp;&nbsp;strcmp
<LI><a href="#[160]">&gt;&gt;</a>&nbsp;&nbsp;&nbsp;manage_foreground_session
</UL>
<BR>[Address Reference Count : 1]<UL><LI> shell_process.o(.text.shell_register_process_commands)
</UL>
<P><STRONG><a name="[8b]"></a>cmd_kill</STRONG> (Thumb, 624 bytes, Stack size 16 bytes, shell_process.o(.text.cmd_kill))
<BR><BR>[Stack]<UL><LI>Max Depth = 248<LI>Call Chain = cmd_kill &rArr; Process_Kill &rArr; Process_Exit &rArr; Log_Output &rArr; MyRTOS_AsyncPrintf &rArr; MyRTOS_AsyncVPrintf &rArr; Mutex_Lock &rArr; Mutex_Lock_Timeout &rArr; task_set_priority
</UL>
<BR>[Calls]<UL><LI><a href="#[14d]">&gt;&gt;</a>&nbsp;&nbsp;&nbsp;Task_Delay
<LI><a href="#[f2]">&gt;&gt;</a>&nbsp;&nbsp;&nbsp;Stream_Printf
<LI><a href="#[149]">&gt;&gt;</a>&nbsp;&nbsp;&nbsp;Stream_GetTaskStdOut
<LI><a href="#[d6]">&gt;&gt;</a>&nbsp;&nbsp;&nbsp;strcmp
<LI><a href="#[13c]">&gt;&gt;</a>&nbsp;&nbsp;&nbsp;Process_GetState
<LI><a href="#[13d]">&gt;&gt;</a>&nbsp;&nbsp;&nbsp;Process_GetTaskHandle
<LI><a href="#[140]">&gt;&gt;</a>&nbsp;&nbsp;&nbsp;Process_Resume
<LI><a href="#[143]">&gt;&gt;</a>&nbsp;&nbsp;&nbsp;Process_Suspend
<LI><a href="#[13e]">&gt;&gt;</a>&nbsp;&nbsp;&nbsp;Process_Kill
<LI><a href="#[14f]">&gt;&gt;</a>&nbsp;&nbsp;&nbsp;Task_SendSignal
<LI><a href="#[a8]">&gt;&gt;</a>&nbsp;&nbsp;&nbsp;atoi
</UL>
<BR>[Address Reference Count : 1]<UL><LI> shell_process.o(.text.shell_register_process_commands)
</UL>
<P><STRONG><a name="[8c]"></a>cmd_fg</STRONG> (Thumb, 120 bytes, Stack size 16 bytes, shell_process.o(.text.cmd_fg))
<BR><BR>[Stack]<UL><LI>Max Depth = 272<LI>Call Chain = cmd_fg &rArr; manage_foreground_session &rArr; Process_Kill &rArr; Process_Exit &rArr; Log_Output &rArr; MyRTOS_AsyncPrintf &rArr; MyRTOS_AsyncVPrintf &rArr; Mutex_Lock &rArr; Mutex_Lock_Timeout &rArr; task_set_priority
</UL>
<BR>[Calls]<UL><LI><a href="#[f2]">&gt;&gt;</a>&nbsp;&nbsp;&nbsp;Stream_Printf
<LI><a href="#[149]">&gt;&gt;</a>&nbsp;&nbsp;&nbsp;Stream_GetTaskStdOut
<LI><a href="#[160]">&gt;&gt;</a>&nbsp;&nbsp;&nbsp;manage_foreground_session
<LI><a href="#[13c]">&gt;&gt;</a>&nbsp;&nbsp;&nbsp;Process_GetState
<LI><a href="#[13b]">&gt;&gt;</a>&nbsp;&nbsp;&nbsp;Process_GetName
<LI><a href="#[140]">&gt;&gt;</a>&nbsp;&nbsp;&nbsp;Process_Resume
<LI><a href="#[a8]">&gt;&gt;</a>&nbsp;&nbsp;&nbsp;atoi
</UL>
<BR>[Address Reference Count : 1]<UL><LI> shell_process.o(.text.shell_register_process_commands)
</UL>
<P><STRONG><a name="[8d]"></a>cmd_bg</STRONG> (Thumb, 152 bytes, Stack size 16 bytes, shell_process.o(.text.cmd_bg))
<BR><BR>[Stack]<UL><LI>Max Depth = 232<LI>Call Chain = cmd_bg &rArr; Process_Resume &rArr; Log_Output &rArr; MyRTOS_AsyncPrintf &rArr; MyRTOS_AsyncVPrintf &rArr; Mutex_Lock &rArr; Mutex_Lock_Timeout &rArr; task_set_priority
</UL>
<BR>[Calls]<UL><LI><a href="#[f2]">&gt;&gt;</a>&nbsp;&nbsp;&nbsp;Stream_Printf
<LI><a href="#[149]">&gt;&gt;</a>&nbsp;&nbsp;&nbsp;Stream_GetTaskStdOut
<LI><a href="#[13c]">&gt;&gt;</a>&nbsp;&nbsp;&nbsp;Process_GetState
<LI><a href="#[13b]">&gt;&gt;</a>&nbsp;&nbsp;&nbsp;Process_GetName
<LI><a href="#[140]">&gt;&gt;</a>&nbsp;&nbsp;&nbsp;Process_Resume
<LI><a href="#[a8]">&gt;&gt;</a>&nbsp;&nbsp;&nbsp;atoi
</UL>
<BR>[Address Reference Count : 1]<UL><LI> shell_process.o(.text.shell_register_process_commands)
</UL>
<P><STRONG><a name="[8e]"></a>cmd_ls</STRONG> (Thumb, 32 bytes, Stack size 8 bytes, shell_process.o(.text.cmd_ls))
<BR><BR>[Stack]<UL><LI>Max Depth = 192<LI>Call Chain = cmd_ls &rArr; Stream_Printf &rArr; vsnprintf
</UL>
<BR>[Calls]<UL><LI><a href="#[f2]">&gt;&gt;</a>&nbsp;&nbsp;&nbsp;Stream_Printf
<LI><a href="#[149]">&gt;&gt;</a>&nbsp;&nbsp;&nbsp;Stream_GetTaskStdOut
<LI><a href="#[138]">&gt;&gt;</a>&nbsp;&nbsp;&nbsp;Process_ForEachProgram
</UL>
<BR>[Address Reference Count : 1]<UL><LI> shell_process.o(.text.shell_register_process_commands)
</UL>
<P><STRONG><a name="[69]"></a>print_job_visitor</STRONG> (Thumb, 64 bytes, Stack size 24 bytes, shell_process.o(.text.print_job_visitor))
<BR><BR>[Stack]<UL><LI>Max Depth = 208<LI>Call Chain = print_job_visitor &rArr; Stream_Printf &rArr; vsnprintf
</UL>
<BR>[Calls]<UL><LI><a href="#[f2]">&gt;&gt;</a>&nbsp;&nbsp;&nbsp;Stream_Printf
<LI><a href="#[149]">&gt;&gt;</a>&nbsp;&nbsp;&nbsp;Stream_GetTaskStdOut
</UL>
<BR>[Address Reference Count : 1]<UL><LI> shell_process.o(.text.cmd_jobs)
</UL>
<P><STRONG><a name="[160]"></a>manage_foreground_session</STRONG> (Thumb, 268 bytes, Stack size 24 bytes, shell_process.o(.text.manage_foreground_session))
<BR><BR>[Stack]<UL><LI>Max Depth = 256<LI>Call Chain = manage_foreground_session &rArr; Process_Kill &rArr; Process_Exit &rArr; Log_Output &rArr; MyRTOS_AsyncPrintf &rArr; MyRTOS_AsyncVPrintf &rArr; Mutex_Lock &rArr; Mutex_Lock_Timeout &rArr; task_set_priority
</UL>
<BR>[Calls]<UL><LI><a href="#[159]">&gt;&gt;</a>&nbsp;&nbsp;&nbsp;VTS_SetFocus
<LI><a href="#[13a]">&gt;&gt;</a>&nbsp;&nbsp;&nbsp;Process_GetFdHandleByPid
<LI><a href="#[163]">&gt;&gt;</a>&nbsp;&nbsp;&nbsp;getpid
<LI><a href="#[15b]">&gt;&gt;</a>&nbsp;&nbsp;&nbsp;Stream_Read
<LI><a href="#[148]">&gt;&gt;</a>&nbsp;&nbsp;&nbsp;Stream_GetTaskStdIn
<LI><a href="#[f2]">&gt;&gt;</a>&nbsp;&nbsp;&nbsp;Stream_Printf
<LI><a href="#[149]">&gt;&gt;</a>&nbsp;&nbsp;&nbsp;Stream_GetTaskStdOut
<LI><a href="#[152]">&gt;&gt;</a>&nbsp;&nbsp;&nbsp;Task_WaitSignal
<LI><a href="#[13d]">&gt;&gt;</a>&nbsp;&nbsp;&nbsp;Process_GetTaskHandle
<LI><a href="#[13b]">&gt;&gt;</a>&nbsp;&nbsp;&nbsp;Process_GetName
<LI><a href="#[143]">&gt;&gt;</a>&nbsp;&nbsp;&nbsp;Process_Suspend
<LI><a href="#[13e]">&gt;&gt;</a>&nbsp;&nbsp;&nbsp;Process_Kill
<LI><a href="#[14a]">&gt;&gt;</a>&nbsp;&nbsp;&nbsp;Task_ClearSignal
<LI><a href="#[14f]">&gt;&gt;</a>&nbsp;&nbsp;&nbsp;Task_SendSignal
</UL>
<BR>[Called By]<UL><LI><a href="#[8c]">&gt;&gt;</a>&nbsp;&nbsp;&nbsp;cmd_fg
<LI><a href="#[8a]">&gt;&gt;</a>&nbsp;&nbsp;&nbsp;cmd_run
</UL>

<P><STRONG><a name="[6a]"></a>print_definition_visitor</STRONG> (Thumb, 24 bytes, Stack size 8 bytes, shell_process.o(.text.print_definition_visitor))
<BR><BR>[Stack]<UL><LI>Max Depth = 192<LI>Call Chain = print_definition_visitor &rArr; Stream_Printf &rArr; vsnprintf
</UL>
<BR>[Calls]<UL><LI><a href="#[f2]">&gt;&gt;</a>&nbsp;&nbsp;&nbsp;Stream_Printf
<LI><a href="#[149]">&gt;&gt;</a>&nbsp;&nbsp;&nbsp;Stream_GetTaskStdOut
</UL>
<BR>[Address Reference Count : 1]<UL><LI> shell_process.o(.text.cmd_ls)
</UL>
<P><STRONG><a name="[88]"></a>cmd_reboot</STRONG> (Thumb, 28 bytes, Stack size 8 bytes, shell_platform.o(.text.cmd_reboot))
<BR><BR>[Stack]<UL><LI>Max Depth = 192<LI>Call Chain = cmd_reboot &rArr; Stream_Printf &rArr; vsnprintf
</UL>
<BR>[Calls]<UL><LI><a href="#[14d]">&gt;&gt;</a>&nbsp;&nbsp;&nbsp;Task_Delay
<LI><a href="#[f2]">&gt;&gt;</a>&nbsp;&nbsp;&nbsp;Stream_Printf
<LI><a href="#[149]">&gt;&gt;</a>&nbsp;&nbsp;&nbsp;Stream_GetTaskStdOut
<LI><a href="#[165]">&gt;&gt;</a>&nbsp;&nbsp;&nbsp;Platform_Reboot
</UL>
<BR>[Address Reference Count : 1]<UL><LI> shell_platform.o(.text.shell_register_platform_commands)
</UL>
<P><STRONG><a name="[8f]"></a>cmd_top</STRONG> (Thumb, 340 bytes, Stack size 104 bytes, shell_sysinfo.o(.text.cmd_top))
<BR><BR>[Stack]<UL><LI>Max Depth = 288<LI>Call Chain = cmd_top &rArr; Stream_Printf &rArr; vsnprintf
</UL>
<BR>[Calls]<UL><LI><a href="#[d1]">&gt;&gt;</a>&nbsp;&nbsp;&nbsp;Task_GetCurrentTaskHandle
<LI><a href="#[f2]">&gt;&gt;</a>&nbsp;&nbsp;&nbsp;Stream_Printf
<LI><a href="#[149]">&gt;&gt;</a>&nbsp;&nbsp;&nbsp;Stream_GetTaskStdOut
<LI><a href="#[152]">&gt;&gt;</a>&nbsp;&nbsp;&nbsp;Task_WaitSignal
<LI><a href="#[166]">&gt;&gt;</a>&nbsp;&nbsp;&nbsp;VTS_SetSignalReceiver
<LI><a href="#[db]">&gt;&gt;</a>&nbsp;&nbsp;&nbsp;Monitor_GetHeapStats
<LI><a href="#[dc]">&gt;&gt;</a>&nbsp;&nbsp;&nbsp;Monitor_GetTaskInfo
<LI><a href="#[15f]">&gt;&gt;</a>&nbsp;&nbsp;&nbsp;Monitor_GetNextTask
</UL>
<BR>[Address Reference Count : 1]<UL><LI> shell_sysinfo.o(.text.shell_register_sysinfo_commands)
</UL>
<P><STRONG><a name="[90]"></a>cmd_cat</STRONG> (Thumb, 416 bytes, Stack size 80 bytes, shell_sysinfo.o(.text.cmd_cat))
<BR><BR>[Stack]<UL><LI>Max Depth = 264<LI>Call Chain = cmd_cat &rArr; Stream_Printf &rArr; vsnprintf
</UL>
<BR>[Calls]<UL><LI><a href="#[f2]">&gt;&gt;</a>&nbsp;&nbsp;&nbsp;Stream_Printf
<LI><a href="#[149]">&gt;&gt;</a>&nbsp;&nbsp;&nbsp;Stream_GetTaskStdOut
<LI><a href="#[d6]">&gt;&gt;</a>&nbsp;&nbsp;&nbsp;strcmp
<LI><a href="#[db]">&gt;&gt;</a>&nbsp;&nbsp;&nbsp;Monitor_GetHeapStats
<LI><a href="#[dc]">&gt;&gt;</a>&nbsp;&nbsp;&nbsp;Monitor_GetTaskInfo
<LI><a href="#[15f]">&gt;&gt;</a>&nbsp;&nbsp;&nbsp;Monitor_GetNextTask
</UL>
<BR>[Address Reference Count : 1]<UL><LI> shell_sysinfo.o(.text.shell_register_sysinfo_commands)
</UL>
<P><STRONG><a name="[99]"></a>init_process_main</STRONG> (Thumb, 176 bytes, Stack size 24 bytes, init_main.o(.text.init_process_main))
<BR><BR>[Stack]<UL><LI>Max Depth = 304<LI>Call Chain = init_process_main &rArr; Process_RunProgram &rArr; Process_Create &rArr; Log_Output &rArr; MyRTOS_AsyncPrintf &rArr; MyRTOS_AsyncVPrintf &rArr; Mutex_Lock &rArr; Mutex_Lock_Timeout &rArr; task_set_priority
</UL>
<BR>[Calls]<UL><LI><a href="#[158]">&gt;&gt;</a>&nbsp;&nbsp;&nbsp;VTS_ReturnToRootFocus
<LI><a href="#[159]">&gt;&gt;</a>&nbsp;&nbsp;&nbsp;VTS_SetFocus
<LI><a href="#[13a]">&gt;&gt;</a>&nbsp;&nbsp;&nbsp;Process_GetFdHandleByPid
<LI><a href="#[142]">&gt;&gt;</a>&nbsp;&nbsp;&nbsp;Process_RunProgram
<LI><a href="#[14d]">&gt;&gt;</a>&nbsp;&nbsp;&nbsp;Task_Delay
<LI><a href="#[f2]">&gt;&gt;</a>&nbsp;&nbsp;&nbsp;Stream_Printf
<LI><a href="#[149]">&gt;&gt;</a>&nbsp;&nbsp;&nbsp;Stream_GetTaskStdOut
<LI><a href="#[152]">&gt;&gt;</a>&nbsp;&nbsp;&nbsp;Task_WaitSignal
</UL>
<BR>[Address Reference Count : 1]<UL><LI> init_main.o(.rodata.g_program_init)
</UL>
<P><STRONG><a name="[9a]"></a>log_program_main</STRONG> (Thumb, 268 bytes, Stack size 24 bytes, log_main.o(.text.log_program_main))
<BR><BR>[Stack]<UL><LI>Max Depth = 208<LI>Call Chain = log_program_main &rArr; Stream_Printf &rArr; vsnprintf
</UL>
<BR>[Calls]<UL><LI><a href="#[15b]">&gt;&gt;</a>&nbsp;&nbsp;&nbsp;Stream_Read
<LI><a href="#[148]">&gt;&gt;</a>&nbsp;&nbsp;&nbsp;Stream_GetTaskStdIn
<LI><a href="#[14d]">&gt;&gt;</a>&nbsp;&nbsp;&nbsp;Task_Delay
<LI><a href="#[f2]">&gt;&gt;</a>&nbsp;&nbsp;&nbsp;Stream_Printf
<LI><a href="#[149]">&gt;&gt;</a>&nbsp;&nbsp;&nbsp;Stream_GetTaskStdOut
<LI><a href="#[d9]">&gt;&gt;</a>&nbsp;&nbsp;&nbsp;Log_RemoveListener
<LI><a href="#[cb]">&gt;&gt;</a>&nbsp;&nbsp;&nbsp;Log_AddListener
<LI><a href="#[a6]">&gt;&gt;</a>&nbsp;&nbsp;&nbsp;strcasecmp
</UL>
<BR>[Address Reference Count : 1]<UL><LI> log_main.o(.rodata.g_program_log)
</UL>
<P><STRONG><a name="[17e]"></a>_fp_digits</STRONG> (Thumb, 366 bytes, Stack size 64 bytes, printfa.o(i._fp_digits), UNUSED)
<BR><BR>[Calls]<UL><LI><a href="#[a0]">&gt;&gt;</a>&nbsp;&nbsp;&nbsp;__aeabi_uldivmod
<LI><a href="#[b3]">&gt;&gt;</a>&nbsp;&nbsp;&nbsp;__aeabi_dmul
<LI><a href="#[b4]">&gt;&gt;</a>&nbsp;&nbsp;&nbsp;__aeabi_ddiv
<LI><a href="#[ad]">&gt;&gt;</a>&nbsp;&nbsp;&nbsp;__aeabi_dadd
<LI><a href="#[b5]">&gt;&gt;</a>&nbsp;&nbsp;&nbsp;__aeabi_d2ulz
<LI><a href="#[17f]">&gt;&gt;</a>&nbsp;&nbsp;&nbsp;__aeabi_cdrcmple
</UL>
<BR>[Called By]<UL><LI><a href="#[17c]">&gt;&gt;</a>&nbsp;&nbsp;&nbsp;_printf_core
</UL>

<P><STRONG><a name="[17c]"></a>_printf_core</STRONG> (Thumb, 1744 bytes, Stack size 136 bytes, printfa.o(i._printf_core), UNUSED)
<BR><BR>[Calls]<UL><LI><a href="#[a0]">&gt;&gt;</a>&nbsp;&nbsp;&nbsp;__aeabi_uldivmod
<LI><a href="#[182]">&gt;&gt;</a>&nbsp;&nbsp;&nbsp;__aeabi_uidivmod
<LI><a href="#[180]">&gt;&gt;</a>&nbsp;&nbsp;&nbsp;_printf_pre_padding
<LI><a href="#[181]">&gt;&gt;</a>&nbsp;&nbsp;&nbsp;_printf_post_padding
<LI><a href="#[17e]">&gt;&gt;</a>&nbsp;&nbsp;&nbsp;_fp_digits
</UL>
<BR>[Called By]<UL><LI><a href="#[17d]">&gt;&gt;</a>&nbsp;&nbsp;&nbsp;__0vsnprintf
<LI><a href="#[17b]">&gt;&gt;</a>&nbsp;&nbsp;&nbsp;__0snprintf
</UL>

<P><STRONG><a name="[181]"></a>_printf_post_padding</STRONG> (Thumb, 36 bytes, Stack size 24 bytes, printfa.o(i._printf_post_padding), UNUSED)
<BR><BR>[Called By]<UL><LI><a href="#[17c]">&gt;&gt;</a>&nbsp;&nbsp;&nbsp;_printf_core
</UL>

<P><STRONG><a name="[180]"></a>_printf_pre_padding</STRONG> (Thumb, 46 bytes, Stack size 24 bytes, printfa.o(i._printf_pre_padding), UNUSED)
<BR><BR>[Called By]<UL><LI><a href="#[17c]">&gt;&gt;</a>&nbsp;&nbsp;&nbsp;_printf_core
</UL>

<P><STRONG><a name="[91]"></a>_snputc</STRONG> (Thumb, 22 bytes, Stack size 0 bytes, printfa.o(i._snputc))
<BR>[Address Reference Count : 2]<UL><LI> printfa.o(i.__0snprintf)
<LI> printfa.o(i.__0vsnprintf)
</UL><P>
<H3>
Undefined Global Symbols
</H3><HR></body></html>
