<html>
<body>
<pre>
<h1>µVision Build Log</h1>
<h2>Tool Versions:</h2>
IDE-Version: ÂµVision V5.43.1.0
Copyright (C) 2025 ARM Ltd and ARM Germany GmbH. All rights reserved.
License Information: Xiu Xiao, Personal, LIC=47GU5-GXCP0-II05V-PR2RK-PM13M-MM999
 
Tool Versions:
Toolchain:       MDK-ARM Plus  Version: 5.43.0.0
Toolchain Path:  C:\Keil_v5\ARM\ARMCLANG\Bin
C Compiler:      ArmClang.exe V6.24
Assembler:       Armasm.exe V6.24
Linker/Locator:  ArmLink.exe V6.24
Library Manager: ArmAr.exe V6.24
Hex Converter:   FromElf.exe V6.24
CPU DLL:         SARMCM3.DLL V5.43.0.0
Dialog DLL:      DCM.DLL V1.17.5.0 
<h2>Project:</h2>
C:\Users\XiaoXiu\Projects\my-rtos-demo\demos\gd32f407_demo\Keil\GD32F407.uvprojx
Project File Date:  01/21/2026

<h2>Output:</h2>
*** Using Compiler 'V6.24', folder: 'C:\Keil_v5\ARM\ARMCLANG\Bin'
Rebuild target 'Target 1'
assembling startup_gd32f407_427.s...
compiling gd32f4xx_misc.c...
compiling gd32f4xx_it.c...
compiling system_gd32f4xx.c...
compiling gd32f4xx_gpio.c...
compiling gd32f4xx_dma.c...
compiling gd32f4xx_usart.c...
compiling gd32f4xx_adc.c...
compiling gd32f4xx_rcu.c...
compiling main.c...
compiling gd32f4xx_exti.c...
compiling gd32f4xx_timer.c...
compiling gd32f4xx_syscfg.c...
compiling lib_usart0.c...
compiling myrtos_init.c...
compiling myrtos_memory.c...
compiling myrtos_scheduler.c...
compiling myrtos_task.c...
compiling myrtos_signal.c...
compiling myrtos_tick.c...
compiling myrtos_queue.c...
compiling myrtos_mutex.c...
compiling myrtos_semaphore.c...
compiling myrtos_extension.c...
compiling MyRTOS_AsyncIO.c...
compiling MyRTOS_Utils.c...
compiling MyRTOS_IO.c...
compiling MyRTOS_Log.c...
compiling MyRTOS_Monitor.c...
compiling MyRTOS_Timer.c...
compiling ARM_CM4F.c...
compiling MyRTOS_VTS.c...
compiling MyRTOS_Boot.c...
compiling platform_hw.c...
compiling platform_console.c...
compiling platform_timer.c...
compiling MyRTOS_Process.c...
compiling platform_error_handler.c...
compiling platform_hooks.c...
compiling shell_core.c...
compiling shell_process_main.c...
compiling shell_builtin.c...
compiling shell_monitor.c...
compiling shell_log.c...
compiling shell_process.c...
compiling shell_platform.c...
compiling shell_sysinfo.c...
compiling init_main.c...
compiling log_main.c...
compiling shell_main.c...
linking...
Program Size: Code=38996 RO-data=4812 RW-data=12 ZI-data=118172  
FromELF: creating hex file...
".\Objects\GD32F407.axf" - 0 Error(s), 0 Warning(s).

<h2>Software Packages used:</h2>

<h2>Collection of Component include folders:</h2>

<h2>Collection of Component Files used:</h2>
Build Time Elapsed:  00:00:02
</pre>
</body>
</html>
