Component: Arm Compiler for Embedded 6.24 Tool: armlink [5f371500]

==============================================================================

Section Cross References

    main.o(.text.blinky_main) refers to gd32f4xx_gpio.o(.text.gpio_bit_toggle) for gpio_bit_toggle
    main.o(.text.blinky_main) refers to myrtos_signal.o(.text.Task_WaitSignal) for Task_WaitSignal
    main.o(.text.blinky_main) refers to gd32f4xx_gpio.o(.text.gpio_bit_reset) for gpio_bit_reset
    main.o(.text.blinky_main) refers to myrtos_io.o(.text.Stream_GetTaskStdOut) for Stream_GetTaskStdOut
    main.o(.text.blinky_main) refers to myrtos_io.o(.text.Stream_Printf) for Stream_Printf
    main.o(.ARM.exidx.text.blinky_main) refers to main.o(.text.blinky_main) for [Anonymous Symbol]
    main.o(.text.looper_main) refers to myrtos_task.o(.text.Task_GetName) for Task_GetName
    main.o(.text.looper_main) refers to main.o(.rodata.str1.1) for .L.str.91
    main.o(.text.looper_main) refers to myrtos_task.o(.text.Task_Delay) for Task_Delay
    main.o(.text.looper_main) refers to myrtos_io.o(.text.Stream_GetTaskStdOut) for Stream_GetTaskStdOut
    main.o(.text.looper_main) refers to myrtos_io.o(.text.Stream_Printf) for Stream_Printf
    main.o(.text.looper_main) refers to myrtos_log.o(.text.Log_GetGlobalLevel) for Log_GetGlobalLevel
    main.o(.text.looper_main) refers to myrtos_log.o(.text.Log_Output) for Log_Output
    main.o(.ARM.exidx.text.looper_main) refers to main.o(.text.looper_main) for [Anonymous Symbol]
    main.o(.text.echo_main) refers to myrtos_io.o(.text.Stream_GetTaskStdOut) for Stream_GetTaskStdOut
    main.o(.text.echo_main) refers to main.o(.rodata.str1.1) for .L.str.94
    main.o(.text.echo_main) refers to myrtos_io.o(.text.Stream_Printf) for Stream_Printf
    main.o(.text.echo_main) refers to myrtos_io.o(.text.Stream_GetTaskStdIn) for Stream_GetTaskStdIn
    main.o(.text.echo_main) refers to myrtos_io.o(.text.Stream_Read) for Stream_Read
    main.o(.ARM.exidx.text.echo_main) refers to main.o(.text.echo_main) for [Anonymous Symbol]
    main.o(.text.hello_main) refers to myrtos_io.o(.text.Stream_GetTaskStdOut) for Stream_GetTaskStdOut
    main.o(.text.hello_main) refers to myrtos_io.o(.text.Stream_Printf) for Stream_Printf
    main.o(.text.hello_main) refers to myrtos_task.o(.text.Task_Delay) for Task_Delay
    main.o(.ARM.exidx.text.hello_main) refers to main.o(.text.hello_main) for [Anonymous Symbol]
    main.o(.text.spawner_main) refers to myrtos_io.o(.text.Stream_GetTaskStdOut) for Stream_GetTaskStdOut
    main.o(.text.spawner_main) refers to main.o(.rodata.str1.1) for .L.str.105
    main.o(.text.spawner_main) refers to myrtos_io.o(.text.Stream_Printf) for Stream_Printf
    main.o(.text.spawner_main) refers to strcmp.o(.text) for strcmp
    main.o(.text.spawner_main) refers to myrtos_process.o(.text.Process_RunProgram) for Process_RunProgram
    main.o(.text.spawner_main) refers to myrtos_process.o(.text.getpid) for getpid
    main.o(.text.spawner_main) refers to myrtos_signal.o(.text.Task_WaitSignal) for Task_WaitSignal
    main.o(.ARM.exidx.text.spawner_main) refers to main.o(.text.spawner_main) for [Anonymous Symbol]
    main.o(.text.Platform_BSP_Init_Hook) refers to gd32f4xx_rcu.o(.text.rcu_periph_clock_enable) for rcu_periph_clock_enable
    main.o(.text.Platform_BSP_Init_Hook) refers to gd32f4xx_gpio.o(.text.gpio_mode_set) for gpio_mode_set
    main.o(.text.Platform_BSP_Init_Hook) refers to gd32f4xx_gpio.o(.text.gpio_output_options_set) for gpio_output_options_set
    main.o(.text.Platform_BSP_Init_Hook) refers to gd32f4xx_syscfg.o(.text.syscfg_exti_line_config) for syscfg_exti_line_config
    main.o(.text.Platform_BSP_Init_Hook) refers to gd32f4xx_exti.o(.text.exti_init) for exti_init
    main.o(.text.Platform_BSP_Init_Hook) refers to gd32f4xx_misc.o(.text.nvic_irq_enable) for nvic_irq_enable
    main.o(.ARM.exidx.text.Platform_BSP_Init_Hook) refers to main.o(.text.Platform_BSP_Init_Hook) for [Anonymous Symbol]
    main.o(.ARM.exidx.text.Platform_IdleTask_Hook) refers to main.o(.text.Platform_IdleTask_Hook) for [Anonymous Symbol]
    main.o(.text.EXTI0_IRQHandler) refers to gd32f4xx_exti.o(.text.exti_interrupt_flag_get) for exti_interrupt_flag_get
    main.o(.text.EXTI0_IRQHandler) refers to gd32f4xx_exti.o(.text.exti_interrupt_flag_clear) for exti_interrupt_flag_clear
    main.o(.text.EXTI0_IRQHandler) refers to main.o(.bss.g_interrupt_task_h) for g_interrupt_task_h
    main.o(.text.EXTI0_IRQHandler) refers to myrtos_task.o(.text.Task_NotifyFromISR) for Task_NotifyFromISR
    main.o(.text.EXTI0_IRQHandler) refers to main.o(.bss.g_isr_semaphore) for g_isr_semaphore
    main.o(.text.EXTI0_IRQHandler) refers to myrtos_semaphore.o(.text.Semaphore_GiveFromISR) for Semaphore_GiveFromISR
    main.o(.text.EXTI0_IRQHandler) refers to arm_cm4f.o(.text.MyRTOS_Port_YieldFromISR) for MyRTOS_Port_YieldFromISR
    main.o(.ARM.exidx.text.EXTI0_IRQHandler) refers to main.o(.text.EXTI0_IRQHandler) for [Anonymous Symbol]
[...]
    EXTI10_15_IRQHandler                     0x080001b7   Thumb Code     0  startup_gd32f407_427.o(.text)
    EXTI1_IRQHandler                         0x080001b7   Thumb Code     0  startup_gd32f407_427.o(.text)
    EXTI2_IRQHandler                         0x080001b7   Thumb Code     0  startup_gd32f407_427.o(.text)
    EXTI3_IRQHandler                         0x080001b7   Thumb Code     0  startup_gd32f407_427.o(.text)
    EXTI4_IRQHandler                         0x080001b7   Thumb Code     0  startup_gd32f407_427.o(.text)
    EXTI5_9_IRQHandler                       0x080001b7   Thumb Code     0  startup_gd32f407_427.o(.text)
    FMC_IRQHandler                           0x080001b7   Thumb Code     0  startup_gd32f407_427.o(.text)
    FPU_IRQHandler                           0x080001b7   Thumb Code     0  startup_gd32f407_427.o(.text)
    I2C0_ER_IRQHandler                       0x080001b7   Thumb Code     0  startup_gd32f407_427.o(.text)
    I2C0_EV_IRQHandler                       0x080001b7   Thumb Code     0  startup_gd32f407_427.o(.text)
    I2C1_ER_IRQHandler                       0x080001b7   Thumb Code     0  startup_gd32f407_427.o(.text)
    I2C1_EV_IRQHandler                       0x080001b7   Thumb Code     0  startup_gd32f407_427.o(.text)
    I2C2_ER_IRQHandler                       0x080001b7   Thumb Code     0  startup_gd32f407_427.o(.text)
    I2C2_EV_IRQHandler                       0x080001b7   Thumb Code     0  startup_gd32f407_427.o(.text)
    LVD_IRQHandler                           0x080001b7   Thumb Code     0  startup_gd32f407_427.o(.text)
    RCU_CTC_IRQHandler                       0x080001b7   Thumb Code     0  startup_gd32f407_427.o(.text)
    RTC_Alarm_IRQHandler                     0x080001b7   Thumb Code     0  startup_gd32f407_427.o(.text)
    RTC_WKUP_IRQHandler                      0x080001b7   Thumb Code     0  startup_gd32f407_427.o(.text)
    SDIO_IRQHandler                          0x080001b7   Thumb Code     0  startup_gd32f407_427.o(.text)
    SPI0_IRQHandler                          0x080001b7   Thumb Code     0  startup_gd32f407_427.o(.text)
    SPI1_IRQHandler                          0x080001b7   Thumb Code     0  startup_gd32f407_427.o(.text)
    SPI2_IRQHandler                          0x080001b7   Thumb Code     0  startup_gd32f407_427.o(.text)
    TAMPER_STAMP_IRQHandler                  0x080001b7   Thumb Code     0  startup_gd32f407_427.o(.text)
    TIMER0_BRK_TIMER8_IRQHandler             0x080001b7   Thumb Code     0  startup_gd32f407_427.o(.text)
    TIMER0_Channel_IRQHandler                0x080001b7   Thumb Code     0  startup_gd32f407_427.o(.text)
    TIMER0_TRG_CMT_TIMER10_IRQHandler        0x080001b7   Thumb Code     0  startup_gd32f407_427.o(.text)
    TIMER0_UP_TIMER9_IRQHandler              0x080001b7   Thumb Code     0  startup_gd32f407_427.o(.text)
    TIMER1_IRQHandler                        0x080001b7   Thumb Code     0  startup_gd32f407_427.o(.text)
    TIMER2_IRQHandler                        0x080001b7   Thumb Code     0  startup_gd32f407_427.o(.text)
    TIMER3_IRQHandler                        0x080001b7   Thumb Code     0  startup_gd32f407_427.o(.text)
    TIMER4_IRQHandler                        0x080001b7   Thumb Code     0  startup_gd32f407_427.o(.text)
    TIMER5_DAC_IRQHandler                    0x080001b7   Thumb Code     0  startup_gd32f407_427.o(.text)
    TIMER6_IRQHandler                        0x080001b7   Thumb Code     0  startup_gd32f407_427.o(.text)
    TIMER7_BRK_TIMER11_IRQHandler            0x080001b7   Thumb Code     0  startup_gd32f407_427.o(.text)
    TIMER7_Channel_IRQHandler                0x080001b7   Thumb Code     0  startup_gd32f407_427.o(.text)
    TIMER7_TRG_CMT_TIMER13_IRQHandler        0x080001b7   Thumb Code     0  startup_gd32f407_427.o(.text)
    TIMER7_UP_TIMER12_IRQHandler             0x080001b7   Thumb Code     0  startup_gd32f407_427.o(.text)
    TRNG_IRQHandler                          0x080001b7   Thumb Code     0  startup_gd32f407_427.o(.text)
    UART3_IRQHandler                         0x080001b7   Thumb Code     0  startup_gd32f407_427.o(.text)
    UART4_IRQHandler                         0x080001b7   Thumb Code     0  startup_gd32f407_427.o(.text)
    USART1_IRQHandler                        0x080001b7   Thumb Code     0  startup_gd32f407_427.o(.text)
    USART2_IRQHandler                        0x080001b7   Thumb Code     0  startup_gd32f407_427.o(.text)
    USART5_IRQHandler                        0x080001b7   Thumb Code     0  startup_gd32f407_427.o(.text)
    USBFS_IRQHandler                         0x080001b7   Thumb Code     0  startup_gd32f407_427.o(.text)
    USBFS_WKUP_IRQHandler                    0x080001b7   Thumb Code     0  startup_gd32f407_427.o(.text)
    USBHS_EP1_In_IRQHandler                  0x080001b7   Thumb Code     0  startup_gd32f407_427.o(.text)
    USBHS_EP1_Out_IRQHandler                 0x080001b7   Thumb Code     0  startup_gd32f407_427.o(.text)
    USBHS_IRQHandler                         0x080001b7   Thumb Code     0  startup_gd32f407_427.o(.text)
    USBHS_WKUP_IRQHandler                    0x080001b7   Thumb Code     0  startup_gd32f407_427.o(.text)
    WWDGT_IRQHandler                         0x080001b7   Thumb Code     0  startup_gd32f407_427.o(.text)
    __aeabi_uldivmod                         0x080001c1   Thumb Code    98  uldiv.o(.text)
    __rt_ctype_table                         0x08000225   Thumb Code     4  ctype_o.o(.text)
    ___aeabi_memcpy8$move                    0x0800022d   Thumb Code     0  memmovea.o(.text)
    __aeabi_memcpy                           0x0800022d   Thumb Code    64  memmovea.o(.text)
    __aeabi_memcpy4                          0x0800022d   Thumb Code     0  memmovea.o(.text)
    __aeabi_memmove                          0x0800022d   Thumb Code     0  memmovea.o(.text)
    __aeabi_memmove4                         0x0800022d   Thumb Code     0  memmovea.o(.text)
    __aeabi_memmove8                         0x0800022d   Thumb Code     0  memmovea.o(.text)
    __aeabi_memset                           0x0800026d   Thumb Code    14  memseta.o(.text)
    __aeabi_memset4                          0x0800026d   Thumb Code     0  memseta.o(.text)
    __aeabi_memset8                          0x0800026d   Thumb Code     0  memseta.o(.text)
    __aeabi_memclr                           0x0800027b   Thumb Code     4  memseta.o(.text)
    __aeabi_memclr4                          0x0800027b   Thumb Code     0  memseta.o(.text)
    __aeabi_memclr8                          0x0800027b   Thumb Code     0  memseta.o(.text)
    _memset$wrapper                          0x0800027f   Thumb Code    18  memseta.o(.text)
    strncpy                                  0x08000291   Thumb Code    24  strncpy.o(.text)
    strlen                                   0x080002a9   Thumb Code    14  strlen.o(.text)
    strcmp                                   0x080002b7   Thumb Code    28  strcmp.o(.text)
    strcpy                                   0x080002d3   Thumb Code    18  strcpy.o(.text)
    strcasecmp                               0x080002e5   Thumb Code    42  strcasecmp.o(.text)
    atoi                                     0x0800030f   Thumb Code    26  atoi.o(.text)
    __aeabi_uidiv                            0x08000329   Thumb Code     0  uidiv.o(.text)
    __aeabi_uidivmod                         0x08000329   Thumb Code    44  uidiv.o(.text)
    __aeabi_llsl                             0x08000355   Thumb Code    30  llshl.o(.text)
    _ll_shift_l                              0x08000355   Thumb Code     0  llshl.o(.text)
    __aeabi_llsr                             0x08000373   Thumb Code    32  llushr.o(.text)
    _ll_ushift_r                             0x08000373   Thumb Code     0  llushr.o(.text)
    tolower                                  0x08000393   Thumb Code    12  tolower.o(.text)
    strtol                                   0x0800039f   Thumb Code   112  strtol.o(.text)
    __I$use$fp                               0x0800040f   Thumb Code     0  iusefp.o(.text)
    __aeabi_dadd                             0x0800040f   Thumb Code   322  dadd.o(.text)
    __aeabi_dsub                             0x08000551   Thumb Code     6  dadd.o(.text)
    __aeabi_drsub                            0x08000557   Thumb Code     6  dadd.o(.text)
    __aeabi_dmul                             0x0800055d   Thumb Code   228  dmul.o(.text)
    __aeabi_ddiv                             0x08000641   Thumb Code   222  ddiv.o(.text)
    __aeabi_d2ulz                            0x0800071f   Thumb Code    48  dfixul.o(.text)
    __aeabi_cdrcmple                         0x08000751   Thumb Code    48  cdrcmple.o(.text)
    __scatterload                            0x08000781   Thumb Code    38  init.o(.text)
    __scatterload_rt2                        0x08000781   Thumb Code     0  init.o(.text)
    __aeabi_lasr                             0x080007b1   Thumb Code    36  llsshr.o(.text)
    _ll_sshift_r                             0x080007b1   Thumb Code     0  llsshr.o(.text)
    _strtoul                                 0x080007d5   Thumb Code   158  _strtoul.o(.text)
    _double_round                            0x08000873   Thumb Code    30  depilogue.o(.text)
    _double_epilogue                         0x08000891   Thumb Code   156  depilogue.o(.text)
    _chval                                   0x0800092d   Thumb Code    28  _chval.o(.text)
    AsyncIOService_Init                      0x08000949   Thumb Code   132  myrtos_asyncio.o(.text.AsyncIOService_Init)
    BusFault_Handler                         0x08000a11   Thumb Code     2  gd32f4xx_it.o(.text.BusFault_Handler)
    DebugMon_Handler                         0x08000a15   Thumb Code     2  gd32f4xx_it.o(.text.DebugMon_Handler)
    EXTI0_IRQHandler                         0x08000a19   Thumb Code    68  main.o(.text.EXTI0_IRQHandler)
    HardFault_Handler                        0x08000a5d   Thumb Code    18  arm_cm4f.o(.text.HardFault_Handler)
    HardFault_Report                         0x08000a71   Thumb Code    26  arm_cm4f.o(.text.HardFault_Report)
    Log_AddListener                          0x08000a8d   Thumb Code   120  myrtos_log.o(.text.Log_AddListener)
    Log_GetGlobalLevel                       0x08000b05   Thumb Code    12  myrtos_log.o(.text.Log_GetGlobalLevel)
    Log_Init                                 0x08000b11   Thumb Code    68  myrtos_log.o(.text.Log_Init)
    Log_Output                               0x08000b55   Thumb Code   340  myrtos_log.o(.text.Log_Output)
    Log_RemoveListener                       0x08000cd5   Thumb Code    90  myrtos_log.o(.text.Log_RemoveListener)
    Log_SetGlobalLevel                       0x08000d31   Thumb Code    26  myrtos_log.o(.text.Log_SetGlobalLevel)
    MemManage_Handler                        0x08000d4d   Thumb Code     2  gd32f4xx_it.o(.text.MemManage_Handler)
    Monitor_GetHeapStats                     0x08000d51   Thumb Code    52  myrtos_monitor.o(.text.Monitor_GetHeapStats)
    Monitor_GetNextTask                      0x08000d85   Thumb Code    20  myrtos_monitor.o(.text.Monitor_GetNextTask)
    Monitor_GetTaskInfo                      0x08000d99   Thumb Code   172  myrtos_monitor.o(.text.Monitor_GetTaskInfo)
    Monitor_Init                             0x08000e45   Thumb Code   110  myrtos_monitor.o(.text.Monitor_Init)
    Mutex_Create                             0x08000eb5   Thumb Code    40  myrtos_mutex.o(.text.Mutex_Create)
    Mutex_Lock                               0x08000edd   Thumb Code     8  myrtos_mutex.o(.text.Mutex_Lock)
    Mutex_Lock_Recursive                     0x08000ee5   Thumb Code    80  myrtos_mutex.o(.text.Mutex_Lock_Recursive)
    Mutex_Lock_Timeout                       0x08000f35   Thumb Code   224  myrtos_mutex.o(.text.Mutex_Lock_Timeout)
    Mutex_Unlock                             0x08001015   Thumb Code   184  myrtos_mutex.o(.text.Mutex_Unlock)
    Mutex_Unlock_Recursive                   0x080010cd   Thumb Code    64  myrtos_mutex.o(.text.Mutex_Unlock_Recursive)
    MyRTOS_AsyncPrintf                       0x0800110d   Thumb Code    28  myrtos_asyncio.o(.text.MyRTOS_AsyncPrintf)
    MyRTOS_AsyncVPrintf                      0x08001129   Thumb Code   118  myrtos_asyncio.o(.text.MyRTOS_AsyncVPrintf)
    MyRTOS_Boot                              0x080011a1   Thumb Code    12  myrtos_boot.o(.text.MyRTOS_Boot)
    MyRTOS_Boot_Init                         0x080011ad   Thumb Code   492  myrtos_boot.o(.text.MyRTOS_Boot_Init)
    MyRTOS_Boot_Start                        0x0800142d   Thumb Code   120  myrtos_boot.o(.text.MyRTOS_Boot_Start)
    MyRTOS_FormatV                           0x08001515   Thumb Code    34  myrtos_utils.o(.text.MyRTOS_FormatV)
    MyRTOS_Free                              0x08001539   Thumb Code   202  myrtos_memory.o(.text.MyRTOS_Free)
    MyRTOS_GetTick                           0x08001605   Thumb Code    28  myrtos_tick.o(.text.MyRTOS_GetTick)
    MyRTOS_Init                              0x08001621   Thumb Code    36  myrtos_init.o(.text.MyRTOS_Init)
    MyRTOS_Malloc                            0x08001645   Thumb Code   388  myrtos_memory.o(.text.MyRTOS_Malloc)
    MyRTOS_Port_EnterCritical                0x080017c9   Thumb Code    18  arm_cm4f.o(.text.MyRTOS_Port_EnterCritical)
    MyRTOS_Port_ExitCritical                 0x080017dd   Thumb Code    30  arm_cm4f.o(.text.MyRTOS_Port_ExitCritical)
    MyRTOS_Port_InitialiseStack              0x080017fd   Thumb Code   110  arm_cm4f.o(.text.MyRTOS_Port_InitialiseStack)
    MyRTOS_Port_StartScheduler               0x0800186d   Thumb Code   106  arm_cm4f.o(.text.MyRTOS_Port_StartScheduler)
    MyRTOS_Port_Yield                        0x080018d9   Thumb Code    24  arm_cm4f.o(.text.MyRTOS_Port_Yield)
    MyRTOS_Port_YieldFromISR                 0x080018f1   Thumb Code    30  arm_cm4f.o(.text.MyRTOS_Port_YieldFromISR)
    MyRTOS_RegisterExtension                 0x08001911   Thumb Code   110  myrtos_extension.o(.text.MyRTOS_RegisterExtension)
    MyRTOS_ReportError                       0x08001981   Thumb Code    74  myrtos_init.o(.text.MyRTOS_ReportError)
    MyRTOS_Schedule                          0x080019cd   Thumb Code     4  myrtos_scheduler.o(.text.MyRTOS_Schedule)
    MyRTOS_Schedule_IsRunning                0x080019d1   Thumb Code    12  myrtos_tick.o(.text.MyRTOS_Schedule_IsRunning)
    MyRTOS_Tick_Handler                      0x080019dd   Thumb Code   140  myrtos_tick.o(.text.MyRTOS_Tick_Handler)
    NMI_Handler                              0x08001a69   Thumb Code     2  gd32f4xx_it.o(.text.NMI_Handler)
    PendSV_Handler                           0x08001a6d   Thumb Code    78  arm_cm4f.o(.text.PendSV_Handler)
    Pipe_Create                              0x08001ac1   Thumb Code    72  myrtos_io.o(.text.Pipe_Create)
    Pipe_Delete                              0x08001b09   Thumb Code    40  myrtos_io.o(.text.Pipe_Delete)
    Platform_BSP_After_Hook                  0x08001b31   Thumb Code     2  platform_hooks.o(.text.Platform_BSP_After_Hook)
    Platform_BSP_Init_Hook                   0x08001b35   Thumb Code   104  main.o(.text.Platform_BSP_Init_Hook)
    Platform_Console_GetStream               0x08001b9d   Thumb Code    10  platform_console.o(.text.Platform_Console_GetStream)
    Platform_Console_HwInit                  0x08001ba9   Thumb Code   164  platform_console.o(.text.Platform_Console_HwInit)
    Platform_Console_OSInit                  0x08001c4d   Thumb Code    30  platform_console.o(.text.Platform_Console_OSInit)
    Platform_EarlyInit_Hook                  0x08001c6d   Thumb Code     2  platform_hooks.o(.text.Platform_EarlyInit_Hook)
    Platform_ErrorHandler_Init               0x08001c71   Thumb Code    12  platform_error_handler.o(.text.Platform_ErrorHandler_Init)
    Platform_HardFault_Hook                  0x08001c7d   Thumb Code   280  platform_hooks.o(.text.Platform_HardFault_Hook)
    Platform_HiresTimer_Init                 0x08001db9   Thumb Code   100  platform_timer.o(.text.Platform_HiresTimer_Init)
    Platform_HwInit                          0x08001e1d   Thumb Code   142  platform_hw.o(.text.Platform_HwInit)
    Platform_IdleTask_Hook                   0x08001ead   Thumb Code     4  main.o(.text.Platform_IdleTask_Hook)
    Platform_MallocFailed_Hook               0x08001eb1   Thumb Code   132  platform_hooks.o(.text.Platform_MallocFailed_Hook)
    Platform_Reboot                          0x08001f65   Thumb Code    34  platform_hw.o(.text.Platform_Reboot)
    Platform_StackOverflow_Hook              0x08001f89   Thumb Code   224  platform_hooks.o(.text.Platform_StackOverflow_Hook)
    Platform_TaskExit_Hook                   0x08002085   Thumb Code   196  platform_hooks.o(.text.Platform_TaskExit_Hook)
    Platform_Timer_GetHiresValue             0x08002161   Thumb Code     8  platform_timer.o(.text.Platform_Timer_GetHiresValue)
    Platform_fault_putchar                   0x08002169   Thumb Code    60  platform_console.o(.text.Platform_fault_putchar)
    Process_Create                           0x080021a5   Thumb Code   556  myrtos_process.o(.text.Process_Create)
    Process_Exit                             0x08002449   Thumb Code   116  myrtos_process.o(.text.Process_Exit)
    Process_ForEach                          0x080024ed   Thumb Code    68  myrtos_process.o(.text.Process_ForEach)
    Process_ForEachProgram                   0x08002531   Thumb Code    90  myrtos_process.o(.text.Process_ForEachProgram)
    Process_GetExitCode                      0x0800258d   Thumb Code    90  myrtos_process.o(.text.Process_GetExitCode)
    Process_GetFdHandleByPid                 0x080025e9   Thumb Code    82  myrtos_process.o(.text.Process_GetFdHandleByPid)
    Process_GetName                          0x0800263d   Thumb Code    70  myrtos_process.o(.text.Process_GetName)
    Process_GetState                         0x08002685   Thumb Code    74  myrtos_process.o(.text.Process_GetState)
    Process_GetTaskHandle                    0x080026d1   Thumb Code    70  myrtos_process.o(.text.Process_GetTaskHandle)
    Process_Init                             0x08002719   Thumb Code   132  myrtos_process.o(.text.Process_Init)
    Process_Kill                             0x080027c5   Thumb Code   248  myrtos_process.o(.text.Process_Kill)
    Process_RegisterProgram                  0x08002929   Thumb Code   112  myrtos_process.o(.text.Process_RegisterProgram)
    Process_Resume                           0x080029cd   Thumb Code   152  myrtos_process.o(.text.Process_Resume)
    Process_RunProgram                       0x08002ab9   Thumb Code   160  myrtos_process.o(.text.Process_RunProgram)
    Process_Suspend                          0x08002b71   Thumb Code   152  myrtos_process.o(.text.Process_Suspend)
    Queue_Create                             0x08002c61   Thumb Code    90  myrtos_queue.o(.text.Queue_Create)
    Queue_Delete                             0x08002cbd   Thumb Code    76  myrtos_queue.o(.text.Queue_Delete)
    Queue_Receive                            0x08002d09   Thumb Code   278  myrtos_queue.o(.text.Queue_Receive)
    Queue_Send                               0x08002e21   Thumb Code   280  myrtos_queue.o(.text.Queue_Send)
    SVC_Handler                              0x08002f39   Thumb Code    32  arm_cm4f.o(.text.SVC_Handler)
    Semaphore_Create                         0x08002f5d   Thumb Code    50  myrtos_semaphore.o(.text.Semaphore_Create)
    Semaphore_Give                           0x08002f91   Thumb Code   126  myrtos_semaphore.o(.text.Semaphore_Give)
    Semaphore_GiveFromISR                    0x08003011   Thumb Code   128  myrtos_semaphore.o(.text.Semaphore_GiveFromISR)
    Semaphore_Take                           0x08003091   Thumb Code   150  myrtos_semaphore.o(.text.Semaphore_Take)
    Stack_Overflow_Report                    0x08003129   Thumb Code    26  arm_cm4f.o(.text.Stack_Overflow_Report)
    StdIOService_Init                        0x08003145   Thumb Code    34  myrtos_io.o(.text.StdIOService_Init)
    Stream_GetTaskStdIn                      0x08003169   Thumb Code    58  myrtos_io.o(.text.Stream_GetTaskStdIn)
    Stream_GetTaskStdOut                     0x080031a5   Thumb Code    60  myrtos_io.o(.text.Stream_GetTaskStdOut)
    Stream_Printf                            0x080031e1   Thumb Code    68  myrtos_io.o(.text.Stream_Printf)
    Stream_Read                              0x08003225   Thumb Code    28  myrtos_io.o(.text.Stream_Read)
    Stream_SetTaskStdErr                     0x08003241   Thumb Code    52  myrtos_io.o(.text.Stream_SetTaskStdErr)
    Stream_SetTaskStdIn                      0x08003275   Thumb Code    52  myrtos_io.o(.text.Stream_SetTaskStdIn)
    Stream_SetTaskStdOut                     0x080032a9   Thumb Code    52  myrtos_io.o(.text.Stream_SetTaskStdOut)
    Stream_Write                             0x080032dd   Thumb Code    28  myrtos_io.o(.text.Stream_Write)
    SysTick_Handler                          0x080032f9   Thumb Code    68  arm_cm4f.o(.text.SysTick_Handler)
    SystemInit                               0x0800333d   Thumb Code   342  system_gd32f4xx.o(.text.SystemInit)
    Task_ClearSignal                         0x08003495   Thumb Code    46  myrtos_signal.o(.text.Task_ClearSignal)
    Task_Create                              0x080034c5   Thumb Code   476  myrtos_task.o(.text.Task_Create)
    Task_Delay                               0x080036ad   Thumb Code    90  myrtos_task.o(.text.Task_Delay)
    Task_Delete                              0x08003709   Thumb Code   380  myrtos_task.o(.text.Task_Delete)
    Task_GetCurrentTaskHandle                0x08003885   Thumb Code    12  myrtos_task.o(.text.Task_GetCurrentTaskHandle)
    Task_GetId                               0x08003891   Thumb Code    12  myrtos_task.o(.text.Task_GetId)
    Task_GetName                             0x0800389d   Thumb Code    20  myrtos_task.o(.text.Task_GetName)
    Task_Notify                              0x080038b1   Thumb Code    72  myrtos_task.o(.text.Task_Notify)
    Task_NotifyFromISR                       0x080038f9   Thumb Code    80  myrtos_task.o(.text.Task_NotifyFromISR)
    Task_Resume                              0x08003949   Thumb Code    70  myrtos_task.o(.text.Task_Resume)
    Task_SendSignal                          0x08003991   Thumb Code   144  myrtos_signal.o(.text.Task_SendSignal)
    Task_StartScheduler                      0x08003a21   Thumb Code    72  myrtos_init.o(.text.Task_StartScheduler)
    Task_Suspend                             0x08003a71   Thumb Code   152  myrtos_task.o(.text.Task_Suspend)
    Task_Wait                                0x08003b09   Thumb Code    54  myrtos_task.o(.text.Task_Wait)
    Task_WaitSignal                          0x08003b41   Thumb Code   236  myrtos_signal.o(.text.Task_WaitSignal)
    TimerService_Init                        0x08003d1d   Thumb Code    92  myrtos_timer.o(.text.TimerService_Init)
    Timer_Create                             0x08003d85   Thumb Code    48  myrtos_timer.o(.text.Timer_Create)
    Timer_Start                              0x08003db5   Thumb Code    74  myrtos_timer.o(.text.Timer_Start)
    USART0_IRQHandler                        0x08003e01   Thumb Code   108  platform_console.o(.text.USART0_IRQHandler)
    UsageFault_Handler                       0x08003e6d   Thumb Code     2  gd32f4xx_it.o(.text.UsageFault_Handler)
    VTS_GetBackgroundStream                  0x08003e71   Thumb Code    20  myrtos_vts.o(.text.VTS_GetBackgroundStream)
    VTS_Init                                 0x08003e85   Thumb Code   152  myrtos_vts.o(.text.VTS_Init)
    VTS_ReturnToRootFocus                    0x08003f29   Thumb Code    58  myrtos_vts.o(.text.VTS_ReturnToRootFocus)
    VTS_SetFocus                             0x08003f65   Thumb Code    58  myrtos_vts.o(.text.VTS_SetFocus)
    VTS_SetSignalReceiver                    0x08003fa1   Thumb Code    24  myrtos_vts.o(.text.VTS_SetSignalReceiver)
    VTS_SetTerminalMode                      0x08003fb9   Thumb Code    42  myrtos_vts.o(.text.VTS_SetTerminalMode)
    addTaskToReadyList                       0x080043cd   Thumb Code   104  myrtos_scheduler.o(.text.addTaskToReadyList)
    addTaskToSortedDelayList                 0x08004435   Thumb Code   100  myrtos_scheduler.o(.text.addTaskToSortedDelayList)
    broadcast_event                          0x080046c1   Thumb Code    58  myrtos_extension.o(.text.broadcast_event)
    eventListInit                            0x08006019   Thumb Code     6  myrtos_scheduler.o(.text.eventListInit)
    eventListInsert                          0x08006021   Thumb Code    52  myrtos_scheduler.o(.text.eventListInsert)
    eventListRemove                          0x08006055   Thumb Code    44  myrtos_scheduler.o(.text.eventListRemove)
    exti_init                                0x08006081   Thumb Code   156  gd32f4xx_exti.o(.text.exti_init)
    exti_interrupt_flag_clear                0x0800611d   Thumb Code    12  gd32f4xx_exti.o(.text.exti_interrupt_flag_clear)
    exti_interrupt_flag_get                  0x08006129   Thumb Code    18  gd32f4xx_exti.o(.text.exti_interrupt_flag_get)
    get_delayed_task_list_head               0x0800613d   Thumb Code    10  myrtos_scheduler.o(.text.get_delayed_task_list_head)
    get_ready_task_list                      0x08006149   Thumb Code    22  myrtos_scheduler.o(.text.get_ready_task_list)
    getpid                                   0x08006161   Thumb Code    70  myrtos_process.o(.text.getpid)
    gpio_af_set                              0x080061a9   Thumb Code   110  gd32f4xx_gpio.o(.text.gpio_af_set)
    gpio_bit_reset                           0x08006219   Thumb Code     4  gd32f4xx_gpio.o(.text.gpio_bit_reset)
    gpio_bit_toggle                          0x0800621d   Thumb Code     4  gd32f4xx_gpio.o(.text.gpio_bit_toggle)
    gpio_mode_set                            0x08006221   Thumb Code    84  gd32f4xx_gpio.o(.text.gpio_mode_set)
    gpio_output_options_set                  0x08006275   Thumb Code    70  gd32f4xx_gpio.o(.text.gpio_output_options_set)
    main                                     0x08006811   Thumb Code    76  main.o(.text.main)
    nvic_irq_enable                          0x08006b95   Thumb Code   166  gd32f4xx_misc.o(.text.nvic_irq_enable)
    nvic_priority_group_set                  0x08006c3d   Thumb Code    20  gd32f4xx_misc.o(.text.nvic_priority_group_set)
    rcu_ahb_clock_config                     0x08007515   Thumb Code    20  gd32f4xx_rcu.o(.text.rcu_ahb_clock_config)
    rcu_apb1_clock_config                    0x08007529   Thumb Code    20  gd32f4xx_rcu.o(.text.rcu_apb1_clock_config)
    rcu_apb2_clock_config                    0x0800753d   Thumb Code    20  gd32f4xx_rcu.o(.text.rcu_apb2_clock_config)
    rcu_clock_freq_get                       0x08007551   Thumb Code   172  gd32f4xx_rcu.o(.text.rcu_clock_freq_get)
    rcu_deinit                               0x0800760d   Thumb Code   154  gd32f4xx_rcu.o(.text.rcu_deinit)
    rcu_osci_on                              0x080076a9   Thumb Code    30  gd32f4xx_rcu.o(.text.rcu_osci_on)
    rcu_osci_stab_wait                       0x080076c9   Thumb Code   452  gd32f4xx_rcu.o(.text.rcu_osci_stab_wait)
    rcu_periph_clock_enable                  0x0800788d   Thumb Code    30  gd32f4xx_rcu.o(.text.rcu_periph_clock_enable)
    rcu_periph_reset_disable                 0x080078ad   Thumb Code    32  gd32f4xx_rcu.o(.text.rcu_periph_reset_disable)
    rcu_periph_reset_enable                  0x080078cd   Thumb Code    30  gd32f4xx_rcu.o(.text.rcu_periph_reset_enable)
    rcu_pll_config                           0x080078ed   Thumb Code   132  gd32f4xx_rcu.o(.text.rcu_pll_config)
    rcu_system_clock_source_config           0x08007971   Thumb Code    20  gd32f4xx_rcu.o(.text.rcu_system_clock_source_config)
    rcu_system_clock_source_get              0x08007985   Thumb Code    16  gd32f4xx_rcu.o(.text.rcu_system_clock_source_get)
    removeTaskFromList                       0x08007abd   Thumb Code    86  myrtos_scheduler.o(.text.removeTaskFromList)
    schedule_next_task                       0x08007b15   Thumb Code   176  myrtos_scheduler.o(.text.schedule_next_task)
    scheduler_init                           0x08007bc5   Thumb Code    40  myrtos_scheduler.o(.text.scheduler_init)
    shell_add_history                        0x08007bed   Thumb Code   160  shell_core.o(.text.shell_add_history)
    shell_create                             0x08007c8d   Thumb Code    98  shell_core.o(.text.shell_create)
    shell_execute_line                       0x08007cf1   Thumb Code   216  shell_core.o(.text.shell_execute_line)
    shell_foreach_command                    0x08007dc9   Thumb Code    42  shell_core.o(.text.shell_foreach_command)
    shell_get_next_history                   0x08007df5   Thumb Code    74  shell_core.o(.text.shell_get_next_history)
    shell_get_prev_history                   0x08007e41   Thumb Code   160  shell_core.o(.text.shell_get_prev_history)
    shell_get_prompt                         0x08007ee1   Thumb Code    16  shell_core.o(.text.shell_get_prompt)
    shell_history_reset_browse               0x08007ef1   Thumb Code    14  shell_core.o(.text.shell_history_reset_browse)
    shell_history_save_temp                  0x08007f01   Thumb Code    38  shell_core.o(.text.shell_history_save_temp)
    shell_register_builtin_commands          0x08008251   Thumb Code    16  shell_builtin.o(.text.shell_register_builtin_commands)
    shell_register_command                   0x08008285   Thumb Code   150  shell_core.o(.text.shell_register_command)
    shell_register_log_commands              0x0800831d   Thumb Code    72  shell_log.o(.text.shell_register_log_commands)
    shell_register_monitor_commands          0x080083d1   Thumb Code    16  shell_monitor.o(.text.shell_register_monitor_commands)
    shell_register_platform_commands         0x080083f9   Thumb Code    16  shell_platform.o(.text.shell_register_platform_commands)
    shell_register_process_commands          0x08008421   Thumb Code   152  shell_process.o(.text.shell_register_process_commands)
    shell_register_sysinfo_commands          0x0800855d   Thumb Code    44  shell_sysinfo.o(.text.shell_register_sysinfo_commands)
    syscfg_exti_line_config                  0x08008a21   Thumb Code   132  gd32f4xx_syscfg.o(.text.syscfg_exti_line_config)
    task_set_priority                        0x08008b2d   Thumb Code   224  myrtos_scheduler.o(.text.task_set_priority)
    timer_counter_read                       0x08008c0d   Thumb Code     4  gd32f4xx_timer.o(.text.timer_counter_read)
    timer_deinit                             0x08008c11   Thumb Code   326  gd32f4xx_timer.o(.text.timer_deinit)
    timer_enable                             0x08008d59   Thumb Code    10  gd32f4xx_timer.o(.text.timer_enable)
    timer_init                               0x08008d65   Thumb Code   174  gd32f4xx_timer.o(.text.timer_init)
    timer_struct_para_init                   0x08008e15   Thumb Code    16  gd32f4xx_timer.o(.text.timer_struct_para_init)
    usart_baudrate_set                       0x08008e79   Thumb Code   190  gd32f4xx_usart.o(.text.usart_baudrate_set)
    usart_data_receive                       0x08008f39   Thumb Code     8  gd32f4xx_usart.o(.text.usart_data_receive)
    usart_data_transmit                      0x08008f41   Thumb Code     8  gd32f4xx_usart.o(.text.usart_data_transmit)
    usart_deinit                             0x08008f49   Thumb Code   200  gd32f4xx_usart.o(.text.usart_deinit)
    usart_enable                             0x08009011   Thumb Code    10  gd32f4xx_usart.o(.text.usart_enable)
    usart_flag_get                           0x0800901d   Thumb Code    16  gd32f4xx_usart.o(.text.usart_flag_get)
    usart_interrupt_enable                   0x0800902d   Thumb Code    22  gd32f4xx_usart.o(.text.usart_interrupt_enable)
    usart_interrupt_flag_get                 0x08009045   Thumb Code    40  gd32f4xx_usart.o(.text.usart_interrupt_flag_get)
    usart_receive_config                     0x0800906d   Thumb Code    12  gd32f4xx_usart.o(.text.usart_receive_config)
    usart_transmit_config                    0x08009079   Thumb Code    12  gd32f4xx_usart.o(.text.usart_transmit_config)
    __0snprintf                              0x08009085   Thumb Code    48  printfa.o(i.__0snprintf)
    __1snprintf                              0x08009085   Thumb Code     0  printfa.o(i.__0snprintf)
    __2snprintf                              0x08009085   Thumb Code     0  printfa.o(i.__0snprintf)
    __c89snprintf                            0x08009085   Thumb Code     0  printfa.o(i.__0snprintf)
    snprintf                                 0x08009085   Thumb Code     0  printfa.o(i.__0snprintf)
    __0vsnprintf                             0x080090b9   Thumb Code    46  printfa.o(i.__0vsnprintf)
    __1vsnprintf                             0x080090b9   Thumb Code     0  printfa.o(i.__0vsnprintf)
    __2vsnprintf                             0x080090b9   Thumb Code     0  printfa.o(i.__0vsnprintf)
    __c89vsnprintf                           0x080090b9   Thumb Code     0  printfa.o(i.__0vsnprintf)
    vsnprintf                                0x080090b9   Thumb Code     0  printfa.o(i.__0vsnprintf)
    __aeabi_errno_addr                       0x080090ed   Thumb Code     4  errno.o(i.__aeabi_errno_addr)
    __rt_errno_addr                          0x080090ed   Thumb Code     0  errno.o(i.__aeabi_errno_addr)
    __scatterload_copy                       0x080090f5   Thumb Code    14  handlers.o(i.__scatterload_copy)
    __scatterload_null                       0x08009103   Thumb Code     2  handlers.o(i.__scatterload_null)
    __scatterload_zeroinit                   0x08009105   Thumb Code    14  handlers.o(i.__scatterload_zeroinit)
    __ctype_table                            0x080099dc   Data         129  ctype_o.o(.constdata)
    g_program_blinky                         0x08009aac   Data          12  main.o(.rodata.g_program_blinky)
    g_program_echo                           0x08009ab8   Data          12  main.o(.rodata.g_program_echo)
    g_program_hello                          0x08009ac4   Data          12  main.o(.rodata.g_program_hello)
    g_program_init                           0x08009ad0   Data          12  init_main.o(.rodata.g_program_init)
    g_program_log                            0x08009adc   Data          12  log_main.o(.rodata.g_program_log)
    g_program_looper                         0x08009ae8   Data          12  main.o(.rodata.g_program_looper)
    g_program_shell                          0x08009af4   Data          12  shell_process_main.o(.rodata.g_program_shell)
    g_program_spawner                        0x08009b00   Data          12  main.o(.rodata.g_program_spawner)
    Region$$Table$$Base                      0x0800ab00   Number         0  anon$$obj.o(Region$$Table)
    Region$$Table$$Limit                     0x0800ab20   Number         0  anon$$obj.o(Region$$Table)
    SystemCoreClock                          0x20000004   Data           4  system_gd32f4xx.o(.data.SystemCoreClock)
    allTaskListHead                          0x20000194   Data           4  myrtos_init.o(.bss.allTaskListHead)
    currentTask                              0x200001a0   Data           4  myrtos_init.o(.bss.currentTask)
    freeBytesRemaining                       0x200001a8   Data           4  myrtos_memory.o(.bss.freeBytesRemaining)
    g_scheduler_started                      0x200008ca   Data           1  myrtos_init.o(.bss.g_scheduler_started)
    g_system_stderr                          0x200008d4   Data           4  myrtos_io.o(.bss.g_system_stderr)
    g_system_stdin                           0x200008d8   Data           4  myrtos_io.o(.bss.g_system_stdin)
    g_system_stdout                          0x200008dc   Data           4  myrtos_io.o(.bss.g_system_stdout)
    idleTask                                 0x200010f8   Data           4  myrtos_init.o(.bss.idleTask)
    uxCriticalNesting                        0x2001c9a4   Data           4  arm_cm4f.o(.bss.uxCriticalNesting)
    __initial_sp                             0x2001cda8   Data           0  startup_gd32f407_427.o(STACK)



==============================================================================

Memory Map of the image

  Image Entry point : 0x08000189

  Load Region LR_IROM1 (Base: 0x08000000, Size: 0x0000ab30, Max: 0x00080000, ABSOLUTE)

    Execution Region ER_IROM1 (Exec base: 0x08000000, Load base: 0x08000000, Size: 0x0000ab20, Max: 0x00080000, ABSOLUTE)

    Exec Addr    Load Addr    Size         Type   Attr      Idx    E Section Name        Object

    0x08000000   0x08000000   0x00000188   Data   RO          122    RESET               startup_gd32f407_427.o
    0x08000188   0x08000188   0x00000000   Code   RO         1606  * .ARM.Collect$$$$00000000  mc_w.l(entry.o)
    0x08000188   0x08000188   0x00000004   Code   RO         1922    .ARM.Collect$$$$00000001  mc_w.l(entry2.o)
    0x0800018c   0x0800018c   0x00000004   Code   RO         1925    .ARM.Collect$$$$00000004  mc_w.l(entry5.o)
    0x08000190   0x08000190   0x00000000   Code   RO         1927    .ARM.Collect$$$$00000008  mc_w.l(entry7b.o)
    0x08000190   0x08000190   0x00000000   Code   RO         1929    .ARM.Collect$$$$0000000A  mc_w.l(entry8b.o)
    0x08000190   0x08000190   0x00000008   Code   RO         1930    .ARM.Collect$$$$0000000B  mc_w.l(entry9a.o)
    0x08000198   0x08000198   0x00000000   Code   RO         1932    .ARM.Collect$$$$0000000D  mc_w.l(entry10a.o)
    0x08000198   0x08000198   0x00000000   Code   RO         1934    .ARM.Collect$$$$0000000F  mc_w.l(entry11a.o)
    0x08000198   0x08000198   0x00000004   Code   RO         1923    .ARM.Collect$$$$00002712  mc_w.l(entry2.o)
    0x0800019c   0x0800019c   0x00000024   Code   RO          123    .text               startup_gd32f407_427.o
    0x080001c0   0x080001c0   0x00000062   Code   RO         1609    .text               mc_w.l(uldiv.o)
    0x08000222   0x08000222   0x00000002   PAD
    0x08000224   0x08000224   0x00000008   Code   RO         1611    .text               mc_w.l(ctype_o.o)
    0x0800022c   0x0800022c   0x00000040   Code   RO         1641    .text               mc_w.l(memmovea.o)
    0x0800026c   0x0800026c   0x00000024   Code   RO         1643    .text               mc_w.l(memseta.o)
    0x08000290   0x08000290   0x00000018   Code   RO         1645    .text               mc_w.l(strncpy.o)
    0x080002a8   0x080002a8   0x0000000e   Code   RO         1647    .text               mc_w.l(strlen.o)
    0x080002b6   0x080002b6   0x0000001c   Code   RO         1649    .text               mc_w.l(strcmp.o)
    0x080002d2   0x080002d2   0x00000012   Code   RO         1651    .text               mc_w.l(strcpy.o)
    0x080002e4   0x080002e4   0x0000002a   Code   RO         1657    .text               mc_w.l(strcasecmp.o)
    0x0800030e   0x0800030e   0x0000001a   Code   RO         1920    .text               mc_w.l(atoi.o)
    0x08000328   0x08000328   0x0000002c   Code   RO         1950    .text               mc_w.l(uidiv.o)
    0x08000354   0x08000354   0x0000001e   Code   RO         1952    .text               mc_w.l(llshl.o)
    0x08000372   0x08000372   0x00000020   Code   RO         1954    .text               mc_w.l(llushr.o)
    0x08000392   0x08000392   0x0000000c   Code   RO         1956    .text               mc_w.l(tolower.o)
    0x0800039e   0x0800039e   0x00000070   Code   RO         1965    .text               mc_w.l(strtol.o)
    0x0800040e   0x0800040e   0x00000000   Code   RO         1967    .text               mc_w.l(iusefp.o)
    0x0800040e   0x0800040e   0x0000014e   Code   RO         1968    .text               mf_w.l(dadd.o)
    0x0800055c   0x0800055c   0x000000e4   Code   RO         1970    .text               mf_w.l(dmul.o)
    0x08000640   0x08000640   0x000000de   Code   RO         1972    .text               mf_w.l(ddiv.o)
    0x0800071e   0x0800071e   0x00000030   Code   RO         1974    .text               mf_w.l(dfixul.o)
    0x0800074e   0x0800074e   0x00000002   PAD
    0x08000750   0x08000750   0x00000030   Code   RO         1976    .text               mf_w.l(cdrcmple.o)
    0x08000780   0x08000780   0x00000030   Code   RO         1978    .text               mc_w.l(init.o)
    0x080007b0   0x080007b0   0x00000024   Code   RO         1981    .text               mc_w.l(llsshr.o)
    0x080007d4   0x080007d4   0x0000009e   Code   RO         1983    .text               mc_w.l(_strtoul.o)
    0x08000872   0x08000872   0x000000ba   Code   RO         1986    .text               mf_w.l(depilogue.o)
    0x0800092c   0x0800092c   0x0000001c   Code   RO         1988    .text               mc_w.l(_chval.o)
    0x08000948   0x08000948   0x0000008c   Code   RO         1029    .text.AsyncIOService_Init  myrtos_asyncio.o
    0x080009d4   0x080009d4   0x0000003a   Code   RO         1031    .text.AsyncWriter_Task  myrtos_asyncio.o
    0x08000a0e   0x08000a0e   0x00000002   PAD
    0x08000a10   0x08000a10   0x00000002   Code   RO          108    .text.BusFault_Handler  gd32f4xx_it.o
    0x08000a12   0x08000a12   0x00000002   PAD
    0x08000a14   0x08000a14   0x00000002   Code   RO          112    .text.DebugMon_Handler  gd32f4xx_it.o
    0x08000a16   0x08000a16   0x00000002   PAD
    0x08000a18   0x08000a18   0x00000044   Code   RO           16    .text.EXTI0_IRQHandler  main.o
    0x08000a5c   0x08000a5c   0x00000012   Code   RO         1299    .text.HardFault_Handler  arm_cm4f.o
    0x08000a6e   0x08000a6e   0x00000002   PAD
    0x08000a70   0x08000a70   0x0000001a   Code   RO         1301    .text.HardFault_Report  arm_cm4f.o
    0x08000a8a   0x08000a8a   0x00000002   PAD
    0x08000a8c   0x08000a8c   0x00000078   Code   RO         1107    .text.Log_AddListener  myrtos_log.o
    0x08000b04   0x08000b04   0x0000000c   Code   RO         1105    .text.Log_GetGlobalLevel  myrtos_log.o
    0x08000b10   0x08000b10   0x00000044   Code   RO         1101    .text.Log_Init      myrtos_log.o
    0x08000b54   0x08000b54   0x00000180   Code   RO         1111    .text.Log_Output    myrtos_log.o
    0x08000cd4   0x08000cd4   0x0000005a   Code   RO         1109    .text.Log_RemoveListener  myrtos_log.o
    0x08000d2e   0x08000d2e   0x00000002   PAD
    0x08000d30   0x08000d30   0x0000001a   Code   RO         1103    .text.Log_SetGlobalLevel  myrtos_log.o
    0x08000d4a   0x08000d4a   0x00000002   PAD
    0x08000d4c   0x08000d4c   0x00000002   Code   RO          106    .text.MemManage_Handler  gd32f4xx_it.o
    0x08000d4e   0x08000d4e   0x00000002   PAD
    0x08000d50   0x08000d50   0x00000034   Code   RO         1132    .text.Monitor_GetHeapStats  myrtos_monitor.o
    0x08000d84   0x08000d84   0x00000014   Code   RO         1128    .text.Monitor_GetNextTask  myrtos_monitor.o
    0x08000d98   0x08000d98   0x000000ac   Code   RO         1130    .text.Monitor_GetTaskInfo  myrtos_monitor.o
    0x08000e44   0x08000e44   0x0000006e   Code   RO         1124    .text.Monitor_Init  myrtos_monitor.o
    0x08000eb2   0x08000eb2   0x00000002   PAD
    0x08000eb4   0x08000eb4   0x00000028   Code   RO          958    .text.Mutex_Create  myrtos_mutex.o
    0x08000edc   0x08000edc   0x00000008   Code   RO          964    .text.Mutex_Lock    myrtos_mutex.o
    0x08000ee4   0x08000ee4   0x00000050   Code   RO          968    .text.Mutex_Lock_Recursive  myrtos_mutex.o
    0x08000f34   0x08000f34   0x000000e0   Code   RO          962    .text.Mutex_Lock_Timeout  myrtos_mutex.o
    0x08001014   0x08001014   0x000000b8   Code   RO          966    .text.Mutex_Unlock  myrtos_mutex.o
    0x080010cc   0x080010cc   0x00000040   Code   RO          970    .text.Mutex_Unlock_Recursive  myrtos_mutex.o
    0x0800110c   0x0800110c   0x0000001c   Code   RO         1035    .text.MyRTOS_AsyncPrintf  myrtos_asyncio.o
    0x08001128   0x08001128   0x00000076   Code   RO         1033    .text.MyRTOS_AsyncVPrintf  myrtos_asyncio.o
    0x0800119e   0x0800119e   0x00000002   PAD
    0x080011a0   0x080011a0   0x0000000c   Code   RO         1320    .text.MyRTOS_Boot   myrtos_boot.o
    0x080011ac   0x080011ac   0x00000280   Code   RO         1314    .text.MyRTOS_Boot_Init  myrtos_boot.o
    0x0800142c   0x0800142c   0x000000e8   Code   RO         1316    .text.MyRTOS_Boot_Start  myrtos_boot.o
    0x08001514   0x08001514   0x00000022   Code   RO         1175    .text.MyRTOS_FormatV  myrtos_utils.o
    0x08001536   0x08001536   0x00000002   PAD
    0x08001538   0x08001538   0x000000ca   Code   RO          835    .text.MyRTOS_Free   myrtos_memory.o
    0x08001602   0x08001602   0x00000002   PAD
    0x08001604   0x08001604   0x0000001c   Code   RO          998    .text.MyRTOS_GetTick  myrtos_tick.o
    0x08001620   0x08001620   0x00000024   Code   RO          814    .text.MyRTOS_Init   myrtos_init.o
    0x08001644   0x08001644   0x00000184   Code   RO          833    .text.MyRTOS_Malloc  myrtos_memory.o
    0x080017c8   0x080017c8   0x00000012   Code   RO         1281    .text.MyRTOS_Port_EnterCritical  arm_cm4f.o
    0x080017da   0x080017da   0x00000002   PAD
    0x080017dc   0x080017dc   0x0000001e   Code   RO         1283    .text.MyRTOS_Port_ExitCritical  arm_cm4f.o
    0x080017fa   0x080017fa   0x00000002   PAD
    0x080017fc   0x080017fc   0x0000006e   Code   RO         1289    .text.MyRTOS_Port_InitialiseStack  arm_cm4f.o
    0x0800186a   0x0800186a   0x00000002   PAD
    0x0800186c   0x0800186c   0x0000006a   Code   RO         1291    .text.MyRTOS_Port_StartScheduler  arm_cm4f.o
    0x080018d6   0x080018d6   0x00000002   PAD
    0x080018d8   0x080018d8   0x00000018   Code   RO         1285    .text.MyRTOS_Port_Yield  arm_cm4f.o
    0x080018f0   0x080018f0   0x0000001e   Code   RO         1287    .text.MyRTOS_Port_YieldFromISR  arm_cm4f.o
    0x0800190e   0x0800190e   0x00000002   PAD
    0x08001910   0x08001910   0x0000006e   Code   RO         1015    .text.MyRTOS_RegisterExtension  myrtos_extension.o
    0x0800197e   0x0800197e   0x00000002   PAD
    0x08001980   0x08001980   0x0000004a   Code   RO          818    .text.MyRTOS_ReportError  myrtos_init.o
    0x080019ca   0x080019ca   0x00000002   PAD
    0x080019cc   0x080019cc   0x00000004   Code   RO          866    .text.MyRTOS_Schedule  myrtos_scheduler.o
    0x080019d0   0x080019d0   0x0000000c   Code   RO         1002    .text.MyRTOS_Schedule_IsRunning  myrtos_tick.o
    0x080019dc   0x080019dc   0x0000008c   Code   RO         1000    .text.MyRTOS_Tick_Handler  myrtos_tick.o
    0x08001a68   0x08001a68   0x00000002   Code   RO          104    .text.NMI_Handler   gd32f4xx_it.o
    0x08001a6a   0x08001a6a   0x00000002   PAD
    0x08001a6c   0x08001a6c   0x00000054   Code   RO         1295    .text.PendSV_Handler  arm_cm4f.o
    0x08001ac0   0x08001ac0   0x00000048   Code   RO         1074    .text.Pipe_Create   myrtos_io.o
    0x08001b08   0x08001b08   0x00000028   Code   RO         1076    .text.Pipe_Delete   myrtos_io.o
    0x08001b30   0x08001b30   0x00000002   Code   RO         1387    .text.Platform_BSP_After_Hook  platform_hooks.o
    0x08001b32   0x08001b32   0x00000002   PAD
    0x08001b34   0x08001b34   0x00000068   Code   RO           12    .text.Platform_BSP_Init_Hook  main.o
    0x08001b9c   0x08001b9c   0x0000000a   Code   RO         1350    .text.Platform_Console_GetStream  platform_console.o
    0x08001ba6   0x08001ba6   0x00000002   PAD
    0x08001ba8   0x08001ba8   0x000000a4   Code   RO         1346    .text.Platform_Console_HwInit  platform_console.o
    0x08001c4c   0x08001c4c   0x0000001e   Code   RO         1348    .text.Platform_Console_OSInit  platform_console.o
    0x08001c6a   0x08001c6a   0x00000002   PAD
    0x08001c6c   0x08001c6c   0x00000002   Code   RO         1383    .text.Platform_EarlyInit_Hook  platform_hooks.o
    0x08001c6e   0x08001c6e   0x00000002   PAD
    0x08001c70   0x08001c70   0x0000000c   Code   RO         1413    .text.Platform_ErrorHandler_Init  platform_error_handler.o
    0x08001c7c   0x08001c7c   0x0000013c   Code   RO         1395    .text.Platform_HardFault_Hook  platform_hooks.o
    0x08001db8   0x08001db8   0x00000064   Code   RO         1372    .text.Platform_HiresTimer_Init  platform_timer.o
    0x08001e1c   0x08001e1c   0x0000008e   Code   RO         1332    .text.Platform_HwInit  platform_hw.o
    0x08001eaa   0x08001eaa   0x00000002   PAD
    0x08001eac   0x08001eac   0x00000004   Code   RO           14    .text.Platform_IdleTask_Hook  main.o
    0x08001eb0   0x08001eb0   0x000000b4   Code   RO         1401    .text.Platform_MallocFailed_Hook  platform_hooks.o
    0x08001f64   0x08001f64   0x00000022   Code   RO         1334    .text.Platform_Reboot  platform_hw.o
    0x08001f86   0x08001f86   0x00000002   PAD
    0x08001f88   0x08001f88   0x000000fc   Code   RO         1397    .text.Platform_StackOverflow_Hook  platform_hooks.o
    0x08002084   0x08002084   0x000000dc   Code   RO         1399    .text.Platform_TaskExit_Hook  platform_hooks.o
    0x08002160   0x08002160   0x00000008   Code   RO         1374    .text.Platform_Timer_GetHiresValue  platform_timer.o
    0x08002168   0x08002168   0x0000003c   Code   RO         1344    .text.Platform_fault_putchar  platform_console.o
    0x080021a4   0x080021a4   0x000002a4   Code   RO         1220    .text.Process_Create  myrtos_process.o
    0x08002448   0x08002448   0x000000a4   Code   RO         1226    .text.Process_Exit  myrtos_process.o
    0x080024ec   0x080024ec   0x00000044   Code   RO         1244    .text.Process_ForEach  myrtos_process.o
    0x08002530   0x08002530   0x0000005a   Code   RO         1262    .text.Process_ForEachProgram  myrtos_process.o
    0x0800258a   0x0800258a   0x00000002   PAD
    0x0800258c   0x0800258c   0x0000005a   Code   RO         1242    .text.Process_GetExitCode  myrtos_process.o
    0x080025e6   0x080025e6   0x00000002   PAD
    0x080025e8   0x080025e8   0x00000052   Code   RO         1252    .text.Process_GetFdHandleByPid  myrtos_process.o
    0x0800263a   0x0800263a   0x00000002   PAD
    0x0800263c   0x0800263c   0x00000046   Code   RO         1236    .text.Process_GetName  myrtos_process.o
    0x08002682   0x08002682   0x00000002   PAD
    0x08002684   0x08002684   0x0000004a   Code   RO         1240    .text.Process_GetState  myrtos_process.o
    0x080026ce   0x080026ce   0x00000002   PAD
    0x080026d0   0x080026d0   0x00000046   Code   RO         1238    .text.Process_GetTaskHandle  myrtos_process.o
    0x08002716   0x08002716   0x00000002   PAD
    0x08002718   0x08002718   0x000000ac   Code   RO         1216    .text.Process_Init  myrtos_process.o
    0x080027c4   0x080027c4   0x00000164   Code   RO         1228    .text.Process_Kill  myrtos_process.o
    0x08002928   0x08002928   0x000000a4   Code   RO         1258    .text.Process_RegisterProgram  myrtos_process.o
    0x080029cc   0x080029cc   0x000000ec   Code   RO         1234    .text.Process_Resume  myrtos_process.o
    0x08002ab8   0x08002ab8   0x000000b8   Code   RO         1264    .text.Process_RunProgram  myrtos_process.o
    0x08002b70   0x08002b70   0x000000f0   Code   RO         1232    .text.Process_Suspend  myrtos_process.o
    0x08002c60   0x08002c60   0x0000005a   Code   RO          942    .text.Queue_Create  myrtos_queue.o
    0x08002cba   0x08002cba   0x00000002   PAD
    0x08002cbc   0x08002cbc   0x0000004c   Code   RO          944    .text.Queue_Delete  myrtos_queue.o
    0x08002d08   0x08002d08   0x00000116   Code   RO          948    .text.Queue_Receive  myrtos_queue.o
    0x08002e1e   0x08002e1e   0x00000002   PAD
    0x08002e20   0x08002e20   0x00000118   Code   RO          946    .text.Queue_Send    myrtos_queue.o
    0x08002f38   0x08002f38   0x00000024   Code   RO         1293    .text.SVC_Handler   arm_cm4f.o
    0x08002f5c   0x08002f5c   0x00000032   Code   RO          980    .text.Semaphore_Create  myrtos_semaphore.o
    0x08002f8e   0x08002f8e   0x00000002   PAD
    0x08002f90   0x08002f90   0x0000007e   Code   RO          986    .text.Semaphore_Give  myrtos_semaphore.o
    0x0800300e   0x0800300e   0x00000002   PAD
    0x08003010   0x08003010   0x00000080   Code   RO          988    .text.Semaphore_GiveFromISR  myrtos_semaphore.o
    0x08003090   0x08003090   0x00000096   Code   RO          984    .text.Semaphore_Take  myrtos_semaphore.o
    0x08003126   0x08003126   0x00000002   PAD
    0x08003128   0x08003128   0x0000001a   Code   RO         1303    .text.Stack_Overflow_Report  arm_cm4f.o
    0x08003142   0x08003142   0x00000002   PAD
    0x08003144   0x08003144   0x00000022   Code   RO         1048    .text.StdIOService_Init  myrtos_io.o
    0x08003166   0x08003166   0x00000002   PAD
    0x08003168   0x08003168   0x0000003a   Code   RO         1052    .text.Stream_GetTaskStdIn  myrtos_io.o
    0x080031a2   0x080031a2   0x00000002   PAD
    0x080031a4   0x080031a4   0x0000003c   Code   RO         1054    .text.Stream_GetTaskStdOut  myrtos_io.o
    0x080031e0   0x080031e0   0x00000044   Code   RO         1070    .text.Stream_Printf  myrtos_io.o
    0x08003224   0x08003224   0x0000001c   Code   RO         1064    .text.Stream_Read   myrtos_io.o
    0x08003240   0x08003240   0x00000034   Code   RO         1062    .text.Stream_SetTaskStdErr  myrtos_io.o
    0x08003274   0x08003274   0x00000034   Code   RO         1058    .text.Stream_SetTaskStdIn  myrtos_io.o
    0x080032a8   0x080032a8   0x00000034   Code   RO         1060    .text.Stream_SetTaskStdOut  myrtos_io.o
    0x080032dc   0x080032dc   0x0000001c   Code   RO         1066    .text.Stream_Write  myrtos_io.o
    0x080032f8   0x080032f8   0x00000044   Code   RO         1297    .text.SysTick_Handler  arm_cm4f.o
    0x0800333c   0x0800333c   0x00000156   Code   RO          130    .text.SystemInit    system_gd32f4xx.o
    0x08003492   0x08003492   0x00000002   PAD
    0x08003494   0x08003494   0x0000002e   Code   RO          932    .text.Task_ClearSignal  myrtos_signal.o
    0x080034c2   0x080034c2   0x00000002   PAD
    0x080034c4   0x080034c4   0x000001e8   Code   RO          885    .text.Task_Create   myrtos_task.o
    0x080036ac   0x080036ac   0x0000005a   Code   RO          891    .text.Task_Delay    myrtos_task.o
    0x08003706   0x08003706   0x00000002   PAD
    0x08003708   0x08003708   0x0000017c   Code   RO          889    .text.Task_Delete   myrtos_task.o
    0x08003884   0x08003884   0x0000000c   Code   RO          907    .text.Task_GetCurrentTaskHandle  myrtos_task.o
    0x08003890   0x08003890   0x0000000c   Code   RO          909    .text.Task_GetId    myrtos_task.o
    0x0800389c   0x0800389c   0x00000014   Code   RO          911    .text.Task_GetName  myrtos_task.o
    0x080038b0   0x080038b0   0x00000048   Code   RO          897    .text.Task_Notify   myrtos_task.o
    0x080038f8   0x080038f8   0x00000050   Code   RO          899    .text.Task_NotifyFromISR  myrtos_task.o
    0x08003948   0x08003948   0x00000046   Code   RO          895    .text.Task_Resume   myrtos_task.o
    0x0800398e   0x0800398e   0x00000002   PAD
    0x08003990   0x08003990   0x00000090   Code   RO          926    .text.Task_SendSignal  myrtos_signal.o
    0x08003a20   0x08003a20   0x00000050   Code   RO          816    .text.Task_StartScheduler  myrtos_init.o
    0x08003a70   0x08003a70   0x00000098   Code   RO          893    .text.Task_Suspend  myrtos_task.o
    0x08003b08   0x08003b08   0x00000036   Code   RO          901    .text.Task_Wait     myrtos_task.o
    0x08003b3e   0x08003b3e   0x00000002   PAD
    0x08003b40   0x08003b40   0x000000ec   Code   RO          930    .text.Task_WaitSignal  myrtos_signal.o
    0x08003c2c   0x08003c2c   0x000000f0   Code   RO         1148    .text.TimerServiceTask  myrtos_timer.o
    0x08003d1c   0x08003d1c   0x00000068   Code   RO         1146    .text.TimerService_Init  myrtos_timer.o
    0x08003d84   0x08003d84   0x00000030   Code   RO         1150    .text.Timer_Create  myrtos_timer.o
    0x08003db4   0x08003db4   0x0000004a   Code   RO         1152    .text.Timer_Start   myrtos_timer.o
    0x08003dfe   0x08003dfe   0x00000002   PAD
    0x08003e00   0x08003e00   0x0000006c   Code   RO         1352    .text.USART0_IRQHandler  platform_console.o
    0x08003e6c   0x08003e6c   0x00000002   Code   RO          110    .text.UsageFault_Handler  gd32f4xx_it.o
    0x08003e6e   0x08003e6e   0x00000002   PAD
    0x08003e70   0x08003e70   0x00000014   Code   RO         1196    .text.VTS_GetBackgroundStream  myrtos_vts.o
    0x08003e84   0x08003e84   0x000000a4   Code   RO         1184    .text.VTS_Init      myrtos_vts.o
    0x08003f28   0x08003f28   0x0000003a   Code   RO         1190    .text.VTS_ReturnToRootFocus  myrtos_vts.o
    0x08003f62   0x08003f62   0x00000002   PAD
    0x08003f64   0x08003f64   0x0000003a   Code   RO         1188    .text.VTS_SetFocus  myrtos_vts.o
    0x08003f9e   0x08003f9e   0x00000002   PAD
    0x08003fa0   0x08003fa0   0x00000018   Code   RO         1204    .text.VTS_SetSignalReceiver  myrtos_vts.o
    0x08003fb8   0x08003fb8   0x0000002a   Code   RO         1192    .text.VTS_SetTerminalMode  myrtos_vts.o
    0x08003fe2   0x08003fe2   0x00000002   PAD
    0x08003fe4   0x08003fe4   0x00000360   Code   RO         1186    .text.VTS_Task      myrtos_vts.o
    0x08004344   0x08004344   0x00000088   Code   RO           42    .text.a_task        main.o
    0x080043cc   0x080043cc   0x00000068   Code   RO          854    .text.addTaskToReadyList  myrtos_scheduler.o
    0x08004434   0x08004434   0x00000064   Code   RO          852    .text.addTaskToSortedDelayList  myrtos_scheduler.o
    0x08004498   0x08004498   0x00000088   Code   RO           44    .text.b_task        main.o
    0x08004520   0x08004520   0x0000001a   Code   RO           48    .text.background_blinky_task  main.o
    0x0800453a   0x0800453a   0x00000002   PAD
    0x0800453c   0x0800453c   0x0000005c   Code   RO            2    .text.blinky_main   main.o
    0x08004598   0x08004598   0x00000002   Code   RO         1318    .text.boot_default_idle_task  myrtos_boot.o
    0x0800459a   0x0800459a   0x00000002   PAD
    0x0800459c   0x0800459c   0x00000124   Code   RO           60    .text.bootstrap_task  main.o
    0x080046c0   0x080046c0   0x0000003a   Code   RO         1013    .text.broadcast_event  myrtos_extension.o
    0x080046fa   0x080046fa   0x00000002   PAD
    0x080046fc   0x080046fc   0x000000a4   Code   RO           62    .text.c_task        main.o
    0x080047a0   0x080047a0   0x00000110   Code   RO         1525    .text.cmd_bg        shell_process.o
    0x080048b0   0x080048b0   0x00000230   Code   RO         1559    .text.cmd_cat       shell_sysinfo.o
    0x08004ae0   0x08004ae0   0x000000ac   Code   RO         1523    .text.cmd_fg        shell_process.o
    0x08004b8c   0x08004b8c   0x0000003c   Code   RO         1472    .text.cmd_help      shell_builtin.o
    0x08004bc8   0x08004bc8   0x00000080   Code   RO         1517    .text.cmd_jobs      shell_process.o
    0x08004c48   0x08004c48   0x00000318   Code   RO         1521    .text.cmd_kill      shell_process.o
    0x08004f60   0x08004f60   0x00000148   Code   RO         1501    .text.cmd_log       shell_log.o
    0x080050a8   0x080050a8   0x00000140   Code   RO         1499    .text.cmd_logall    shell_log.o
    0x080051e8   0x080051e8   0x000000fc   Code   RO         1503    .text.cmd_loglevel  shell_log.o
    0x080052e4   0x080052e4   0x00000038   Code   RO         1527    .text.cmd_ls        shell_process.o
    0x0800531c   0x0800531c   0x000001f8   Code   RO         1486    .text.cmd_ps        shell_monitor.o
    0x08005514   0x08005514   0x00000034   Code   RO         1546    .text.cmd_reboot    shell_platform.o
    0x08005548   0x08005548   0x00000160   Code   RO         1519    .text.cmd_run       shell_process.o
    0x080056a8   0x080056a8   0x000001d8   Code   RO         1557    .text.cmd_top       shell_sysinfo.o
    0x08005880   0x08005880   0x00000064   Code   RO         1354    .text.console_stream_read  platform_console.o
    0x080058e4   0x080058e4   0x0000006c   Code   RO         1356    .text.console_stream_write  platform_console.o
    0x08005950   0x08005950   0x0000008c   Code   RO           30    .text.consumer_task  main.o
    0x080059dc   0x080059dc   0x000003c8   Code   RO           24    .text.create_tasks  main.o
    0x08005da4   0x08005da4   0x000000b4   Code   RO           46    .text.d_task        main.o
    0x08005e58   0x08005e58   0x000001c0   Code   RO            6    .text.echo_main     main.o
    0x08006018   0x08006018   0x00000006   Code   RO          856    .text.eventListInit  myrtos_scheduler.o
    0x0800601e   0x0800601e   0x00000002   PAD
    0x08006020   0x08006020   0x00000034   Code   RO          858    .text.eventListInsert  myrtos_scheduler.o
    0x08006054   0x08006054   0x0000002c   Code   RO          860    .text.eventListRemove  myrtos_scheduler.o
    0x08006080   0x08006080   0x0000009c   Code   RO          752    .text.exti_init     gd32f4xx_exti.o
    0x0800611c   0x0800611c   0x0000000c   Code   RO          772    .text.exti_interrupt_flag_clear  gd32f4xx_exti.o
    0x08006128   0x08006128   0x00000012   Code   RO          770    .text.exti_interrupt_flag_get  gd32f4xx_exti.o
    0x0800613a   0x0800613a   0x00000002   PAD
    0x0800613c   0x0800613c   0x0000000a   Code   RO          870    .text.get_delayed_task_list_head  myrtos_scheduler.o
    0x08006146   0x08006146   0x00000002   PAD
    0x08006148   0x08006148   0x00000016   Code   RO          872    .text.get_ready_task_list  myrtos_scheduler.o
    0x0800615e   0x0800615e   0x00000002   PAD
    0x08006160   0x08006160   0x00000046   Code   RO         1230    .text.getpid        myrtos_process.o
    0x080061a6   0x080061a6   0x00000002   PAD
    0x080061a8   0x080061a8   0x0000006e   Code   RO          165    .text.gpio_af_set   gd32f4xx_gpio.o
    0x08006216   0x08006216   0x00000002   PAD
    0x08006218   0x08006218   0x00000004   Code   RO          151    .text.gpio_bit_reset  gd32f4xx_gpio.o
    0x0800621c   0x0800621c   0x00000004   Code   RO          169    .text.gpio_bit_toggle  gd32f4xx_gpio.o
    0x08006220   0x08006220   0x00000054   Code   RO          145    .text.gpio_mode_set  gd32f4xx_gpio.o
    0x08006274   0x08006274   0x00000046   Code   RO          147    .text.gpio_output_options_set  gd32f4xx_gpio.o
    0x080062ba   0x080062ba   0x00000002   PAD
    0x080062bc   0x080062bc   0x00000034   Code   RO            8    .text.hello_main    main.o
    0x080062f0   0x080062f0   0x0000005c   Code   RO           50    .text.high_prio_task  main.o
    0x0800634c   0x0800634c   0x00000130   Code   RO         1572    .text.init_process_main  init_main.o
    0x0800647c   0x0800647c   0x00000094   Code   RO           34    .text.inspector_task  main.o
    0x08006510   0x08006510   0x00000068   Code   RO           52    .text.interrupt_handler_task  main.o
    0x08006578   0x08006578   0x00000088   Code   RO           38    .text.isr_test_task  main.o
    0x08006600   0x08006600   0x0000019c   Code   RO         1583    .text.log_program_main  log_main.o
    0x0800679c   0x0800679c   0x00000074   Code   RO            4    .text.looper_main   main.o
    0x08006810   0x08006810   0x0000004c   Code   RO           18    .text.main          main.o
    0x0800685c   0x0800685c   0x0000012c   Code   RO         1531    .text.manage_foreground_session  shell_process.o
    0x08006988   0x08006988   0x0000020c   Code   RO         1126    .text.monitor_kernel_event_handler  myrtos_monitor.o
    0x08006b94   0x08006b94   0x000000a6   Code   RO          286    .text.nvic_irq_enable  gd32f4xx_misc.o
    0x08006c3a   0x08006c3a   0x00000002   PAD
    0x08006c3c   0x08006c3c   0x00000014   Code   RO          284    .text.nvic_priority_group_set  gd32f4xx_misc.o
    0x08006c50   0x08006c50   0x0000000e   Code   RO           20    .text.on_kernel_init  main.o
    0x08006c5e   0x08006c5e   0x00000002   PAD
    0x08006c60   0x08006c60   0x00000158   Code   RO           22    .text.on_services_init  main.o
    0x08006db8   0x08006db8   0x00000044   Code   RO           28    .text.perio_timer_cb  main.o
    0x08006dfc   0x08006dfc   0x00000032   Code   RO         1082    .text.pipe_read     myrtos_io.o
    0x08006e2e   0x08006e2e   0x00000002   PAD
    0x08006e30   0x08006e30   0x00000032   Code   RO         1084    .text.pipe_write    myrtos_io.o
    0x08006e62   0x08006e62   0x00000002   PAD
    0x08006e64   0x08006e64   0x00000098   Code   RO         1415    .text.platform_kernel_event_handler  platform_error_handler.o
    0x08006efc   0x08006efc   0x0000002c   Code   RO         1474    .text.print_command_visitor  shell_builtin.o
    0x08006f28   0x08006f28   0x00000028   Code   RO         1533    .text.print_definition_visitor  shell_process.o
    0x08006f50   0x08006f50   0x00000078   Code   RO         1529    .text.print_job_visitor  shell_process.o
    0x08006fc8   0x08006fc8   0x000000f4   Code   RO           36    .text.printer_task  main.o
    0x080070bc   0x080070bc   0x0000023c   Code   RO         1218    .text.process_kernel_event_handler  myrtos_process.o
    0x080072f8   0x080072f8   0x00000068   Code   RO         1222    .text.process_launcher_task  myrtos_process.o
    0x08007360   0x08007360   0x000000fe   Code   RO         1162    .text.process_timer_command  myrtos_timer.o
    0x0800745e   0x0800745e   0x00000002   PAD
    0x08007460   0x08007460   0x000000b4   Code   RO           32    .text.producer_task  main.o
    0x08007514   0x08007514   0x00000014   Code   RO          205    .text.rcu_ahb_clock_config  gd32f4xx_rcu.o
    0x08007528   0x08007528   0x00000014   Code   RO          207    .text.rcu_apb1_clock_config  gd32f4xx_rcu.o
    0x0800753c   0x0800753c   0x00000014   Code   RO          209    .text.rcu_apb2_clock_config  gd32f4xx_rcu.o
    0x08007550   0x08007550   0x000000bc   Code   RO          263    .text.rcu_clock_freq_get  gd32f4xx_rcu.o
    0x0800760c   0x0800760c   0x0000009a   Code   RO          181    .text.rcu_deinit    gd32f4xx_rcu.o
    0x080076a6   0x080076a6   0x00000002   PAD
    0x080076a8   0x080076a8   0x0000001e   Code   RO          239    .text.rcu_osci_on   gd32f4xx_rcu.o
    0x080076c6   0x080076c6   0x00000002   PAD
    0x080076c8   0x080076c8   0x000001c4   Code   RO          183    .text.rcu_osci_stab_wait  gd32f4xx_rcu.o
    0x0800788c   0x0800788c   0x0000001e   Code   RO          185    .text.rcu_periph_clock_enable  gd32f4xx_rcu.o
    0x080078aa   0x080078aa   0x00000002   PAD
    0x080078ac   0x080078ac   0x00000020   Code   RO          195    .text.rcu_periph_reset_disable  gd32f4xx_rcu.o
    0x080078cc   0x080078cc   0x0000001e   Code   RO          193    .text.rcu_periph_reset_enable  gd32f4xx_rcu.o
    0x080078ea   0x080078ea   0x00000002   PAD
    0x080078ec   0x080078ec   0x00000084   Code   RO          215    .text.rcu_pll_config  gd32f4xx_rcu.o
    0x08007970   0x08007970   0x00000014   Code   RO          201    .text.rcu_system_clock_source_config  gd32f4xx_rcu.o
    0x08007984   0x08007984   0x00000010   Code   RO          203    .text.rcu_system_clock_source_get  gd32f4xx_rcu.o
    0x08007994   0x08007994   0x00000128   Code   RO           40    .text.recursive_test_task  main.o
    0x08007abc   0x08007abc   0x00000056   Code   RO          850    .text.removeTaskFromList  myrtos_scheduler.o
    0x08007b12   0x08007b12   0x00000002   PAD
    0x08007b14   0x08007b14   0x000000b0   Code   RO          864    .text.schedule_next_task  myrtos_scheduler.o
    0x08007bc4   0x08007bc4   0x00000028   Code   RO          868    .text.scheduler_init  myrtos_scheduler.o
    0x08007bec   0x08007bec   0x000000a0   Code   RO         1439    .text.shell_add_history  shell_core.o
    0x08007c8c   0x08007c8c   0x00000062   Code   RO         1425    .text.shell_create  shell_core.o
    0x08007cee   0x08007cee   0x00000002   PAD
    0x08007cf0   0x08007cf0   0x000000d8   Code   RO         1433    .text.shell_execute_line  shell_core.o
    0x08007dc8   0x08007dc8   0x0000002a   Code   RO         1437    .text.shell_foreach_command  shell_core.o
    0x08007df2   0x08007df2   0x00000002   PAD
    0x08007df4   0x08007df4   0x0000004a   Code   RO         1447    .text.shell_get_next_history  shell_core.o
    0x08007e3e   0x08007e3e   0x00000002   PAD
    0x08007e40   0x08007e40   0x000000a0   Code   RO         1445    .text.shell_get_prev_history  shell_core.o
    0x08007ee0   0x08007ee0   0x00000010   Code   RO         1435    .text.shell_get_prompt  shell_core.o
    0x08007ef0   0x08007ef0   0x0000000e   Code   RO         1441    .text.shell_history_reset_browse  shell_core.o
    0x08007efe   0x08007efe   0x00000002   PAD
    0x08007f00   0x08007f00   0x00000026   Code   RO         1443    .text.shell_history_save_temp  shell_core.o
    0x08007f26   0x08007f26   0x00000002   PAD
    0x08007f28   0x08007f28   0x00000328   Code   RO         1458    .text.shell_process_main  shell_process_main.o
    0x08008250   0x08008250   0x00000034   Code   RO         1470    .text.shell_register_builtin_commands  shell_builtin.o
    0x08008284   0x08008284   0x00000096   Code   RO         1429    .text.shell_register_command  shell_core.o
    0x0800831a   0x0800831a   0x00000002   PAD
    0x0800831c   0x0800831c   0x000000b4   Code   RO         1497    .text.shell_register_log_commands  shell_log.o
    0x080083d0   0x080083d0   0x00000028   Code   RO         1484    .text.shell_register_monitor_commands  shell_monitor.o
    0x080083f8   0x080083f8   0x00000028   Code   RO         1544    .text.shell_register_platform_commands  shell_platform.o
    0x08008420   0x08008420   0x0000013c   Code   RO         1515    .text.shell_register_process_commands  shell_process.o
    0x0800855c   0x0800855c   0x00000070   Code   RO         1555    .text.shell_register_sysinfo_commands  shell_sysinfo.o
    0x080085cc   0x080085cc   0x00000040   Code   RO           26    .text.single_timer_cb  main.o
    0x0800860c   0x0800860c   0x000001c4   Code   RO           10    .text.spawner_main  main.o
    0x080087d0   0x080087d0   0x000000ba   Code   RO         1050    .text.stdio_kernel_event_handler  myrtos_io.o
    0x0800888a   0x0800888a   0x00000002   PAD
    0x0800888c   0x0800888c   0x00000194   Code   RO           58    .text.suspend_resume_test_task  main.o
    0x08008a20   0x08008a20   0x00000084   Code   RO          790    .text.syscfg_exti_line_config  gd32f4xx_syscfg.o
    0x08008aa4   0x08008aa4   0x0000004c   Code   RO           56    .text.target_task   main.o
    0x08008af0   0x08008af0   0x0000003a   Code   RO          887    .text.taskWrapper   myrtos_task.o
    0x08008b2a   0x08008b2a   0x00000002   PAD
    0x08008b2c   0x08008b2c   0x000000e0   Code   RO          862    .text.task_set_priority  myrtos_scheduler.o
    0x08008c0c   0x08008c0c   0x00000004   Code   RO          630    .text.timer_counter_read  gd32f4xx_timer.o
    0x08008c10   0x08008c10   0x00000146   Code   RO          598    .text.timer_deinit  gd32f4xx_timer.o
    0x08008d56   0x08008d56   0x00000002   PAD
    0x08008d58   0x08008d58   0x0000000a   Code   RO          604    .text.timer_enable  gd32f4xx_timer.o
    0x08008d62   0x08008d62   0x00000002   PAD
    0x08008d64   0x08008d64   0x000000ae   Code   RO          602    .text.timer_init    gd32f4xx_timer.o
    0x08008e12   0x08008e12   0x00000002   PAD
    0x08008e14   0x08008e14   0x00000010   Code   RO          600    .text.timer_struct_para_init  gd32f4xx_timer.o
    0x08008e24   0x08008e24   0x00000054   Code   RO           54    .text.timer_test_task  main.o
    0x08008e78   0x08008e78   0x000000be   Code   RO          382    .text.usart_baudrate_set  gd32f4xx_usart.o
    0x08008f36   0x08008f36   0x00000002   PAD
    0x08008f38   0x08008f38   0x00000008   Code   RO          414    .text.usart_data_receive  gd32f4xx_usart.o
    0x08008f40   0x08008f40   0x00000008   Code   RO          412    .text.usart_data_transmit  gd32f4xx_usart.o
    0x08008f48   0x08008f48   0x000000c8   Code   RO          380    .text.usart_deinit  gd32f4xx_usart.o
    0x08009010   0x08009010   0x0000000a   Code   RO          390    .text.usart_enable  gd32f4xx_usart.o
    0x0800901a   0x0800901a   0x00000002   PAD
    0x0800901c   0x0800901c   0x00000010   Code   RO          478    .text.usart_flag_get  gd32f4xx_usart.o
    0x0800902c   0x0800902c   0x00000016   Code   RO          482    .text.usart_interrupt_enable  gd32f4xx_usart.o
    0x08009042   0x08009042   0x00000002   PAD
    0x08009044   0x08009044   0x00000028   Code   RO          486    .text.usart_interrupt_flag_get  gd32f4xx_usart.o
    0x0800906c   0x0800906c   0x0000000c   Code   RO          396    .text.usart_receive_config  gd32f4xx_usart.o
    0x08009078   0x08009078   0x0000000c   Code   RO          394    .text.usart_transmit_config  gd32f4xx_usart.o
    0x08009084   0x08009084   0x00000034   Code   RO         1893    i.__0snprintf       mc_w.l(printfa.o)
    0x080090b8   0x080090b8   0x00000034   Code   RO         1897    i.__0vsnprintf      mc_w.l(printfa.o)
    0x080090ec   0x080090ec   0x00000008   Code   RO         1958    i.__aeabi_errno_addr  mc_w.l(errno.o)
    0x080090f4   0x080090f4   0x0000000e   Code   RO         1992    i.__scatterload_copy  mc_w.l(handlers.o)
    0x08009102   0x08009102   0x00000002   Code   RO         1993    i.__scatterload_null  mc_w.l(handlers.o)
    0x08009104   0x08009104   0x0000000e   Code   RO         1994    i.__scatterload_zeroinit  mc_w.l(handlers.o)
    0x08009112   0x08009112   0x00000002   PAD
    0x08009114   0x08009114   0x00000184   Code   RO         1899    i._fp_digits        mc_w.l(printfa.o)
    0x08009298   0x08009298   0x000006dc   Code   RO         1900    i._printf_core      mc_w.l(printfa.o)
    0x08009974   0x08009974   0x00000024   Code   RO         1901    i._printf_post_padding  mc_w.l(printfa.o)
    0x08009998   0x08009998   0x0000002e   Code   RO         1902    i._printf_pre_padding  mc_w.l(printfa.o)
    0x080099c6   0x080099c6   0x00000016   Code   RO         1903    i._snputc           mc_w.l(printfa.o)
    0x080099dc   0x080099dc   0x00000081   Data   RO         1612    .constdata          mc_w.l(ctype_o.o)
    0x08009a5d   0x08009a5d   0x00000003   PAD
    0x08009a60   0x08009a60   0x00000004   Data   RO         1613    .constdata          mc_w.l(ctype_o.o)
    0x08009a64   0x08009a64   0x00000014   Data   RO         1563    .rodata..Lswitch.table.cmd_cat  shell_sysinfo.o
    0x08009a78   0x08009a78   0x00000014   Data   RO         1562    .rodata..Lswitch.table.cmd_top  shell_sysinfo.o
    0x08009a8c   0x08009a8c   0x00000008   Data   RO          275    .rodata.cst8        gd32f4xx_rcu.o
    0x08009a94   0x08009a94   0x0000000c   Data   RO         1358    .rodata.g_console_stream_interface  platform_console.o
    0x08009aa0   0x08009aa0   0x0000000c   Data   RO         1091    .rodata.g_pipe_stream_interface  myrtos_io.o
    0x08009aac   0x08009aac   0x0000000c   Data   RO           65    .rodata.g_program_blinky  main.o
    0x08009ab8   0x08009ab8   0x0000000c   Data   RO           67    .rodata.g_program_echo  main.o
    0x08009ac4   0x08009ac4   0x0000000c   Data   RO           68    .rodata.g_program_hello  main.o
    0x08009ad0   0x08009ad0   0x0000000c   Data   RO         1575    .rodata.g_program_init  init_main.o
    0x08009adc   0x08009adc   0x0000000c   Data   RO         1586    .rodata.g_program_log  log_main.o
    0x08009ae8   0x08009ae8   0x0000000c   Data   RO           66    .rodata.g_program_looper  main.o
    0x08009af4   0x08009af4   0x0000000c   Data   RO         1461    .rodata.g_program_shell  shell_process_main.o
    0x08009b00   0x08009b00   0x0000000c   Data   RO           69    .rodata.g_program_spawner  main.o
    0x08009b0c   0x08009b0c   0x00000575   Data   RO           64    .rodata.str1.1      main.o
    0x0800a081   0x0800a081   0x00000004   Data   RO         1207    .rodata.str1.1      myrtos_vts.o
    0x0800a085   0x0800a085   0x00000067   Data   RO         1272    .rodata.str1.1      myrtos_process.o
    0x0800a0ec   0x0800a0ec   0x00000183   Data   RO         1323    .rodata.str1.1      myrtos_boot.o
    0x0800a26f   0x0800a26f   0x00000047   Data   RO         1403    .rodata.str1.1      platform_hooks.o
    0x0800a2b6   0x0800a2b6   0x00000003   Data   RO         1449    .rodata.str1.1      shell_core.o
    0x0800a2b9   0x0800a2b9   0x0000001f   Data   RO         1460    .rodata.str1.1      shell_process_main.o
    0x0800a2d8   0x0800a2d8   0x0000008b   Data   RO         1488    .rodata.str1.1      shell_monitor.o
    0x0800a363   0x0800a363   0x00000127   Data   RO         1505    .rodata.str1.1      shell_log.o
    0x0800a48a   0x0800a48a   0x000003ac   Data   RO         1535    .rodata.str1.1      shell_process.o
    0x0800a836   0x0800a836   0x0000017b   Data   RO         1561    .rodata.str1.1      shell_sysinfo.o
    0x0800a9b1   0x0800a9b1   0x00000039   Data   RO         1574    .rodata.str1.1      init_main.o
    0x0800a9ea   0x0800a9ea   0x00000115   Data   RO         1585    .rodata.str1.1      log_main.o
    0x0800aaff   0x0800aaff   0x00000001   PAD
    0x0800ab00   0x0800ab00   0x00000020   Data   RO         1991    Region$$Table       anon$$obj.o


    Execution Region RW_IRAM1 (Exec base: 0x20000000, Load base: 0x0800ab20, Size: 0x0001cda8, Max: 0x00020000, ABSOLUTE)

    Exec Addr    Load Addr    Size         Type   Attr      Idx    E Section Name        Object

    0x20000000   0x0800ab20   0x00000004   Data   RW         1961    .data               mc_w.l(errno.o)
    0x20000004   0x0800ab24   0x00000004   Data   RW          134    .data.SystemCoreClock  system_gd32f4xx.o
    0x20000008   0x0800ab28   0x00000002   Data   RW         1271    .data.g_next_pid    myrtos_process.o
    0x2000000a   0x0800ab2a   0x00000006   PAD
    0x20000010        -       0x00000100   Zero   RW         1115    .bss.Log_Output.formatted_log  myrtos_log.o
    0x20000110        -       0x00000084   Zero   RW         1039    .bss.MyRTOS_AsyncVPrintf.request  myrtos_asyncio.o
    0x20000194        -       0x00000004   Zero   RW          822    .bss.allTaskListHead  myrtos_init.o
    0x20000198        -       0x00000001   Zero   RW          838    .bss.blockAllocatedBit  myrtos_memory.o
    0x20000199   0x0800ab2a   0x00000003   PAD
    0x2000019c        -       0x00000004   Zero   RW          839    .bss.blockLinkEnd   myrtos_memory.o
    0x200001a0        -       0x00000004   Zero   RW          823    .bss.currentTask    myrtos_init.o
    0x200001a4        -       0x00000004   Zero   RW          876    .bss.delayedTaskListHead  myrtos_scheduler.o
    0x200001a8        -       0x00000004   Zero   RW          837    .bss.freeBytesRemaining  myrtos_memory.o
    0x200001ac        -       0x00000004   Zero   RW           85    .bss.g_a_task_h     main.o
    0x200001b0        -       0x00000004   Zero   RW         1166    .bss.g_active_timer_list_head  myrtos_timer.o
    0x200001b4        -       0x00000004   Zero   RW         1038    .bss.g_async_request_lock  myrtos_asyncio.o
    0x200001b8        -       0x00000004   Zero   RW           86    .bss.g_b_task_h     main.o
    0x200001bc        -       0x00000004   Zero   RW           88    .bss.g_background_task_h  main.o
    0x200001c0        -       0x00000004   Zero   RW           93    .bss.g_bootstrap_task_h  main.o
    0x200001c4        -       0x00000004   Zero   RW           94    .bss.g_c_task_h     main.o
    0x200001c8        -       0x00000008   Zero   RW         1359    .bss.g_console_stream_instance  platform_console.o
    0x200001d0        -       0x00000004   Zero   RW           75    .bss.g_consumer_task_h  main.o
    0x200001d4        -       0x00000004   Zero   RW           87    .bss.g_d_task_h     main.o
    0x200001d8        -       0x00000001   Zero   RW         1019    .bss.g_extension_count  myrtos_extension.o
    0x200001d9   0x0800ab2a   0x00000003   PAD
    0x200001dc        -       0x00000020   Zero   RW         1020    .bss.g_extensions   myrtos_extension.o
    0x200001fc        -       0x00000004   Zero   RW         1135    .bss.g_get_hires_timer_value  myrtos_monitor.o
    0x20000200        -       0x00000004   Zero   RW           89    .bss.g_high_prio_task_h  main.o
    0x20000204        -       0x00000004   Zero   RW           77    .bss.g_inspector_task_h  main.o
    0x20000208        -       0x00000004   Zero   RW           70    .bss.g_interrupt_task_h  main.o
    0x2000020c        -       0x00000004   Zero   RW           71    .bss.g_isr_semaphore  main.o
    0x20000210        -       0x00000004   Zero   RW           82    .bss.g_isr_test_task_h  main.o
    0x20000214        -       0x00000004   Zero   RW         1137    .bss.g_last_switch_time  myrtos_monitor.o
    0x20000218        -       0x00000068   Zero   RW         1113    .bss.g_log_context  myrtos_log.o
    0x20000280        -       0x00000004   Zero   RW         1114    .bss.g_log_format_lock  myrtos_log.o
    0x20000284        -       0x00000004   Zero   RW         1506    .bss.g_logall_listener_h  shell_log.o
    0x20000288        -       0x00000004   Zero   RW         1136    .bss.g_min_ever_free_bytes  myrtos_monitor.o
    0x2000028c        -       0x00000004   Zero   RW           73    .bss.g_perio_timer_h  main.o
    0x20000290        -       0x00000004   Zero   RW           78    .bss.g_printer_semaphore  main.o
    0x20000294        -       0x00000004   Zero   RW           79    .bss.g_printer_task1_h  main.o
    0x20000298        -       0x00000004   Zero   RW           80    .bss.g_printer_task2_h  main.o
    0x2000029c        -       0x00000004   Zero   RW           81    .bss.g_printer_task3_h  main.o
    0x200002a0        -       0x00000004   Zero   RW         1269    .bss.g_process_list_head  myrtos_process.o
    0x200002a4        -       0x00000004   Zero   RW         1266    .bss.g_process_lock  myrtos_process.o
    0x200002a8        -       0x00000540   Zero   RW         1267    .bss.g_process_pool  myrtos_process.o
    0x200007e8        -       0x00000004   Zero   RW           76    .bss.g_producer_task_h  main.o
    0x200007ec        -       0x00000004   Zero   RW           74    .bss.g_product_queue  main.o
    0x200007f0        -       0x00000004   Zero   RW         1270    .bss.g_program_count  myrtos_process.o
    0x200007f4        -       0x00000040   Zero   RW         1268    .bss.g_program_registry  myrtos_process.o
    0x20000834        -       0x00000004   Zero   RW           83    .bss.g_recursive_lock  main.o
    0x20000838        -       0x00000004   Zero   RW           84    .bss.g_recursive_task_h  main.o
    0x2000083c        -       0x00000004   Zero   RW         1037    .bss.g_request_queue  myrtos_asyncio.o
    0x20000840        -       0x00000080   Zero   RW         1363    .bss.g_rx_buffer    platform_console.o
    0x200008c0        -       0x00000002   Zero   RW         1362    .bss.g_rx_read_index  platform_console.o
    0x200008c2   0x0800ab2a   0x00000002   PAD
    0x200008c4        -       0x00000004   Zero   RW         1360    .bss.g_rx_semaphore  platform_console.o
    0x200008c8        -       0x00000002   Zero   RW         1361    .bss.g_rx_write_index  platform_console.o
    0x200008ca        -       0x00000001   Zero   RW          820    .bss.g_scheduler_started  myrtos_init.o
    0x200008cb   0x0800ab2a   0x00000001   PAD
    0x200008cc        -       0x00000004   Zero   RW           72    .bss.g_single_timer_h  main.o
    0x200008d0        -       0x00000004   Zero   RW           92    .bss.g_suspend_resume_test_task_h  main.o
    0x200008d4        -       0x00000004   Zero   RW         1088    .bss.g_system_stderr  myrtos_io.o
    0x200008d8        -       0x00000004   Zero   RW         1086    .bss.g_system_stdin  myrtos_io.o
    0x200008dc        -       0x00000004   Zero   RW         1087    .bss.g_system_stdout  myrtos_io.o
    0x200008e0        -       0x00000004   Zero   RW           91    .bss.g_target_task_h  main.o
    0x200008e4   0x0800ab2a   0x00000004   PAD
    0x200008e8        -       0x00000400   Zero   RW         1134    .bss.g_task_stats_map  myrtos_monitor.o
    0x20000ce8        -       0x00000400   Zero   RW         1089    .bss.g_task_stdio_map  myrtos_io.o
    0x200010e8        -       0x00000004   Zero   RW         1165    .bss.g_timer_command_queue  myrtos_timer.o
    0x200010ec        -       0x00000004   Zero   RW         1164    .bss.g_timer_service_task_handle  myrtos_timer.o
    0x200010f0        -       0x00000004   Zero   RW           90    .bss.g_timer_test_task_h  main.o
    0x200010f4        -       0x00000004   Zero   RW         1206    .bss.g_vts          myrtos_vts.o
    0x200010f8        -       0x00000004   Zero   RW          824    .bss.idleTask       myrtos_init.o
    0x200010fc        -       0x00000080   Zero   RW          874    .bss.readyTaskLists  myrtos_scheduler.o
    0x2000117c   0x0800ab2a   0x00000004   PAD
    0x20001180        -       0x0001b800   Zero   RW          841    .bss.rtos_memory_pool  myrtos_memory.o
    0x2001c980        -       0x00000004   Zero   RW         1322    .bss.s_boot_config  myrtos_boot.o
    0x2001c984        -       0x00000008   Zero   RW          840    .bss.start          myrtos_memory.o
    0x2001c98c   0x0800ab2a   0x00000004   PAD
    0x2001c990        -       0x00000008   Zero   RW         1004    .bss.systemTickCount  myrtos_tick.o
    0x2001c998        -       0x00000008   Zero   RW          915    .bss.taskIdBitmap   myrtos_task.o
    0x2001c9a0        -       0x00000004   Zero   RW          875    .bss.topReadyPriority  myrtos_scheduler.o
    0x2001c9a4        -       0x00000004   Zero   RW         1305    .bss.uxCriticalNesting  arm_cm4f.o
    0x2001c9a8        -       0x00000400   Zero   RW          120    STACK               startup_gd32f407_427.o


==============================================================================

Image component sizes


      Code (inc. data)   RO Data    RW Data    ZI Data      Debug   Object Name

       576          8          0          0          4       8452   arm_cm4f.o
       186          0          0          0          0       3329   gd32f4xx_exti.o
       272          0          0          0          0       5366   gd32f4xx_gpio.o
        10          0          0          0          0        712   gd32f4xx_it.o
       186          0          0          0          0       3729   gd32f4xx_misc.o
      1144         54          8          0          0      18932   gd32f4xx_rcu.o
       132          4          0          0          0       3966   gd32f4xx_syscfg.o
       530          0          0          0          0      21522   gd32f4xx_timer.o
       518          0          0          0          0      13553   gd32f4xx_usart.o
       304        128         69          0          0       2296   init_main.o
       412        144        289          0          0       2627   log_main.o
      5708       1904       1457          0        100      16176   main.o
       344          8          0          0        140       2835   myrtos_asyncio.o
       886        260        387          0          4       4198   myrtos_boot.o
       168          0          0          0         33       3811   myrtos_extension.o
       190         12          0          0         13       3828   myrtos_init.o
       830          0         12          0       1036      10787   myrtos_io.o
       700         44          0          0        364       4927   myrtos_log.o
       590          0          0          0     112657       5720   myrtos_memory.o
       878          6          0          0       1036       7734   myrtos_monitor.o
       600          0          0          0          0       4649   myrtos_mutex.o
      3482        748        103          2       1420      17682   myrtos_process.o
       724          0          0          0          0       4494   myrtos_queue.o
       868          0          0          0        136       6649   myrtos_scheduler.o
       454          0          0          0          0       4082   myrtos_semaphore.o
       426          0          0          0          0       4718   myrtos_signal.o
      1488         12          0          0          8       8377   myrtos_task.o
       180          0          0          0          8       3372   myrtos_tick.o
       720         12          0          0         12       5934   myrtos_timer.o
        34          0          0          0          0       1024   myrtos_utils.o
      1230         56          4          0          4       6669   myrtos_vts.o
       580          0         12          0        144       8024   platform_console.o
       164         48          0          0          0       2578   platform_error_handler.o
       972        136         71          0          0       5158   platform_hooks.o
       176          0          0          0          0       2784   platform_hw.o
       108          0          0          0          0       2469   platform_timer.o
       156         76          0          0          0       1526   shell_builtin.o
       968          0          3          0          0       6821   shell_core.o
      1080        484        295          0          4       4303   shell_log.o
       544        184        139          0          0       3084   shell_monitor.o
        92         48          0          0          0       1257   shell_platform.o
      2548        840        940          0          0       8844   shell_process.o
       808        132         43          0          0       3203   shell_process_main.o
      1144        344        419          0          0       4070   shell_sysinfo.o
        36          8        392          0       1024        936   startup_gd32f407_427.o
       342          0          0          4          0       2545   system_gd32f4xx.o

    ----------------------------------------------------------------------
     34656       5700       4676          8     118172     269752   Object Totals
         0          0         32          0          0          0   (incl. Generated)
       168          0          1          2         25          0   (incl. Padding)

    ----------------------------------------------------------------------

      Code (inc. data)   RO Data    RW Data    ZI Data      Debug   Library Member Name

        28          0          0          0          0         68   _chval.o
       158          0          0          0          0         92   _strtoul.o
        26          0          0          0          0         80   atoi.o
         8          4        133          0          0         68   ctype_o.o
         0          0          0          0          0          0   entry.o
         0          0          0          0          0          0   entry10a.o
         0          0          0          0          0          0   entry11a.o
         8          4          0          0          0          0   entry2.o
         4          0          0          0          0          0   entry5.o
         0          0          0          0          0          0   entry7b.o
         0          0          0          0          0          0   entry8b.o
         8          4          0          0          0          0   entry9a.o
         8          4          0          4          0         68   errno.o
        30          0          0          0          0          0   handlers.o
        48         10          0          0          0         68   init.o
         0          0          0          0          0          0   iusefp.o
        30          0          0          0          0         68   llshl.o
        36          0          0          0          0         68   llsshr.o
        32          0          0          0          0         68   llushr.o
        64          0          0          0          0         76   memmovea.o
        36          0          0          0          0        108   memseta.o
      2352         90          0          0          0        604   printfa.o
        42          0          0          0          0         84   strcasecmp.o
        28          0          0          0          0         76   strcmp.o
        18          0          0          0          0         68   strcpy.o
        14          0          0          0          0         68   strlen.o
        24          0          0          0          0         76   strncpy.o
       112          0          0          0          0         88   strtol.o
        12          0          0          0          0         68   tolower.o
        44          0          0          0          0         80   uidiv.o
        98          0          0          0          0         92   uldiv.o
        48          0          0          0          0         68   cdrcmple.o
       334          0          0          0          0        148   dadd.o
       222          0          0          0          0        100   ddiv.o
       186          0          0          0          0        176   depilogue.o
        48          0          0          0          0         68   dfixul.o
       228          0          0          0          0         96   dmul.o

    ----------------------------------------------------------------------
      4340        116        136          4          0       2792   Library Totals
         6          0          3          0          0          0   (incl. Padding)

    ----------------------------------------------------------------------

      Code (inc. data)   RO Data    RW Data    ZI Data      Debug   Library Name

      3268        116        133          4          0       2136   mc_w.l
      1066          0          0          0          0        656   mf_w.l

    ----------------------------------------------------------------------
      4340        116        136          4          0       2792   Library Totals

    ----------------------------------------------------------------------

==============================================================================


      Code (inc. data)   RO Data    RW Data    ZI Data      Debug   

     38996       5816       4812         12     118172     270412   Grand Totals
     38996       5816       4812         12     118172     270412   ELF Image Totals
     38996       5816       4812         12          0          0   ROM Totals

==============================================================================

    Total RO  Size (Code + RO Data)                43808 (  42.78kB)
    Total RW  Size (RW Data + ZI Data)            118184 ( 115.41kB)
    Total ROM Size (Code + RO Data + RW Data)      43820 (  42.79kB)

==============================================================================

